<html>
<body>
<pre>
<h1>µVision Build Log</h1>
<h2>Tool Versions:</h2>
IDE-Version: ¦ÌVision V5.27.1.0
Copyright (C) 2019 ARM Ltd and ARM Germany GmbH. All rights reserved.
License Information: mw Microsoft, Microsoft, LIC=7YKZ9-4Z4EA-PH789-4SYTN-QS64X-ESYU5
 
Tool Versions:
Toolchain:       MDK-ARM Professional  Version: 5.27.1.0
Toolchain Path:  C:\Keil_v5\ARM\ARMCC\Bin
C Compiler:      Armcc.exe V5.06 update 6 (build 750)
Assembler:       Armasm.exe V5.06 update 6 (build 750)
Linker/Locator:  ArmLink.exe V5.06 update 6 (build 750)
Library Manager: ArmAr.exe V5.06 update 6 (build 750)
Hex Converter:   FromElf.exe V5.06 update 6 (build 750)
CPU DLL:         SARMCM3.DLL V5.27.1.0
Dialog DLL:      DARMSTM.DLL V1.68.0.0
Target DLL:      UL2CM3.DLL V1.162.15.0
Dialog DLL:      TCM.DLL V1.36.1.0
 
<h2>Project:</h2>
E:\git\nano313finsh\nano313.uvprojx
Project File Date:  12/18/2019

<h2>Output:</h2>
*** Using Compiler 'V5.06 update 6 (build 750)', folder: 'C:\Keil_v5\ARM\ARMCC\Bin'
Build target 'Target 1'
compiling board.c...
linking...
Program Size: Code=15486 RO-data=962 RW-data=232 ZI-data=6464  
".\Objects\nano313.axf" - 0 Error(s), 0 Warning(s).

<h2>Software Packages used:</h2>

Package Vendor: ARM
                http://www.keil.com/pack/ARM.CMSIS.5.5.1.pack
                ARM.CMSIS.5.5.1
                CMSIS (Cortex Microcontroller Software Interface Standard)
   * Component: CORE Version: 5.2.0

Package Vendor: RealThread
                https://www.rt-thread.org/download/mdk/RealThread.RT-Thread.3.1.3.pack
                RealThread.RT-Thread.3.1.3
                RT-Thread Software Components
   * Component: kernel Version: 3.1.3
   * Component: shell Version: 3.1.3

Package Vendor: Keil
                http://www.keil.com/pack/Keil.STM32F1xx_DFP.1.0.5.pack
                Keil.STM32F1xx_DFP.1.0.5
                STMicroelectronics STM32F1 Series Device Support, Drivers and Examples
   * Component: Startup Version: 1.0.0
   * Component: Framework Version: 3.5.1
   * Component: GPIO Version: 3.5.0
   * Component: RCC Version: 3.5.0
   * Component: USART Version: 3.5.0

<h2>Collection of Component include folders:</h2>
  .\RTE\Device\STM32F103C8
  .\RTE\RTOS
  .\RTE\_Target_1
  C:\Users\Administrator\AppData\Local\Arm\Packs\ARM\CMSIS\5.5.1\CMSIS\Core\Include
  C:\Users\Administrator\AppData\Local\Arm\Packs\Keil\STM32F1xx_DFP\1.0.5\Device\Include
  C:\Users\Administrator\AppData\Local\Arm\Packs\Keil\STM32F1xx_DFP\1.0.5\Device\StdPeriph_Driver\inc
  C:\Users\Administrator\AppData\Local\Arm\Packs\RealThread\RT-Thread\3.1.3\components\finsh
  C:\Users\Administrator\AppData\Local\Arm\Packs\RealThread\RT-Thread\3.1.3\include

<h2>Collection of Component Files used:</h2>

   * Component: ARM::CMSIS:CORE:5.2.0

   * Component: Keil::Device:Startup:1.0.0
      Source file:   Device\Source\ARM\STM32F1xx_OPT.s
      Source file:   Device\Source\ARM\startup_stm32f10x_md.s
      Source file:   Device\Source\system_stm32f10x.c
      Include file:  RTE_Driver\Config\RTE_Device.h

   * Component: Keil::Device:StdPeriph Drivers:Framework:3.5.1
      Source file:   Device\StdPeriph_Driver\src\misc.c
      Source file:   Device\StdPeriph_Driver\templates\stm32f10x_conf.h
      Source file:   Device\StdPeriph_Driver\templates\stm32f10x_it.c

   * Component: Keil::Device:StdPeriph Drivers:GPIO:3.5.0
      Include file:  Device\StdPeriph_Driver\inc\stm32f10x_gpio.h
      Source file:   Device\StdPeriph_Driver\src\stm32f10x_gpio.c

   * Component: Keil::Device:StdPeriph Drivers:RCC:3.5.0
      Include file:  Device\StdPeriph_Driver\inc\stm32f10x_rcc.h
      Source file:   Device\StdPeriph_Driver\src\stm32f10x_rcc.c

   * Component: Keil::Device:StdPeriph Drivers:USART:3.5.0
      Include file:  Device\StdPeriph_Driver\inc\stm32f10x_usart.h
      Source file:   Device\StdPeriph_Driver\src\stm32f10x_usart.c

   * Component: RealThread.RT-Thread::RTOS:kernel:3.1.3
      Include file:  bsp\rtconfig.h
      Source file:   bsp\board.c
      Source file:   src\clock.c
      Source file:   src\components.c
      Source file:   src\idle.c
      Source file:   src\ipc.c
      Source file:   src\irq.c
      Source file:   src\kservice.c
      Source file:   src\mem.c
      Source file:   src\object.c
      Source file:   src\scheduler.c
      Source file:   src\thread.c
      Source file:   src\timer.c
      Source file:   libcpu\arm\cortex-m3\cpuport.c
      Source file:   libcpu\arm\cortex-m3\context_rvds.S

   * Component: RealThread.RT-Thread::RTOS:shell:3.1.3
      Source file:   components\finsh\shell.c
      Source file:   components\finsh\cmd.c
      Source file:   components\finsh\msh.c
Build Time Elapsed:  00:00:02
</pre>
</body>
</html>
