Component: ARM Compiler 5.06 update 6 (build 750) Tool: armlink [4d35ed]

==============================================================================

Section Cross References

    mian.o(i.main) refers to kservice.o(i.rt_kprintf) for rt_kprintf
    mian.o(i.main) refers to usart2.o(i.usart2_init) for usart2_init
    mian.o(i.main) refers to usart3.o(i.usart3_init) for usart3_init
    mian.o(i.main) refers to thread.o(i.rt_thread_create) for rt_thread_create
    mian.o(i.main) refers to thread.o(i.rt_thread_startup) for rt_thread_startup
    mian.o(i.main) refers to timer.o(i.rt_timer_create) for rt_timer_create
    mian.o(i.main) refers to timer.o(i.rt_timer_start) for rt_timer_start
    mian.o(i.main) refers to thread_mw.o(i.loop) for loop
    mian.o(i.main) refers to mian.o(.data) for tid1
    mian.o(i.main) refers to thread_mw.o(i.refresh_state) for refresh_state
    mian.o(i.main) refers to thread_mw.o(i.rc522) for rc522
    mian.o(i.main) refers to thread_mw.o(i.sensor) for sensor
    mian.o(i.main) refers to thread_mw.o(i.ds1302) for ds1302
    mian.o(i.main) refers to thread_mw.o(i.save_t) for save_t
    mian.o(i.main) refers to thread_mw.o(i.time_thread) for time_thread
    mian.o(i.main) refers to thread_mw.o(i.timer1_f) for timer1_f
    thread_mw.o(i.sys_printf) refers to kservice.o(i.rt_kprintf) for rt_kprintf
    thread_mw.o(i.sys_printf) refers to kservice.o(i.rt_strcmp) for rt_strcmp
    thread_mw.o(i.sys_printf) refers to thread_mw.o(.data) for printf_buf
    thread_mw.o(i.time_thread) refers to clock.o(i.rt_tick_get) for rt_tick_get
    thread_mw.o(i.time_thread) refers to kservice.o(i.rt_kprintf) for rt_kprintf
    thread_mw.o(i.time_thread) refers to thread.o(i.rt_thread_delay) for rt_thread_delay
    thread_mw.o(i.time_thread) refers to thread_mw.o(.data) for printf_buf
    thread_mw.o(i.timer1_f) refers to timer.o(i.rt_timer_stop) for rt_timer_stop
    thread_mw.o(i.timer1_f) refers to usart2.o(i.Task_Pc2) for Task_Pc2
    thread_mw.o(i.timer1_f) refers to usart3.o(i.Task_Pc3) for Task_Pc3
    thread_mw.o(i.timer1_f) refers to timer.o(i.rt_timer_start) for rt_timer_start
    thread_mw.o(i.timer1_f) refers to mian.o(.data) for timer1
    thread_mw.o(i.timer1_f) refers to usart2.o(.data) for Rx_Tm2
    thread_mw.o(i.timer1_f) refers to usart3.o(.data) for Rx_Tm3
    thread_mw.o(FSymTab) refers to thread_mw.o(.constdata) for __fsym___cmd_sys_printf_name
    thread_mw.o(FSymTab) refers to thread_mw.o(i.sys_printf) for sys_printf
    usart1.o(i.PcTx_String1) refers to usart1.o(i.PcTx_Byte1) for PcTx_Byte1
    usart1.o(i.USART1_IRQHandler) refers to irq.o(i.rt_interrupt_enter) for rt_interrupt_enter
    usart1.o(i.USART1_IRQHandler) refers to irq.o(i.rt_interrupt_leave) for rt_interrupt_leave
    usart1.o(i.USART1_IRQHandler) refers to usart1.o(.data) for Rx_End1
    usart1.o(i.USART1_IRQHandler) refers to usart1.o(.bss) for Rx_Buf1
    usart1.o(i.rt_hw_console_getchar) refers to thread.o(i.rt_thread_delay) for rt_thread_delay
    usart1.o(i.rt_hw_console_getchar) refers to rt_memclr.o(.text) for __aeabi_memclr
    usart1.o(i.rt_hw_console_getchar) refers to usart1.o(.data) for Rx_Tm1
    usart1.o(i.rt_hw_console_getchar) refers to usart1.o(.bss) for Rx_Buf1
    usart1.o(i.rt_hw_console_output) refers to kservice.o(i.rt_strlen) for rt_strlen
    usart1.o(i.rt_hw_console_output) refers to stm32f10x_usart.o(i.USART_SendData) for USART_SendData
    usart1.o(i.rt_hw_console_output) refers to stm32f10x_usart.o(i.USART_GetFlagStatus) for USART_GetFlagStatus
    usart1.o(i.usart1_init) refers to stm32f10x_rcc.o(i.RCC_APB2PeriphClockCmd) for RCC_APB2PeriphClockCmd
    usart1.o(i.usart1_init) refers to stm32f10x_gpio.o(i.GPIO_Init) for GPIO_Init
    usart1.o(i.usart1_init) refers to misc.o(i.NVIC_Init) for NVIC_Init
    usart1.o(i.usart1_init) refers to stm32f10x_usart.o(i.USART_Init) for USART_Init
    usart1.o(i.usart1_init) refers to stm32f10x_usart.o(i.USART_ITConfig) for USART_ITConfig
    usart1.o(i.usart1_init) refers to stm32f10x_usart.o(i.USART_Cmd) for USART_Cmd
    usart1.o(i.usart_auto_init) refers to usart1.o(i.usart1_init) for usart1_init
    usart1.o(.rti_fn.1) refers to usart1.o(i.usart_auto_init) for usart_auto_init
    usart2.o(i.PcTx_String2) refers to usart2.o(i.PcTx_Byte2) for PcTx_Byte2
    usart2.o(i.Task_Pc2) refers to rt_memclr.o(.text) for __aeabi_memclr
    usart2.o(i.Task_Pc2) refers to usart2.o(.data) for Rx_End2
    usart2.o(i.Task_Pc2) refers to usart2.o(.bss) for Rx_Buf2
    usart2.o(i.USART2_IRQHandler) refers to irq.o(i.rt_interrupt_enter) for rt_interrupt_enter
    usart2.o(i.USART2_IRQHandler) refers to irq.o(i.rt_interrupt_leave) for rt_interrupt_leave
    usart2.o(i.USART2_IRQHandler) refers to usart2.o(.data) for Rx_End2
    usart2.o(i.USART2_IRQHandler) refers to usart2.o(.bss) for Rx_Buf2
    usart2.o(i.usart2_init) refers to fflt_clz.o(x$fpl$ffltu) for __aeabi_ui2f
    usart2.o(i.usart2_init) refers to fdiv.o(x$fpl$fdiv) for __aeabi_fdiv
[...]
    i.rt_memmove                             0x08002d58   Section        0  kservice.o(i.rt_memmove)
    i.rt_memset                              0x08002d9a   Section        0  kservice.o(i.rt_memset)
    i.rt_object_allocate                     0x08002de2   Section        0  object.o(i.rt_object_allocate)
    i.rt_object_delete                       0x08002e36   Section        0  object.o(i.rt_object_delete)
    i.rt_object_detach                       0x08002e5a   Section        0  object.o(i.rt_object_detach)
    i.rt_object_get_information              0x08002e78   Section        0  object.o(i.rt_object_get_information)
    i.rt_object_init                         0x08002ea0   Section        0  object.o(i.rt_object_init)
    i.rt_object_is_systemobject              0x08002ef6   Section        0  object.o(i.rt_object_is_systemobject)
    i.rt_schedule                            0x08002f08   Section        0  scheduler.o(i.rt_schedule)
    i.rt_schedule_insert_thread              0x08002f8c   Section        0  scheduler.o(i.rt_schedule_insert_thread)
    i.rt_schedule_remove_thread              0x08002fdc   Section        0  scheduler.o(i.rt_schedule_remove_thread)
    i.rt_sem_init                            0x08003030   Section        0  ipc.o(i.rt_sem_init)
    i.rt_sem_release                         0x08003056   Section        0  ipc.o(i.rt_sem_release)
    i.rt_sem_take                            0x08003090   Section        0  ipc.o(i.rt_sem_take)
    i.rt_show_version                        0x08003104   Section        0  kservice.o(i.rt_show_version)
    i.rt_strcmp                              0x080031b4   Section        0  kservice.o(i.rt_strcmp)
    i.rt_strlen                              0x080031d0   Section        0  kservice.o(i.rt_strlen)
    i.rt_strncpy                             0x080031e2   Section        0  kservice.o(i.rt_strncpy)
    i.rt_system_heap_init                    0x08003218   Section        0  mem.o(i.rt_system_heap_init)
    i.rt_system_scheduler_init               0x08003310   Section        0  scheduler.o(i.rt_system_scheduler_init)
    i.rt_system_scheduler_start              0x0800335c   Section        0  scheduler.o(i.rt_system_scheduler_start)
    i.rt_system_timer_init                   0x0800338c   Section        0  timer.o(i.rt_system_timer_init)
    i.rt_system_timer_thread_init            0x080033a8   Section        0  timer.o(i.rt_system_timer_thread_init)
    i.rt_thread_create                       0x080033aa   Section        0  thread.o(i.rt_thread_create)
    i.rt_thread_delay                        0x080033fa   Section        0  thread.o(i.rt_thread_delay)
    i.rt_thread_exit                         0x08003408   Section        0  thread.o(i.rt_thread_exit)
    i.rt_thread_idle_entry                   0x0800345c   Section        0  idle.o(i.rt_thread_idle_entry)
    rt_thread_idle_entry                     0x0800345d   Thumb Code     8  idle.o(i.rt_thread_idle_entry)
    i.rt_thread_idle_excute                  0x08003464   Section        0  idle.o(i.rt_thread_idle_excute)
    i.rt_thread_idle_init                    0x080034f0   Section        0  idle.o(i.rt_thread_idle_init)
    i.rt_thread_init                         0x0800352c   Section        0  thread.o(i.rt_thread_init)
    i.rt_thread_resume                       0x08003560   Section        0  thread.o(i.rt_thread_resume)
    i.rt_thread_self                         0x0800359c   Section        0  thread.o(i.rt_thread_self)
    i.rt_thread_sleep                        0x080035a8   Section        0  thread.o(i.rt_thread_sleep)
    i.rt_thread_startup                      0x080035ec   Section        0  thread.o(i.rt_thread_startup)
    i.rt_thread_suspend                      0x08003618   Section        0  thread.o(i.rt_thread_suspend)
    i.rt_thread_timeout                      0x0800365c   Section        0  thread.o(i.rt_thread_timeout)
    i.rt_thread_yield                        0x0800367c   Section        0  thread.o(i.rt_thread_yield)
    i.rt_tick_get                            0x080036e0   Section        0  clock.o(i.rt_tick_get)
    i.rt_tick_increase                       0x080036ec   Section        0  clock.o(i.rt_tick_increase)
    i.rt_timer_check                         0x0800371c   Section        0  timer.o(i.rt_timer_check)
    i.rt_timer_control                       0x08003798   Section        0  timer.o(i.rt_timer_control)
    i.rt_timer_create                        0x080037d0   Section        0  timer.o(i.rt_timer_create)
    i.rt_timer_detach                        0x08003806   Section        0  timer.o(i.rt_timer_detach)
    i.rt_timer_init                          0x08003826   Section        0  timer.o(i.rt_timer_init)
    i.rt_timer_start                         0x08003854   Section        0  timer.o(i.rt_timer_start)
    i.rt_timer_stop                          0x0800394c   Section        0  timer.o(i.rt_timer_stop)
    i.rt_vsnprintf                           0x0800397c   Section        0  kservice.o(i.rt_vsnprintf)
    i.rti_board_end                          0x08003cac   Section        0  components.o(i.rti_board_end)
    rti_board_end                            0x08003cad   Thumb Code     4  components.o(i.rti_board_end)
    i.rti_board_start                        0x08003cb0   Section        0  components.o(i.rti_board_start)
    rti_board_start                          0x08003cb1   Thumb Code     4  components.o(i.rti_board_start)
    i.rti_end                                0x08003cb4   Section        0  components.o(i.rti_end)
    rti_end                                  0x08003cb5   Thumb Code     4  components.o(i.rti_end)
    i.rti_start                              0x08003cb8   Section        0  components.o(i.rti_start)
    rti_start                                0x08003cb9   Thumb Code     4  components.o(i.rti_start)
    i.rtthread_startup                       0x08003cbc   Section        0  components.o(i.rtthread_startup)
    i.save_t                                 0x08003ce6   Section        0  thread_mw.o(i.save_t)
    i.sensor                                 0x08003ce8   Section        0  thread_mw.o(i.sensor)
    i.shell_auto_complete                    0x08003cec   Section        0  shell.o(i.shell_auto_complete)
    shell_auto_complete                      0x08003ced   Thumb Code    42  shell.o(i.shell_auto_complete)
    i.show_wait_queue                        0x08003d24   Section        0  cmd.o(i.show_wait_queue)
    show_wait_queue                          0x08003d25   Thumb Code    40  cmd.o(i.show_wait_queue)
    i.skip_atoi                              0x08003d54   Section        0  kservice.o(i.skip_atoi)
    skip_atoi                                0x08003d55   Thumb Code    38  kservice.o(i.skip_atoi)
    i.str_common                             0x08003d7a   Section        0  msh.o(i.str_common)
    str_common                               0x08003d7b   Thumb Code    32  msh.o(i.str_common)
    i.sys_printf                             0x08003d9c   Section        0  thread_mw.o(i.sys_printf)
    sys_printf                               0x08003d9d   Thumb Code    64  thread_mw.o(i.sys_printf)
    i.time_thread                            0x08003e40   Section        0  thread_mw.o(i.time_thread)
    i.timer1_f                               0x08003f24   Section        0  thread_mw.o(i.timer1_f)
    i.usage_fault_track                      0x08003f80   Section        0  cpuport.o(i.usage_fault_track)
    usage_fault_track                        0x08003f81   Thumb Code   122  cpuport.o(i.usage_fault_track)
    i.usart1_init                            0x08004068   Section        0  usart1.o(i.usart1_init)
    i.usart2_init                            0x08004108   Section        0  usart2.o(i.usart2_init)
    i.usart3_init                            0x080042b0   Section        0  usart3.o(i.usart3_init)
    i.usart_auto_init                        0x0800445c   Section        0  usart1.o(i.usart_auto_init)
    i.version                                0x0800446c   Section        0  cmd.o(i.version)
    x$fpl$fadd                               0x08004478   Section      196  faddsub_clz.o(x$fpl$fadd)
    _fadd1                                   0x08004487   Thumb Code     0  faddsub_clz.o(x$fpl$fadd)
    x$fpl$fdiv                               0x0800453c   Section      388  fdiv.o(x$fpl$fdiv)
    _fdiv1                                   0x0800453d   Thumb Code     0  fdiv.o(x$fpl$fdiv)
    x$fpl$ffixu                              0x080046c0   Section       62  ffixu.o(x$fpl$ffixu)
    x$fpl$ffltu                              0x08004700   Section       38  fflt_clz.o(x$fpl$ffltu)
    x$fpl$fmul                               0x08004728   Section      258  fmul.o(x$fpl$fmul)
    x$fpl$fnaninf                            0x0800482a   Section      140  fnaninf.o(x$fpl$fnaninf)
    x$fpl$fretinf                            0x080048b6   Section       10  fretinf.o(x$fpl$fretinf)
    x$fpl$frsb                               0x080048c0   Section       20  faddsub_clz.o(x$fpl$frsb)
    x$fpl$fsub                               0x080048d4   Section      234  faddsub_clz.o(x$fpl$fsub)
    _fsub1                                   0x080048e3   Thumb Code     0  faddsub_clz.o(x$fpl$fsub)
    .constdata                               0x080049be   Section       17  thread_mw.o(.constdata)
    x$fpl$usenofp                            0x080049be   Section        0  usenofp.o(x$fpl$usenofp)
    .constdata                               0x080049cf   Section      147  cmd.o(.constdata)
    .constdata                               0x08004a62   Section       31  msh.o(.constdata)
    .constdata                               0x08004a81   Section      290  kservice.o(.constdata)
    small_digits                             0x08004b81   Data          17  kservice.o(.constdata)
    large_digits                             0x08004b92   Data          17  kservice.o(.constdata)
    .constdata                               0x08004ba3   Section        9  mem.o(.constdata)
    .conststring                             0x08004bac   Section       68  cmd.o(.conststring)
    .rti_fn.0                                0x08004bf0   Section        4  components.o(.rti_fn.0)
    __tagsym$$used                           0x08004bf0   Number         0  components.o(.rti_fn.0)
    .rti_fn.0.end                            0x08004bf4   Section        4  components.o(.rti_fn.0.end)
    __tagsym$$used                           0x08004bf4   Number         0  components.o(.rti_fn.0.end)
    .rti_fn.1                                0x08004bf8   Section        4  usart1.o(.rti_fn.1)
    __tagsym$$used                           0x08004bf8   Number         0  usart1.o(.rti_fn.1)
    .rti_fn.1.end                            0x08004bfc   Section        4  components.o(.rti_fn.1.end)
    __tagsym$$used                           0x08004bfc   Number         0  components.o(.rti_fn.1.end)
    .rti_fn.6                                0x08004c00   Section        4  shell.o(.rti_fn.6)
    __tagsym$$used                           0x08004c00   Number         0  shell.o(.rti_fn.6)
    .rti_fn.6.end                            0x08004c04   Section        4  components.o(.rti_fn.6.end)
    __tagsym$$used                           0x08004c04   Number         0  components.o(.rti_fn.6.end)
    FSymTab                                  0x08004c08   Section        8  thread_mw.o(FSymTab)
    __tagsym$$used                           0x08004c08   Number         0  thread_mw.o(FSymTab)
    FSymTab                                  0x08004c10   Section       96  cmd.o(FSymTab)
    __tagsym$$used                           0x08004c10   Number         0  cmd.o(FSymTab)
    __tagsym$$used                           0x08004c18   Number         0  cmd.o(FSymTab)
    __tagsym$$used                           0x08004c20   Number         0  cmd.o(FSymTab)
    __tagsym$$used                           0x08004c28   Number         0  cmd.o(FSymTab)
    __tagsym$$used                           0x08004c30   Number         0  cmd.o(FSymTab)
    __tagsym$$used                           0x08004c38   Number         0  cmd.o(FSymTab)
    __tagsym$$used                           0x08004c40   Number         0  cmd.o(FSymTab)
    __tagsym$$used                           0x08004c48   Number         0  cmd.o(FSymTab)
    __tagsym$$used                           0x08004c50   Number         0  cmd.o(FSymTab)
    __tagsym$$used                           0x08004c58   Number         0  cmd.o(FSymTab)
    __tagsym$$used                           0x08004c60   Number         0  cmd.o(FSymTab)
    __tagsym$$used                           0x08004c68   Number         0  cmd.o(FSymTab)
    FSymTab                                  0x08004c70   Section       24  msh.o(FSymTab)
    __tagsym$$used                           0x08004c70   Number         0  msh.o(FSymTab)
    __tagsym$$used                           0x08004c78   Number         0  msh.o(FSymTab)
    __tagsym$$used                           0x08004c80   Number         0  msh.o(FSymTab)
    FSymTab                                  0x08004c88   Section        8  mem.o(FSymTab)
    __tagsym$$used                           0x08004c88   Number         0  mem.o(FSymTab)
    .data                                    0x20000000   Section       32  mian.o(.data)
    .data                                    0x20000020   Section        2  thread_mw.o(.data)
    .data                                    0x20000022   Section        8  usart1.o(.data)
    len                                      0x20000028   Data           1  usart1.o(.data)
    index                                    0x20000029   Data           1  usart1.o(.data)
    .data                                    0x2000002a   Section        6  usart2.o(.data)
    .data                                    0x20000030   Section        6  usart3.o(.data)
    .data                                    0x20000036   Section       20  stm32f10x_rcc.o(.data)
    APBAHBPrescTable                         0x20000036   Data          16  stm32f10x_rcc.o(.data)
    ADCPrescTable                            0x20000046   Data           4  stm32f10x_rcc.o(.data)
    .data                                    0x2000004c   Section       20  system_stm32f10x.o(.data)
    .data                                    0x20000060   Section       24  shell.o(.data)
    finsh_prompt_custom                      0x20000074   Data           4  shell.o(.data)
    .data                                    0x20000078   Section       16  cpuport.o(.data)
    rt_exception_hook                        0x20000084   Data           4  cpuport.o(.data)
    .data                                    0x20000088   Section        4  clock.o(.data)
    rt_tick                                  0x20000088   Data           4  clock.o(.data)
    .data                                    0x2000008c   Section        1  irq.o(.data)
    .data                                    0x20000090   Section       24  mem.o(.data)
    heap_ptr                                 0x20000090   Data           4  mem.o(.data)
    heap_end                                 0x20000094   Data           4  mem.o(.data)
    lfree                                    0x20000098   Data           4  mem.o(.data)
    mem_size_aligned                         0x2000009c   Data           4  mem.o(.data)
    used_mem                                 0x200000a0   Data           4  mem.o(.data)
    max_mem                                  0x200000a4   Data           4  mem.o(.data)
    .data                                    0x200000a8   Section       64  object.o(.data)
    rt_object_container                      0x200000a8   Data          64  object.o(.data)
    .data                                    0x200000e8   Section       24  scheduler.o(.data)
    rt_scheduler_lock_nest                   0x200000e8   Data           2  scheduler.o(.data)
    .data                                    0x20000100   Section       12  timer.o(.data)
    rt_timer_list                            0x20000100   Data           8  timer.o(.data)
    random_nr                                0x20000108   Data           4  timer.o(.data)
    .bss                                     0x2000010c   Section       64  usart1.o(.bss)
    .bss                                     0x2000014c   Section       64  usart2.o(.bss)
    .bss                                     0x2000018c   Section       64  usart3.o(.bss)
    .bss                                     0x200001cc   Section      129  shell.o(.bss)
    finsh_prompt                             0x200001cc   Data         129  shell.o(.bss)
    .bss                                     0x20000250   Section      376  idle.o(.bss)
    idle                                     0x20000250   Data         120  idle.o(.bss)
    rt_thread_stack                          0x200002c8   Data         256  idle.o(.bss)
    .bss                                     0x200003c8   Section      128  kservice.o(.bss)
    rt_log_buf                               0x200003c8   Data         128  kservice.o(.bss)
    .bss                                     0x20000448   Section       32  mem.o(.bss)
    heap_sem                                 0x20000448   Data          32  mem.o(.bss)
    .bss                                     0x20000468   Section       64  scheduler.o(.bss)
    .bss                                     0x200004a8   Section    12288  board.o(.bss)
    rt_heap                                  0x200004a8   Data       12288  board.o(.bss)
    .bss                                     0x200034a8   Section       96  libspace.o(.bss)
    HEAP                                     0x20003508   Section      512  startup_stm32f10x_md.o(HEAP)
    Heap_Mem                                 0x20003508   Data         512  startup_stm32f10x_md.o(HEAP)
    STACK                                    0x20003708   Section     1024  startup_stm32f10x_md.o(STACK)
    Stack_Mem                                0x20003708   Data        1024  startup_stm32f10x_md.o(STACK)
    __initial_sp                             0x20003b08   Data           0  startup_stm32f10x_md.o(STACK)

    Global Symbols

    Symbol Name                              Value     Ov Type        Size  Object(Section)

    BuildAttributes$$THM_ISAv4$P$D$K$B$S$PE$A:L22UL41UL21$X:L11$S22US41US21$IEEE1$IW$USESV6$~STKCKD$USESV7$~SHL$OSPACE$ROPI$EBA8$UX$STANDARDLIB$REQ8$PRES8$EABIv2 0x00000000   Number         0  anon$$obj.o ABSOLUTE
    __ARM_use_no_argv                        0x00000000   Number         0  mian.o ABSOLUTE
    __ARM_exceptions_init                     - Undefined Weak Reference
    __alloca_initialize                       - Undefined Weak Reference
    __arm_preinit_                            - Undefined Weak Reference
    __cpp_initialize__aeabi_                  - Undefined Weak Reference
    __cxa_finalize                            - Undefined Weak Reference
    __rt_locale                               - Undefined Weak Reference
    __sigvec_lookup                           - Undefined Weak Reference
    _atexit_init                              - Undefined Weak Reference
    _call_atexit_fns                          - Undefined Weak Reference
    _clock_init                               - Undefined Weak Reference
    _fp_trap_init                             - Undefined Weak Reference
    _fp_trap_shutdown                         - Undefined Weak Reference
    _get_lc_collate                           - Undefined Weak Reference
    _get_lc_ctype                             - Undefined Weak Reference
    _get_lc_monetary                          - Undefined Weak Reference
    _get_lc_numeric                           - Undefined Weak Reference
    _get_lc_time                              - Undefined Weak Reference
    _getenv_init                              - Undefined Weak Reference
    _handle_redirection                       - Undefined Weak Reference
    _init_alloc                               - Undefined Weak Reference
    _init_user_alloc                          - Undefined Weak Reference
    _initio                                   - Undefined Weak Reference
    _rand_init                                - Undefined Weak Reference
    _signal_finish                            - Undefined Weak Reference
    _signal_init                              - Undefined Weak Reference
    _terminate_alloc                          - Undefined Weak Reference
    _terminate_user_alloc                     - Undefined Weak Reference
    _terminateio                              - Undefined Weak Reference
    __Vectors_Size                           0x000000ec   Number         0  startup_stm32f10x_md.o ABSOLUTE
    __Vectors                                0x08000000   Data           4  startup_stm32f10x_md.o(RESET)
    __Vectors_End                            0x080000ec   Data           0  startup_stm32f10x_md.o(RESET)
    __main                                   0x080000ed   Thumb Code     8  __main.o(!!!main)
    __scatterload                            0x080000f5   Thumb Code     0  __scatter.o(!!!scatter)
    __scatterload_rt2                        0x080000f5   Thumb Code    44  __scatter.o(!!!scatter)
    __scatterload_rt2_thumb_only             0x080000f5   Thumb Code     0  __scatter.o(!!!scatter)
    __scatterload_null                       0x08000103   Thumb Code     0  __scatter.o(!!!scatter)
    __scatterload_copy                       0x08000129   Thumb Code    26  __scatter_copy.o(!!handler_copy)
    __scatterload_zeroinit                   0x08000145   Thumb Code    28  __scatter_zi.o(!!handler_zi)
    __rt_lib_init                            0x08000161   Thumb Code     0  libinit.o(.ARM.Collect$$libinit$$00000000)
    __rt_lib_init_alloca_1                   0x08000163   Thumb Code     0  libinit2.o(.ARM.Collect$$libinit$$0000002E)
    __rt_lib_init_argv_1                     0x08000163   Thumb Code     0  libinit2.o(.ARM.Collect$$libinit$$0000002C)
    __rt_lib_init_atexit_1                   0x08000163   Thumb Code     0  libinit2.o(.ARM.Collect$$libinit$$0000001B)
    __rt_lib_init_clock_1                    0x08000163   Thumb Code     0  libinit2.o(.ARM.Collect$$libinit$$00000021)
    __rt_lib_init_cpp_1                      0x08000163   Thumb Code     0  libinit2.o(.ARM.Collect$$libinit$$00000032)
    __rt_lib_init_exceptions_1               0x08000163   Thumb Code     0  libinit2.o(.ARM.Collect$$libinit$$00000030)
    __rt_lib_init_fp_1                       0x08000163   Thumb Code     0  libinit2.o(.ARM.Collect$$libinit$$00000002)
    __rt_lib_init_fp_trap_1                  0x08000163   Thumb Code     0  libinit2.o(.ARM.Collect$$libinit$$0000001F)
    __rt_lib_init_getenv_1                   0x08000163   Thumb Code     0  libinit2.o(.ARM.Collect$$libinit$$00000023)
    __rt_lib_init_heap_1                     0x08000163   Thumb Code     0  libinit2.o(.ARM.Collect$$libinit$$0000000A)
    __rt_lib_init_lc_collate_1               0x08000163   Thumb Code     0  libinit2.o(.ARM.Collect$$libinit$$00000011)
    __rt_lib_init_lc_ctype_1                 0x08000163   Thumb Code     0  libinit2.o(.ARM.Collect$$libinit$$00000013)
    __rt_lib_init_lc_monetary_1              0x08000163   Thumb Code     0  libinit2.o(.ARM.Collect$$libinit$$00000015)
    __rt_lib_init_lc_numeric_1               0x08000163   Thumb Code     0  libinit2.o(.ARM.Collect$$libinit$$00000017)
    __rt_lib_init_lc_time_1                  0x08000163   Thumb Code     0  libinit2.o(.ARM.Collect$$libinit$$00000019)
    __rt_lib_init_preinit_1                  0x08000163   Thumb Code     0  libinit2.o(.ARM.Collect$$libinit$$00000004)
    __rt_lib_init_rand_1                     0x08000163   Thumb Code     0  libinit2.o(.ARM.Collect$$libinit$$0000000E)
    __rt_lib_init_return                     0x08000163   Thumb Code     0  libinit2.o(.ARM.Collect$$libinit$$00000033)
    __rt_lib_init_signal_1                   0x08000163   Thumb Code     0  libinit2.o(.ARM.Collect$$libinit$$0000001D)
    __rt_lib_init_stdio_1                    0x08000163   Thumb Code     0  libinit2.o(.ARM.Collect$$libinit$$00000025)
    __rt_lib_init_user_alloc_1               0x08000163   Thumb Code     0  libinit2.o(.ARM.Collect$$libinit$$0000000C)
    __rt_lib_shutdown                        0x08000165   Thumb Code     0  libshutdown.o(.ARM.Collect$$libshutdown$$00000000)
    __rt_lib_shutdown_cpp_1                  0x08000167   Thumb Code     0  libshutdown2.o(.ARM.Collect$$libshutdown$$00000002)
    __rt_lib_shutdown_fp_trap_1              0x08000167   Thumb Code     0  libshutdown2.o(.ARM.Collect$$libshutdown$$00000007)
    __rt_lib_shutdown_heap_1                 0x08000167   Thumb Code     0  libshutdown2.o(.ARM.Collect$$libshutdown$$0000000F)
    __rt_lib_shutdown_return                 0x08000167   Thumb Code     0  libshutdown2.o(.ARM.Collect$$libshutdown$$00000010)
    __rt_lib_shutdown_signal_1               0x08000167   Thumb Code     0  libshutdown2.o(.ARM.Collect$$libshutdown$$0000000A)
    __rt_lib_shutdown_stdio_1                0x08000167   Thumb Code     0  libshutdown2.o(.ARM.Collect$$libshutdown$$00000004)
    __rt_lib_shutdown_user_alloc_1           0x08000167   Thumb Code     0  libshutdown2.o(.ARM.Collect$$libshutdown$$0000000C)
    __rt_entry                               0x08000169   Thumb Code     0  __rtentry.o(.ARM.Collect$$rtentry$$00000000)
    __rt_entry_presh_1                       0x08000169   Thumb Code     0  __rtentry2.o(.ARM.Collect$$rtentry$$00000002)
    __rt_entry_sh                            0x08000169   Thumb Code     0  __rtentry4.o(.ARM.Collect$$rtentry$$00000004)
    __rt_entry_li                            0x0800016f   Thumb Code     0  __rtentry2.o(.ARM.Collect$$rtentry$$0000000A)
    __rt_entry_postsh_1                      0x0800016f   Thumb Code     0  __rtentry2.o(.ARM.Collect$$rtentry$$00000009)
    __rt_entry_main                          0x08000173   Thumb Code     0  __rtentry2.o(.ARM.Collect$$rtentry$$0000000D)
    __rt_entry_postli_1                      0x08000173   Thumb Code     0  __rtentry2.o(.ARM.Collect$$rtentry$$0000000C)
    __rt_exit                                0x0800017b   Thumb Code     0  rtexit.o(.ARM.Collect$$rtexit$$00000000)
    __rt_exit_ls                             0x0800017d   Thumb Code     0  rtexit2.o(.ARM.Collect$$rtexit$$00000003)
    __rt_exit_prels_1                        0x0800017d   Thumb Code     0  rtexit2.o(.ARM.Collect$$rtexit$$00000002)
    __rt_exit_exit                           0x08000181   Thumb Code     0  rtexit2.o(.ARM.Collect$$rtexit$$00000004)
    Reset_Handler                            0x08000189   Thumb Code     8  startup_stm32f10x_md.o(.text)
    NMI_Handler                              0x08000191   Thumb Code     2  startup_stm32f10x_md.o(.text)
    MemManage_Handler                        0x08000195   Thumb Code     2  startup_stm32f10x_md.o(.text)
    BusFault_Handler                         0x08000197   Thumb Code     2  startup_stm32f10x_md.o(.text)
    UsageFault_Handler                       0x08000199   Thumb Code     2  startup_stm32f10x_md.o(.text)
    SVC_Handler                              0x0800019b   Thumb Code     2  startup_stm32f10x_md.o(.text)
    DebugMon_Handler                         0x0800019d   Thumb Code     2  startup_stm32f10x_md.o(.text)
    ADC1_2_IRQHandler                        0x080001a3   Thumb Code     0  startup_stm32f10x_md.o(.text)
    CAN1_RX1_IRQHandler                      0x080001a3   Thumb Code     0  startup_stm32f10x_md.o(.text)
    CAN1_SCE_IRQHandler                      0x080001a3   Thumb Code     0  startup_stm32f10x_md.o(.text)
    DMA1_Channel1_IRQHandler                 0x080001a3   Thumb Code     0  startup_stm32f10x_md.o(.text)
    DMA1_Channel2_IRQHandler                 0x080001a3   Thumb Code     0  startup_stm32f10x_md.o(.text)
    DMA1_Channel3_IRQHandler                 0x080001a3   Thumb Code     0  startup_stm32f10x_md.o(.text)
    DMA1_Channel4_IRQHandler                 0x080001a3   Thumb Code     0  startup_stm32f10x_md.o(.text)
    DMA1_Channel5_IRQHandler                 0x080001a3   Thumb Code     0  startup_stm32f10x_md.o(.text)
    DMA1_Channel6_IRQHandler                 0x080001a3   Thumb Code     0  startup_stm32f10x_md.o(.text)
    DMA1_Channel7_IRQHandler                 0x080001a3   Thumb Code     0  startup_stm32f10x_md.o(.text)
    EXTI0_IRQHandler                         0x080001a3   Thumb Code     0  startup_stm32f10x_md.o(.text)
    EXTI15_10_IRQHandler                     0x080001a3   Thumb Code     0  startup_stm32f10x_md.o(.text)
    EXTI1_IRQHandler                         0x080001a3   Thumb Code     0  startup_stm32f10x_md.o(.text)
    EXTI2_IRQHandler                         0x080001a3   Thumb Code     0  startup_stm32f10x_md.o(.text)
    EXTI3_IRQHandler                         0x080001a3   Thumb Code     0  startup_stm32f10x_md.o(.text)
    EXTI4_IRQHandler                         0x080001a3   Thumb Code     0  startup_stm32f10x_md.o(.text)
    EXTI9_5_IRQHandler                       0x080001a3   Thumb Code     0  startup_stm32f10x_md.o(.text)
    FLASH_IRQHandler                         0x080001a3   Thumb Code     0  startup_stm32f10x_md.o(.text)
    I2C1_ER_IRQHandler                       0x080001a3   Thumb Code     0  startup_stm32f10x_md.o(.text)
    I2C1_EV_IRQHandler                       0x080001a3   Thumb Code     0  startup_stm32f10x_md.o(.text)
    I2C2_ER_IRQHandler                       0x080001a3   Thumb Code     0  startup_stm32f10x_md.o(.text)
    I2C2_EV_IRQHandler                       0x080001a3   Thumb Code     0  startup_stm32f10x_md.o(.text)
    PVD_IRQHandler                           0x080001a3   Thumb Code     0  startup_stm32f10x_md.o(.text)
    RCC_IRQHandler                           0x080001a3   Thumb Code     0  startup_stm32f10x_md.o(.text)
    RTCAlarm_IRQHandler                      0x080001a3   Thumb Code     0  startup_stm32f10x_md.o(.text)
    RTC_IRQHandler                           0x080001a3   Thumb Code     0  startup_stm32f10x_md.o(.text)
    SPI1_IRQHandler                          0x080001a3   Thumb Code     0  startup_stm32f10x_md.o(.text)
    SPI2_IRQHandler                          0x080001a3   Thumb Code     0  startup_stm32f10x_md.o(.text)
    TAMPER_IRQHandler                        0x080001a3   Thumb Code     0  startup_stm32f10x_md.o(.text)
    TIM1_BRK_IRQHandler                      0x080001a3   Thumb Code     0  startup_stm32f10x_md.o(.text)
    TIM1_CC_IRQHandler                       0x080001a3   Thumb Code     0  startup_stm32f10x_md.o(.text)
    TIM1_TRG_COM_IRQHandler                  0x080001a3   Thumb Code     0  startup_stm32f10x_md.o(.text)
    TIM1_UP_IRQHandler                       0x080001a3   Thumb Code     0  startup_stm32f10x_md.o(.text)
    TIM2_IRQHandler                          0x080001a3   Thumb Code     0  startup_stm32f10x_md.o(.text)
    TIM3_IRQHandler                          0x080001a3   Thumb Code     0  startup_stm32f10x_md.o(.text)
    TIM4_IRQHandler                          0x080001a3   Thumb Code     0  startup_stm32f10x_md.o(.text)
    USBWakeUp_IRQHandler                     0x080001a3   Thumb Code     0  startup_stm32f10x_md.o(.text)
    USB_HP_CAN1_TX_IRQHandler                0x080001a3   Thumb Code     0  startup_stm32f10x_md.o(.text)
    USB_LP_CAN1_RX0_IRQHandler               0x080001a3   Thumb Code     0  startup_stm32f10x_md.o(.text)
    WWDG_IRQHandler                          0x080001a3   Thumb Code     0  startup_stm32f10x_md.o(.text)
    __user_initial_stackheap                 0x080001a5   Thumb Code     0  startup_stm32f10x_md.o(.text)
    rt_hw_interrupt_disable                  0x080001c9   Thumb Code     8  context_rvds.o(.text)
    rt_hw_interrupt_enable                   0x080001d1   Thumb Code     6  context_rvds.o(.text)
    rt_hw_context_switch                     0x080001d7   Thumb Code    32  context_rvds.o(.text)
    rt_hw_context_switch_interrupt           0x080001d7   Thumb Code     0  context_rvds.o(.text)
    PendSV_Handler                           0x080001f7   Thumb Code    60  context_rvds.o(.text)
    rt_hw_context_switch_to                  0x08000233   Thumb Code    58  context_rvds.o(.text)
    rt_hw_interrupt_thread_switch            0x0800026d   Thumb Code     2  context_rvds.o(.text)
    HardFault_Handler                        0x0800026f   Thumb Code    52  context_rvds.o(.text)
    strcpy                                   0x080002bd   Thumb Code    72  strcpy.o(.text)
    strlen                                   0x08000305   Thumb Code    62  strlen.o(.text)
    strncmp                                  0x08000343   Thumb Code   150  strncmp.o(.text)
    strcat                                   0x080003d9   Thumb Code    24  strcat.o(.text)
    __aeabi_memcpy4                          0x080003f1   Thumb Code     0  rt_memcpy_w.o(.text)
    __aeabi_memcpy8                          0x080003f1   Thumb Code     0  rt_memcpy_w.o(.text)
    __rt_memcpy_w                            0x080003f1   Thumb Code   100  rt_memcpy_w.o(.text)
    _memcpy_lastbytes_aligned                0x08000439   Thumb Code     0  rt_memcpy_w.o(.text)
    __aeabi_memclr                           0x08000455   Thumb Code     0  rt_memclr.o(.text)
    __rt_memclr                              0x08000455   Thumb Code    68  rt_memclr.o(.text)
    _memset                                  0x08000459   Thumb Code     0  rt_memclr.o(.text)
    __aeabi_memclr4                          0x08000499   Thumb Code     0  rt_memclr_w.o(.text)
    __aeabi_memclr8                          0x08000499   Thumb Code     0  rt_memclr_w.o(.text)
    __rt_memclr_w                            0x08000499   Thumb Code    78  rt_memclr_w.o(.text)
    _memset_w                                0x0800049d   Thumb Code     0  rt_memclr_w.o(.text)
    strncpy                                  0x080004e7   Thumb Code    86  strncpy.o(.text)
    __use_two_region_memory                  0x0800053d   Thumb Code     2  heapauxi.o(.text)
    __rt_heap_escrow$2region                 0x0800053f   Thumb Code     2  heapauxi.o(.text)
    __rt_heap_expand$2region                 0x08000541   Thumb Code     2  heapauxi.o(.text)
    __user_setup_stackheap                   0x08000543   Thumb Code    74  sys_stackheap_outer.o(.text)
    exit                                     0x0800058d   Thumb Code    18  exit.o(.text)
    __user_libspace                          0x080005a1   Thumb Code     8  libspace.o(.text)
    __user_perproc_libspace                  0x080005a1   Thumb Code     0  libspace.o(.text)
    __user_perthread_libspace                0x080005a1   Thumb Code     0  libspace.o(.text)
    _sys_exit                                0x080005a9   Thumb Code     8  sys_exit.o(.text)
    __I$use$semihosting                      0x080005b5   Thumb Code     0  use_no_semi.o(.text)
    __use_no_semihosting_swi                 0x080005b5   Thumb Code     2  use_no_semi.o(.text)
    __semihosting_library_function           0x080005b7   Thumb Code     0  indicate_semi.o(.text)
    main                                     0x080005b7   Thumb Code    10  components.o(i.$Sub$$main)
    GPIO_Init                                0x080005c1   Thumb Code   278  stm32f10x_gpio.o(i.GPIO_Init)
    NVIC_Init                                0x080006d9   Thumb Code   100  misc.o(i.NVIC_Init)
    RCC_APB2PeriphClockCmd                   0x08000749   Thumb Code    26  stm32f10x_rcc.o(i.RCC_APB2PeriphClockCmd)
    RCC_GetClocksFreq                        0x08000769   Thumb Code   192  stm32f10x_rcc.o(i.RCC_GetClocksFreq)
    SysTick_Handler                          0x08000925   Thumb Code    16  board.o(i.SysTick_Handler)
    SystemCoreClockUpdate                    0x08000935   Thumb Code   142  system_stm32f10x.o(i.SystemCoreClockUpdate)
    SystemInit                               0x080009d9   Thumb Code    78  system_stm32f10x.o(i.SystemInit)
    Task_Pc2                                 0x08000a39   Thumb Code    22  usart2.o(i.Task_Pc2)
    Task_Pc3                                 0x08000a5d   Thumb Code    22  usart3.o(i.Task_Pc3)
    USART1_IRQHandler                        0x08000a81   Thumb Code    66  usart1.o(i.USART1_IRQHandler)
    USART2_IRQHandler                        0x08000ad9   Thumb Code    66  usart2.o(i.USART2_IRQHandler)
    USART3_IRQHandler                        0x08000b31   Thumb Code    66  usart3.o(i.USART3_IRQHandler)
    USART_Cmd                                0x08000b89   Thumb Code    24  stm32f10x_usart.o(i.USART_Cmd)
    USART_GetFlagStatus                      0x08000ba1   Thumb Code    26  stm32f10x_usart.o(i.USART_GetFlagStatus)
    USART_ITConfig                           0x08000bbb   Thumb Code    74  stm32f10x_usart.o(i.USART_ITConfig)
    USART_Init                               0x08000c05   Thumb Code   210  stm32f10x_usart.o(i.USART_Init)
    USART_SendData                           0x08000cdd   Thumb Code     8  stm32f10x_usart.o(i.USART_SendData)
    __rt_ffs                                 0x08000d15   Thumb Code    70  kservice.o(i.__rt_ffs)
    cmd_free                                 0x08000fd1   Thumb Code    14  msh.o(i.cmd_free)
    cmd_ps                                   0x08000fdf   Thumb Code    14  msh.o(i.cmd_ps)
    ds1302                                   0x08000fed   Thumb Code     2  thread_mw.o(i.ds1302)
    finsh_get_prompt                         0x08000ff1   Thumb Code    84  shell.o(i.finsh_get_prompt)
    finsh_set_prompt_mode                    0x0800106d   Thumb Code    22  shell.o(i.finsh_set_prompt_mode)
    finsh_system_function_init               0x08001089   Thumb Code    10  shell.o(i.finsh_system_function_init)
    finsh_system_init                        0x0800109d   Thumb Code    98  shell.o(i.finsh_system_init)
    finsh_thread_entry                       0x08001139   Thumb Code   936  shell.o(i.finsh_thread_entry)
    hello                                    0x08001581   Thumb Code    12  cmd.o(i.hello)
    list                                     0x080015a1   Thumb Code    52  cmd.o(i.list)
    list_mailbox                             0x080016ad   Thumb Code   224  cmd.o(i.list_mailbox)
    list_mem                                 0x08001809   Thumb Code    34  mem.o(i.list_mem)
    list_sem                                 0x08001881   Thumb Code   216  cmd.o(i.list_sem)
    list_thread                              0x080019b9   Thumb Code   294  cmd.o(i.list_thread)
    list_timer                               0x08001b9d   Thumb Code   190  cmd.o(i.list_timer)
    loop                                     0x08001cfd   Thumb Code     2  thread_mw.o(i.loop)
    $Super$$main                             0x08001d01   Thumb Code   288  mian.o(i.main)
    main_thread_entry                        0x08001ef5   Thumb Code    14  components.o(i.main_thread_entry)
    msh_auto_complete                        0x08001fed   Thumb Code   138  msh.o(i.msh_auto_complete)
    msh_exec                                 0x0800208d   Thumb Code    82  msh.o(i.msh_exec)
    msh_help                                 0x08002155   Thumb Code    64  msh.o(i.msh_help)
    msh_is_used                              0x080021c9   Thumb Code     4  msh.o(i.msh_is_used)
    rc522                                    0x080024e9   Thumb Code     2  thread_mw.o(i.rc522)
    refresh_state                            0x080024eb   Thumb Code     2  thread_mw.o(i.refresh_state)
    rt_application_init                      0x080024ed   Thumb Code    32  components.o(i.rt_application_init)
    rt_calloc                                0x08002519   Thumb Code    34  mem.o(i.rt_calloc)
    rt_components_board_init                 0x0800253d   Thumb Code    20  components.o(i.rt_components_board_init)
    rt_components_init                       0x08002559   Thumb Code    20  components.o(i.rt_components_init)
    rt_enter_critical                        0x08002575   Thumb Code    28  scheduler.o(i.rt_enter_critical)
    rt_exit_critical                         0x08002595   Thumb Code    60  scheduler.o(i.rt_exit_critical)
    rt_free                                  0x080025d9   Thumb Code   128  mem.o(i.rt_free)
    rt_heap_begin_get                        0x080026b9   Thumb Code     4  board.o(i.rt_heap_begin_get)
    rt_heap_end_get                          0x080026c1   Thumb Code     4  board.o(i.rt_heap_end_get)
    rt_hw_board_init                         0x080026c9   Thumb Code    48  board.o(i.rt_hw_board_init)
    rt_hw_console_getchar                    0x080026fd   Thumb Code   118  usart1.o(i.rt_hw_console_getchar)
    rt_hw_console_output                     0x0800278d   Thumb Code    84  usart1.o(i.rt_hw_console_output)
    rt_hw_hard_fault_exception               0x080027e5   Thumb Code   198  cpuport.o(i.rt_hw_hard_fault_exception)
    rt_hw_stack_init                         0x080029ed   Thumb Code    70  cpuport.o(i.rt_hw_stack_init)
    rt_interrupt_enter                       0x08002a39   Thumb Code    26  irq.o(i.rt_interrupt_enter)
    rt_interrupt_leave                       0x08002a59   Thumb Code    26  irq.o(i.rt_interrupt_leave)
    rt_kprintf                               0x08002b09   Thumb Code    44  kservice.o(i.rt_kprintf)
    rt_malloc                                0x08002bed   Thumb Code   336  mem.o(i.rt_malloc)
    rt_memmove                               0x08002d59   Thumb Code    66  kservice.o(i.rt_memmove)
    rt_memset                                0x08002d9b   Thumb Code    72  kservice.o(i.rt_memset)
    rt_object_allocate                       0x08002de3   Thumb Code    84  object.o(i.rt_object_allocate)
    rt_object_delete                         0x08002e37   Thumb Code    36  object.o(i.rt_object_delete)
    rt_object_detach                         0x08002e5b   Thumb Code    30  object.o(i.rt_object_detach)
    rt_object_get_information                0x08002e79   Thumb Code    36  object.o(i.rt_object_get_information)
    rt_object_init                           0x08002ea1   Thumb Code    86  object.o(i.rt_object_init)
    rt_object_is_systemobject                0x08002ef7   Thumb Code    18  object.o(i.rt_object_is_systemobject)
    rt_schedule                              0x08002f09   Thumb Code   106  scheduler.o(i.rt_schedule)
    rt_schedule_insert_thread                0x08002f8d   Thumb Code    72  scheduler.o(i.rt_schedule_insert_thread)
    rt_schedule_remove_thread                0x08002fdd   Thumb Code    76  scheduler.o(i.rt_schedule_remove_thread)
    rt_sem_init                              0x08003031   Thumb Code    38  ipc.o(i.rt_sem_init)
    rt_sem_release                           0x08003057   Thumb Code    58  ipc.o(i.rt_sem_release)
    rt_sem_take                              0x08003091   Thumb Code   116  ipc.o(i.rt_sem_take)
    rt_show_version                          0x08003105   Thumb Code    38  kservice.o(i.rt_show_version)
    rt_strcmp                                0x080031b5   Thumb Code    28  kservice.o(i.rt_strcmp)
    rt_strlen                                0x080031d1   Thumb Code    18  kservice.o(i.rt_strlen)
    rt_strncpy                               0x080031e3   Thumb Code    52  kservice.o(i.rt_strncpy)
    rt_system_heap_init                      0x08003219   Thumb Code   160  mem.o(i.rt_system_heap_init)
    rt_system_scheduler_init                 0x08003311   Thumb Code    52  scheduler.o(i.rt_system_scheduler_init)
    rt_system_scheduler_start                0x0800335d   Thumb Code    36  scheduler.o(i.rt_system_scheduler_start)
    rt_system_timer_init                     0x0800338d   Thumb Code    24  timer.o(i.rt_system_timer_init)
    rt_system_timer_thread_init              0x080033a9   Thumb Code     2  timer.o(i.rt_system_timer_thread_init)
    rt_thread_create                         0x080033ab   Thumb Code    80  thread.o(i.rt_thread_create)
    rt_thread_delay                          0x080033fb   Thumb Code    12  thread.o(i.rt_thread_delay)
    rt_thread_exit                           0x08003409   Thumb Code    76  thread.o(i.rt_thread_exit)
    rt_thread_idle_excute                    0x08003465   Thumb Code   134  idle.o(i.rt_thread_idle_excute)
    rt_thread_idle_init                      0x080034f1   Thumb Code    38  idle.o(i.rt_thread_idle_init)
    rt_thread_init                           0x0800352d   Thumb Code    52  thread.o(i.rt_thread_init)
    rt_thread_resume                         0x08003561   Thumb Code    60  thread.o(i.rt_thread_resume)
    rt_thread_self                           0x0800359d   Thumb Code     6  thread.o(i.rt_thread_self)
    rt_thread_sleep                          0x080035a9   Thumb Code    62  thread.o(i.rt_thread_sleep)
    rt_thread_startup                        0x080035ed   Thumb Code    44  thread.o(i.rt_thread_startup)
    rt_thread_suspend                        0x08003619   Thumb Code    68  thread.o(i.rt_thread_suspend)
    rt_thread_timeout                        0x0800365d   Thumb Code    32  thread.o(i.rt_thread_timeout)
    rt_thread_yield                          0x0800367d   Thumb Code    92  thread.o(i.rt_thread_yield)
    rt_tick_get                              0x080036e1   Thumb Code     6  clock.o(i.rt_tick_get)
    rt_tick_increase                         0x080036ed   Thumb Code    42  clock.o(i.rt_tick_increase)
    rt_timer_check                           0x0800371d   Thumb Code   118  timer.o(i.rt_timer_check)
    rt_timer_control                         0x08003799   Thumb Code    56  timer.o(i.rt_timer_control)
    rt_timer_create                          0x080037d1   Thumb Code    54  timer.o(i.rt_timer_create)
    rt_timer_detach                          0x08003807   Thumb Code    32  timer.o(i.rt_timer_detach)
    rt_timer_init                            0x08003827   Thumb Code    46  timer.o(i.rt_timer_init)
    rt_timer_start                           0x08003855   Thumb Code   238  timer.o(i.rt_timer_start)
    rt_timer_stop                            0x0800394d   Thumb Code    48  timer.o(i.rt_timer_stop)
    rt_vsnprintf                             0x0800397d   Thumb Code   808  kservice.o(i.rt_vsnprintf)
    rtthread_startup                         0x08003cbd   Thumb Code    42  components.o(i.rtthread_startup)
    save_t                                   0x08003ce7   Thumb Code     2  thread_mw.o(i.save_t)
    sensor                                   0x08003ce9   Thumb Code     2  thread_mw.o(i.sensor)
    time_thread                              0x08003e41   Thumb Code   146  thread_mw.o(i.time_thread)
    timer1_f                                 0x08003f25   Thumb Code    78  thread_mw.o(i.timer1_f)
    usart1_init                              0x08004069   Thumb Code   152  usart1.o(i.usart1_init)
    usart2_init                              0x08004109   Thumb Code   400  usart2.o(i.usart2_init)
    usart3_init                              0x080042b1   Thumb Code   402  usart3.o(i.usart3_init)
    usart_auto_init                          0x0800445d   Thumb Code    16  usart1.o(i.usart_auto_init)
    version                                  0x0800446d   Thumb Code    10  cmd.o(i.version)
    __aeabi_fadd                             0x08004479   Thumb Code     0  faddsub_clz.o(x$fpl$fadd)
    _fadd                                    0x08004479   Thumb Code   196  faddsub_clz.o(x$fpl$fadd)
    __aeabi_fdiv                             0x0800453d   Thumb Code     0  fdiv.o(x$fpl$fdiv)
    _fdiv                                    0x0800453d   Thumb Code   384  fdiv.o(x$fpl$fdiv)
    __aeabi_f2uiz                            0x080046c1   Thumb Code     0  ffixu.o(x$fpl$ffixu)
    _ffixu                                   0x080046c1   Thumb Code    62  ffixu.o(x$fpl$ffixu)
    __aeabi_ui2f                             0x08004701   Thumb Code     0  fflt_clz.o(x$fpl$ffltu)
    _ffltu                                   0x08004701   Thumb Code    38  fflt_clz.o(x$fpl$ffltu)
    __aeabi_fmul                             0x08004729   Thumb Code     0  fmul.o(x$fpl$fmul)
    _fmul                                    0x08004729   Thumb Code   258  fmul.o(x$fpl$fmul)
    __fpl_fnaninf                            0x0800482b   Thumb Code   140  fnaninf.o(x$fpl$fnaninf)
    __fpl_fretinf                            0x080048b7   Thumb Code    10  fretinf.o(x$fpl$fretinf)
    __aeabi_frsub                            0x080048c1   Thumb Code     0  faddsub_clz.o(x$fpl$frsb)
    _frsb                                    0x080048c1   Thumb Code    20  faddsub_clz.o(x$fpl$frsb)
    __aeabi_fsub                             0x080048d5   Thumb Code     0  faddsub_clz.o(x$fpl$fsub)
    _fsub                                    0x080048d5   Thumb Code   234  faddsub_clz.o(x$fpl$fsub)
    __I$use$fp                               0x080049be   Number         0  usenofp.o(x$fpl$usenofp)
    __fsym___cmd_sys_printf_name             0x080049be   Data          17  thread_mw.o(.constdata)
    __fsym_hello_name                        0x080049cf   Data           6  cmd.o(.constdata)
    __fsym_version_name                      0x080049d5   Data           8  cmd.o(.constdata)
    __fsym___cmd_version_name                0x080049dd   Data          14  cmd.o(.constdata)
    __fsym_list_thread_name                  0x080049eb   Data          12  cmd.o(.constdata)
    __fsym___cmd_list_thread_name            0x080049f7   Data          18  cmd.o(.constdata)
    __fsym_list_sem_name                     0x08004a09   Data           9  cmd.o(.constdata)
    __fsym___cmd_list_sem_name               0x08004a12   Data          15  cmd.o(.constdata)
    __fsym_list_mailbox_name                 0x08004a21   Data          13  cmd.o(.constdata)
    __fsym___cmd_list_mailbox_name           0x08004a2e   Data          19  cmd.o(.constdata)
    __fsym_list_timer_name                   0x08004a41   Data          11  cmd.o(.constdata)
    __fsym___cmd_list_timer_name             0x08004a4c   Data          17  cmd.o(.constdata)
    __fsym_list_name                         0x08004a5d   Data           5  cmd.o(.constdata)
    __fsym___cmd_help_name                   0x08004a62   Data          11  msh.o(.constdata)
    __fsym___cmd_ps_name                     0x08004a6d   Data           9  msh.o(.constdata)
    __fsym___cmd_free_name                   0x08004a76   Data          11  msh.o(.constdata)
    __lowest_bit_bitmap                      0x08004a81   Data         256  kservice.o(.constdata)
    __fsym_list_mem_name                     0x08004ba3   Data           9  mem.o(.constdata)
    __rt_init_rti_start                      0x08004bf0   Data           4  components.o(.rti_fn.0)
    __rt_init_rti_board_start                0x08004bf4   Data           4  components.o(.rti_fn.0.end)
    __rt_init_usart_auto_init                0x08004bf8   Data           4  usart1.o(.rti_fn.1)
    __rt_init_rti_board_end                  0x08004bfc   Data           4  components.o(.rti_fn.1.end)
    __rt_init_finsh_system_init              0x08004c00   Data           4  shell.o(.rti_fn.6)
    __rt_init_rti_end                        0x08004c04   Data           4  components.o(.rti_fn.6.end)
    FSymTab$$Base                            0x08004c08   Number         0  thread_mw.o(FSymTab)
    __fsym___cmd_sys_printf                  0x08004c08   Data           8  thread_mw.o(FSymTab)
    __fsym_hello                             0x08004c10   Data           8  cmd.o(FSymTab)
    __fsym_version                           0x08004c18   Data           8  cmd.o(FSymTab)
    __fsym___cmd_version                     0x08004c20   Data           8  cmd.o(FSymTab)
    __fsym_list_thread                       0x08004c28   Data           8  cmd.o(FSymTab)
    __fsym___cmd_list_thread                 0x08004c30   Data           8  cmd.o(FSymTab)
    __fsym_list_sem                          0x08004c38   Data           8  cmd.o(FSymTab)
    __fsym___cmd_list_sem                    0x08004c40   Data           8  cmd.o(FSymTab)
    __fsym_list_mailbox                      0x08004c48   Data           8  cmd.o(FSymTab)
    __fsym___cmd_list_mailbox                0x08004c50   Data           8  cmd.o(FSymTab)
    __fsym_list_timer                        0x08004c58   Data           8  cmd.o(FSymTab)
    __fsym___cmd_list_timer                  0x08004c60   Data           8  cmd.o(FSymTab)
    __fsym_list                              0x08004c68   Data           8  cmd.o(FSymTab)
    __fsym___cmd_help                        0x08004c70   Data           8  msh.o(FSymTab)
    __fsym___cmd_ps                          0x08004c78   Data           8  msh.o(FSymTab)
    __fsym___cmd_free                        0x08004c80   Data           8  msh.o(FSymTab)
    __fsym_list_mem                          0x08004c88   Data           8  mem.o(FSymTab)
    FSymTab$$Limit                           0x08004c90   Number         0  mem.o(FSymTab)
    Region$$Table$$Base                      0x08004c90   Number         0  anon$$obj.o(Region$$Table)
    Region$$Table$$Limit                     0x08004cb0   Number         0  anon$$obj.o(Region$$Table)
    tid1                                     0x20000000   Data           4  mian.o(.data)
    tid2                                     0x20000004   Data           4  mian.o(.data)
    tid3                                     0x20000008   Data           4  mian.o(.data)
    tid4                                     0x2000000c   Data           4  mian.o(.data)
    tid5                                     0x20000010   Data           4  mian.o(.data)
    tid6                                     0x20000014   Data           4  mian.o(.data)
    tid_time                                 0x20000018   Data           4  mian.o(.data)
    timer1                                   0x2000001c   Data           4  mian.o(.data)
    printf_buf                               0x20000020   Data           2  thread_mw.o(.data)
    Rx_End1                                  0x20000022   Data           2  usart1.o(.data)
    Rx_Len1                                  0x20000024   Data           2  usart1.o(.data)
    Rx_Tm1                                   0x20000026   Data           2  usart1.o(.data)
    Rx_End2                                  0x2000002a   Data           2  usart2.o(.data)
    Rx_Len2                                  0x2000002c   Data           2  usart2.o(.data)
    Rx_Tm2                                   0x2000002e   Data           2  usart2.o(.data)
    Rx_End3                                  0x20000030   Data           2  usart3.o(.data)
    Rx_Len3                                  0x20000032   Data           2  usart3.o(.data)
    Rx_Tm3                                   0x20000034   Data           2  usart3.o(.data)
    SystemCoreClock                          0x2000004c   Data           4  system_stm32f10x.o(.data)
    AHBPrescTable                            0x20000050   Data          16  system_stm32f10x.o(.data)
    _syscall_table_begin                     0x20000060   Data           4  shell.o(.data)
    _syscall_table_end                       0x20000064   Data           4  shell.o(.data)
    _sysvar_table_begin                      0x20000068   Data           4  shell.o(.data)
    _sysvar_table_end                        0x2000006c   Data           4  shell.o(.data)
    shell                                    0x20000070   Data           4  shell.o(.data)
    rt_interrupt_from_thread                 0x20000078   Data           4  cpuport.o(.data)
    rt_interrupt_to_thread                   0x2000007c   Data           4  cpuport.o(.data)
    rt_thread_switch_interrupt_flag          0x20000080   Data           4  cpuport.o(.data)
    rt_interrupt_nest                        0x2000008c   Data           1  irq.o(.data)
    rt_current_thread                        0x200000ec   Data           4  scheduler.o(.data)
    rt_current_priority                      0x200000f0   Data           1  scheduler.o(.data)
    rt_thread_ready_priority_group           0x200000f4   Data           4  scheduler.o(.data)
    rt_thread_defunct                        0x200000f8   Data           8  scheduler.o(.data)
    Rx_Buf1                                  0x2000010c   Data          64  usart1.o(.bss)
    Rx_Buf2                                  0x2000014c   Data          64  usart2.o(.bss)
    Rx_Buf3                                  0x2000018c   Data          64  usart3.o(.bss)
    rt_thread_priority_table                 0x20000468   Data          64  scheduler.o(.bss)
    __libspace_start                         0x200034a8   Data          96  libspace.o(.bss)
    __temporary_stack_top$libspace           0x20003508   Data           0  libspace.o(.bss)



==============================================================================

Memory Map of the image

  Image Entry point : 0x080000ed

  Load Region LR_IROM1 (Base: 0x08000000, Size: 0x00004dbc, Max: 0x00010000, ABSOLUTE)

    Execution Region ER_IROM1 (Exec base: 0x08000000, Load base: 0x08000000, Size: 0x00004cb0, Max: 0x00010000, ABSOLUTE)

    Exec Addr    Load Addr    Size         Type   Attr      Idx    E Section Name        Object

    0x08000000   0x08000000   0x000000ec   Data   RO          965    RESET               startup_stm32f10x_md.o
    0x080000ec   0x080000ec   0x00000008   Code   RO         2316  * !!!main             c_w.l(__main.o)
    0x080000f4   0x080000f4   0x00000034   Code   RO         2500    !!!scatter          c_w.l(__scatter.o)
    0x08000128   0x08000128   0x0000001a   Code   RO         2502    !!handler_copy      c_w.l(__scatter_copy.o)
    0x08000142   0x08000142   0x00000002   PAD
    0x08000144   0x08000144   0x0000001c   Code   RO         2504    !!handler_zi        c_w.l(__scatter_zi.o)
    0x08000160   0x08000160   0x00000002   Code   RO         2370    .ARM.Collect$$libinit$$00000000  c_w.l(libinit.o)
    0x08000162   0x08000162   0x00000000   Code   RO         2377    .ARM.Collect$$libinit$$00000002  c_w.l(libinit2.o)
    0x08000162   0x08000162   0x00000000   Code   RO         2379    .ARM.Collect$$libinit$$00000004  c_w.l(libinit2.o)
    0x08000162   0x08000162   0x00000000   Code   RO         2382    .ARM.Collect$$libinit$$0000000A  c_w.l(libinit2.o)
    0x08000162   0x08000162   0x00000000   Code   RO         2384    .ARM.Collect$$libinit$$0000000C  c_w.l(libinit2.o)
    0x08000162   0x08000162   0x00000000   Code   RO         2386    .ARM.Collect$$libinit$$0000000E  c_w.l(libinit2.o)
    0x08000162   0x08000162   0x00000000   Code   RO         2389    .ARM.Collect$$libinit$$00000011  c_w.l(libinit2.o)
    0x08000162   0x08000162   0x00000000   Code   RO         2391    .ARM.Collect$$libinit$$00000013  c_w.l(libinit2.o)
    0x08000162   0x08000162   0x00000000   Code   RO         2393    .ARM.Collect$$libinit$$00000015  c_w.l(libinit2.o)
    0x08000162   0x08000162   0x00000000   Code   RO         2395    .ARM.Collect$$libinit$$00000017  c_w.l(libinit2.o)
    0x08000162   0x08000162   0x00000000   Code   RO         2397    .ARM.Collect$$libinit$$00000019  c_w.l(libinit2.o)
    0x08000162   0x08000162   0x00000000   Code   RO         2399    .ARM.Collect$$libinit$$0000001B  c_w.l(libinit2.o)
    0x08000162   0x08000162   0x00000000   Code   RO         2401    .ARM.Collect$$libinit$$0000001D  c_w.l(libinit2.o)
    0x08000162   0x08000162   0x00000000   Code   RO         2403    .ARM.Collect$$libinit$$0000001F  c_w.l(libinit2.o)
    0x08000162   0x08000162   0x00000000   Code   RO         2405    .ARM.Collect$$libinit$$00000021  c_w.l(libinit2.o)
    0x08000162   0x08000162   0x00000000   Code   RO         2407    .ARM.Collect$$libinit$$00000023  c_w.l(libinit2.o)
    0x08000162   0x08000162   0x00000000   Code   RO         2409    .ARM.Collect$$libinit$$00000025  c_w.l(libinit2.o)
    0x08000162   0x08000162   0x00000000   Code   RO         2413    .ARM.Collect$$libinit$$0000002C  c_w.l(libinit2.o)
    0x08000162   0x08000162   0x00000000   Code   RO         2415    .ARM.Collect$$libinit$$0000002E  c_w.l(libinit2.o)
    0x08000162   0x08000162   0x00000000   Code   RO         2417    .ARM.Collect$$libinit$$00000030  c_w.l(libinit2.o)
    0x08000162   0x08000162   0x00000000   Code   RO         2419    .ARM.Collect$$libinit$$00000032  c_w.l(libinit2.o)
    0x08000162   0x08000162   0x00000002   Code   RO         2420    .ARM.Collect$$libinit$$00000033  c_w.l(libinit2.o)
    0x08000164   0x08000164   0x00000002   Code   RO         2440    .ARM.Collect$$libshutdown$$00000000  c_w.l(libshutdown.o)
    0x08000166   0x08000166   0x00000000   Code   RO         2453    .ARM.Collect$$libshutdown$$00000002  c_w.l(libshutdown2.o)
    0x08000166   0x08000166   0x00000000   Code   RO         2455    .ARM.Collect$$libshutdown$$00000004  c_w.l(libshutdown2.o)
    0x08000166   0x08000166   0x00000000   Code   RO         2458    .ARM.Collect$$libshutdown$$00000007  c_w.l(libshutdown2.o)
    0x08000166   0x08000166   0x00000000   Code   RO         2461    .ARM.Collect$$libshutdown$$0000000A  c_w.l(libshutdown2.o)
    0x08000166   0x08000166   0x00000000   Code   RO         2463    .ARM.Collect$$libshutdown$$0000000C  c_w.l(libshutdown2.o)
    0x08000166   0x08000166   0x00000000   Code   RO         2466    .ARM.Collect$$libshutdown$$0000000F  c_w.l(libshutdown2.o)
    0x08000166   0x08000166   0x00000002   Code   RO         2467    .ARM.Collect$$libshutdown$$00000010  c_w.l(libshutdown2.o)
    0x08000168   0x08000168   0x00000000   Code   RO         2340    .ARM.Collect$$rtentry$$00000000  c_w.l(__rtentry.o)
    0x08000168   0x08000168   0x00000000   Code   RO         2347    .ARM.Collect$$rtentry$$00000002  c_w.l(__rtentry2.o)
    0x08000168   0x08000168   0x00000006   Code   RO         2359    .ARM.Collect$$rtentry$$00000004  c_w.l(__rtentry4.o)
    0x0800016e   0x0800016e   0x00000000   Code   RO         2349    .ARM.Collect$$rtentry$$00000009  c_w.l(__rtentry2.o)
    0x0800016e   0x0800016e   0x00000004   Code   RO         2350    .ARM.Collect$$rtentry$$0000000A  c_w.l(__rtentry2.o)
    0x08000172   0x08000172   0x00000000   Code   RO         2352    .ARM.Collect$$rtentry$$0000000C  c_w.l(__rtentry2.o)
    0x08000172   0x08000172   0x00000008   Code   RO         2353    .ARM.Collect$$rtentry$$0000000D  c_w.l(__rtentry2.o)
    0x0800017a   0x0800017a   0x00000002   Code   RO         2374    .ARM.Collect$$rtexit$$00000000  c_w.l(rtexit.o)
    0x0800017c   0x0800017c   0x00000000   Code   RO         2422    .ARM.Collect$$rtexit$$00000002  c_w.l(rtexit2.o)
    0x0800017c   0x0800017c   0x00000004   Code   RO         2423    .ARM.Collect$$rtexit$$00000003  c_w.l(rtexit2.o)
    0x08000180   0x08000180   0x00000006   Code   RO         2424    .ARM.Collect$$rtexit$$00000004  c_w.l(rtexit2.o)
    0x08000186   0x08000186   0x00000002   PAD
    0x08000188   0x08000188   0x00000040   Code   RO          966    .text               startup_stm32f10x_md.o
    0x080001c8   0x080001c8   0x000000f4   Code   RO         1276    .text               context_rvds.o
    0x080002bc   0x080002bc   0x00000048   Code   RO         2298    .text               c_w.l(strcpy.o)
    0x08000304   0x08000304   0x0000003e   Code   RO         2300    .text               c_w.l(strlen.o)
    0x08000342   0x08000342   0x00000096   Code   RO         2302    .text               c_w.l(strncmp.o)
    0x080003d8   0x080003d8   0x00000018   Code   RO         2304    .text               c_w.l(strcat.o)
    0x080003f0   0x080003f0   0x00000064   Code   RO         2306    .text               c_w.l(rt_memcpy_w.o)
    0x08000454   0x08000454   0x00000044   Code   RO         2308    .text               c_w.l(rt_memclr.o)
    0x08000498   0x08000498   0x0000004e   Code   RO         2310    .text               c_w.l(rt_memclr_w.o)
    0x080004e6   0x080004e6   0x00000056   Code   RO         2312    .text               c_w.l(strncpy.o)
    0x0800053c   0x0800053c   0x00000006   Code   RO         2314    .text               c_w.l(heapauxi.o)
    0x08000542   0x08000542   0x0000004a   Code   RO         2361    .text               c_w.l(sys_stackheap_outer.o)
    0x0800058c   0x0800058c   0x00000012   Code   RO         2363    .text               c_w.l(exit.o)
    0x0800059e   0x0800059e   0x00000002   PAD
    0x080005a0   0x080005a0   0x00000008   Code   RO         2371    .text               c_w.l(libspace.o)
    0x080005a8   0x080005a8   0x0000000c   Code   RO         2432    .text               c_w.l(sys_exit.o)
    0x080005b4   0x080005b4   0x00000002   Code   RO         2443    .text               c_w.l(use_no_semi.o)
    0x080005b6   0x080005b6   0x00000000   Code   RO         2445    .text               c_w.l(indicate_semi.o)
    0x080005b6   0x080005b6   0x0000000a   Code   RO         1377    i.$Sub$$main        components.o
    0x080005c0   0x080005c0   0x00000116   Code   RO          442    i.GPIO_Init         stm32f10x_gpio.o
    0x080006d6   0x080006d6   0x00000002   PAD
    0x080006d8   0x080006d8   0x00000070   Code   RO          388    i.NVIC_Init         misc.o
    0x08000748   0x08000748   0x00000020   Code   RO          566    i.RCC_APB2PeriphClockCmd  stm32f10x_rcc.o
    0x08000768   0x08000768   0x000000d4   Code   RO          574    i.RCC_GetClocksFreq  stm32f10x_rcc.o
    0x0800083c   0x0800083c   0x00000008   Code   RO          973    i.SetSysClock       system_stm32f10x.o
    0x08000844   0x08000844   0x000000e0   Code   RO          974    i.SetSysClockTo72   system_stm32f10x.o
    0x08000924   0x08000924   0x00000010   Code   RO         2258    i.SysTick_Handler   board.o
    0x08000934   0x08000934   0x000000a4   Code   RO          975    i.SystemCoreClockUpdate  system_stm32f10x.o
    0x080009d8   0x080009d8   0x00000060   Code   RO          976    i.SystemInit        system_stm32f10x.o
    0x08000a38   0x08000a38   0x00000024   Code   RO          276    i.Task_Pc2          usart2.o
    0x08000a5c   0x08000a5c   0x00000024   Code   RO          335    i.Task_Pc3          usart3.o
    0x08000a80   0x08000a80   0x00000058   Code   RO          208    i.USART1_IRQHandler  usart1.o
    0x08000ad8   0x08000ad8   0x00000058   Code   RO          277    i.USART2_IRQHandler  usart2.o
    0x08000b30   0x08000b30   0x00000058   Code   RO          336    i.USART3_IRQHandler  usart3.o
    0x08000b88   0x08000b88   0x00000018   Code   RO          778    i.USART_Cmd         stm32f10x_usart.o
    0x08000ba0   0x08000ba0   0x0000001a   Code   RO          781    i.USART_GetFlagStatus  stm32f10x_usart.o
    0x08000bba   0x08000bba   0x0000004a   Code   RO          784    i.USART_ITConfig    stm32f10x_usart.o
    0x08000c04   0x08000c04   0x000000d8   Code   RO          785    i.USART_Init        stm32f10x_usart.o
    0x08000cdc   0x08000cdc   0x00000008   Code   RO          795    i.USART_SendData    stm32f10x_usart.o
    0x08000ce4   0x08000ce4   0x00000030   Code   RO         2259    i._SysTick_Config   board.o
    0x08000d14   0x08000d14   0x0000004c   Code   RO         1652    i.__rt_ffs          kservice.o
    0x08000d60   0x08000d60   0x00000014   Code   RO         1445    i._has_defunct_thread  idle.o
    0x08000d74   0x08000d74   0x0000006a   Code   RO         1115    i._msh_exec_cmd     msh.o
    0x08000dde   0x08000dde   0x00000002   PAD
    0x08000de0   0x08000de0   0x00000084   Code   RO         2030    i._rt_thread_init   thread.o
    0x08000e64   0x08000e64   0x00000042   Code   RO         2151    i._rt_timer_init    timer.o
    0x08000ea6   0x08000ea6   0x0000002e   Code   RO         2152    i._rt_timer_remove  timer.o
    0x08000ed4   0x08000ed4   0x000000fc   Code   RO         1280    i.bus_fault_track   cpuport.o
    0x08000fd0   0x08000fd0   0x0000000e   Code   RO         1116    i.cmd_free          msh.o
    0x08000fde   0x08000fde   0x0000000e   Code   RO         1117    i.cmd_ps            msh.o
    0x08000fec   0x08000fec   0x00000002   Code   RO          126    i.ds1302            thread_mw.o
    0x08000fee   0x08000fee   0x00000002   PAD
    0x08000ff0   0x08000ff0   0x00000074   Code   RO         1188    i.finsh_get_prompt  shell.o
    0x08001064   0x08001064   0x00000008   Code   RO         1190    i.finsh_getchar     shell.o
    0x0800106c   0x0800106c   0x0000001c   Code   RO         1193    i.finsh_set_prompt_mode  shell.o
    0x08001088   0x08001088   0x00000014   Code   RO         1194    i.finsh_system_function_init  shell.o
    0x0800109c   0x0800109c   0x0000009c   Code   RO         1195    i.finsh_system_init  shell.o
    0x08001138   0x08001138   0x000003c8   Code   RO         1197    i.finsh_thread_entry  shell.o
    0x08001500   0x08001500   0x00000080   Code   RO         1281    i.hard_fault_track  cpuport.o
    0x08001580   0x08001580   0x00000020   Code   RO         1016    i.hello             cmd.o
    0x080015a0   0x080015a0   0x00000058   Code   RO         1017    i.list              cmd.o
    0x080015f8   0x080015f8   0x0000002a   Code   RO         1018    i.list_find_init    cmd.o
    0x08001622   0x08001622   0x00000088   Code   RO         1019    i.list_get_next     cmd.o
    0x080016aa   0x080016aa   0x00000002   PAD
    0x080016ac   0x080016ac   0x0000015c   Code   RO         1020    i.list_mailbox      cmd.o
    0x08001808   0x08001808   0x00000078   Code   RO         1829    i.list_mem          mem.o
    0x08001880   0x08001880   0x00000138   Code   RO         1021    i.list_sem          cmd.o
    0x080019b8   0x080019b8   0x000001e4   Code   RO         1022    i.list_thread       cmd.o
    0x08001b9c   0x08001b9c   0x00000160   Code   RO         1023    i.list_timer        cmd.o
    0x08001cfc   0x08001cfc   0x00000002   Code   RO          127    i.loop              thread_mw.o
    0x08001cfe   0x08001cfe   0x00000002   PAD
    0x08001d00   0x08001d00   0x000001f4   Code   RO            4    i.main              mian.o
    0x08001ef4   0x08001ef4   0x0000000e   Code   RO         1378    i.main_thread_entry  components.o
    0x08001f02   0x08001f02   0x00000002   PAD
    0x08001f04   0x08001f04   0x000000e8   Code   RO         1282    i.mem_manage_fault_track  cpuport.o
    0x08001fec   0x08001fec   0x000000a0   Code   RO         1118    i.msh_auto_complete  msh.o
    0x0800208c   0x0800208c   0x0000006c   Code   RO         1119    i.msh_exec          msh.o
    0x080020f8   0x080020f8   0x0000005c   Code   RO         1120    i.msh_get_cmd       msh.o
    0x08002154   0x08002154   0x00000074   Code   RO         1121    i.msh_help          msh.o
    0x080021c8   0x080021c8   0x00000004   Code   RO         1122    i.msh_is_used       msh.o
    0x080021cc   0x080021cc   0x000000f0   Code   RO         1123    i.msh_split         msh.o
    0x080022bc   0x080022bc   0x0000001c   Code   RO         1024    i.object_split      cmd.o
    0x080022d8   0x080022d8   0x00000078   Code   RO         1830    i.plug_holes        mem.o
    0x08002350   0x08002350   0x00000198   Code   RO         1654    i.print_number      kservice.o
    0x080024e8   0x080024e8   0x00000002   Code   RO          128    i.rc522             thread_mw.o
    0x080024ea   0x080024ea   0x00000002   Code   RO          129    i.refresh_state     thread_mw.o
    0x080024ec   0x080024ec   0x0000002c   Code   RO         1379    i.rt_application_init  components.o
    0x08002518   0x08002518   0x00000022   Code   RO         1831    i.rt_calloc         mem.o
    0x0800253a   0x0800253a   0x00000002   PAD
    0x0800253c   0x0800253c   0x0000001c   Code   RO         1380    i.rt_components_board_init  components.o
    0x08002558   0x08002558   0x0000001c   Code   RO         1381    i.rt_components_init  components.o
    0x08002574   0x08002574   0x00000020   Code   RO         1964    i.rt_enter_critical  scheduler.o
    0x08002594   0x08002594   0x00000044   Code   RO         1965    i.rt_exit_critical  scheduler.o
    0x080025d8   0x080025d8   0x000000e0   Code   RO         1832    i.rt_free           mem.o
    0x080026b8   0x080026b8   0x00000008   Code   RO         2260    i.rt_heap_begin_get  board.o
    0x080026c0   0x080026c0   0x00000008   Code   RO         2261    i.rt_heap_end_get   board.o
    0x080026c8   0x080026c8   0x00000034   Code   RO         2262    i.rt_hw_board_init  board.o
    0x080026fc   0x080026fc   0x00000090   Code   RO          209    i.rt_hw_console_getchar  usart1.o
    0x0800278c   0x0800278c   0x00000058   Code   RO          210    i.rt_hw_console_output  usart1.o
    0x080027e4   0x080027e4   0x00000208   Code   RO         1286    i.rt_hw_hard_fault_exception  cpuport.o
    0x080029ec   0x080029ec   0x0000004c   Code   RO         1287    i.rt_hw_stack_init  cpuport.o
    0x08002a38   0x08002a38   0x00000020   Code   RO         1625    i.rt_interrupt_enter  irq.o
    0x08002a58   0x08002a58   0x00000020   Code   RO         1627    i.rt_interrupt_leave  irq.o
    0x08002a78   0x08002a78   0x00000014   Code   RO         1485    i.rt_ipc_list_resume  ipc.o
    0x08002a8c   0x08002a8c   0x0000006c   Code   RO         1487    i.rt_ipc_list_suspend  ipc.o
    0x08002af8   0x08002af8   0x00000010   Code   RO         1488    i.rt_ipc_object_init  ipc.o
    0x08002b08   0x08002b08   0x00000030   Code   RO         1658    i.rt_kprintf        kservice.o
    0x08002b38   0x08002b38   0x00000006   Code   RO         1489    i.rt_list_init      ipc.o
    0x08002b3e   0x08002b3e   0x00000006   Code   RO         1966    i.rt_list_init      scheduler.o
    0x08002b44   0x08002b44   0x00000006   Code   RO         2153    i.rt_list_init      timer.o
    0x08002b4a   0x08002b4a   0x0000000e   Code   RO         1888    i.rt_list_insert_after  object.o
    0x08002b58   0x08002b58   0x0000000e   Code   RO         2031    i.rt_list_insert_after  thread.o
    0x08002b66   0x08002b66   0x0000000e   Code   RO         2154    i.rt_list_insert_after  timer.o
    0x08002b74   0x08002b74   0x0000000e   Code   RO         1490    i.rt_list_insert_before  ipc.o
    0x08002b82   0x08002b82   0x00000010   Code   RO         1025    i.rt_list_isempty   cmd.o
    0x08002b92   0x08002b92   0x00000010   Code   RO         1491    i.rt_list_isempty   ipc.o
    0x08002ba2   0x08002ba2   0x00000010   Code   RO         2155    i.rt_list_isempty   timer.o
    0x08002bb2   0x08002bb2   0x00000014   Code   RO         1026    i.rt_list_len       cmd.o
    0x08002bc6   0x08002bc6   0x00000012   Code   RO         1889    i.rt_list_remove    object.o
    0x08002bd8   0x08002bd8   0x00000012   Code   RO         2032    i.rt_list_remove    thread.o
    0x08002bea   0x08002bea   0x00000002   PAD
    0x08002bec   0x08002bec   0x0000016c   Code   RO         1833    i.rt_malloc         mem.o
    0x08002d58   0x08002d58   0x00000042   Code   RO         1663    i.rt_memmove        kservice.o
    0x08002d9a   0x08002d9a   0x00000048   Code   RO         1664    i.rt_memset         kservice.o
    0x08002de2   0x08002de2   0x00000054   Code   RO         1890    i.rt_object_allocate  object.o
    0x08002e36   0x08002e36   0x00000024   Code   RO         1891    i.rt_object_delete  object.o
    0x08002e5a   0x08002e5a   0x0000001e   Code   RO         1892    i.rt_object_detach  object.o
    0x08002e78   0x08002e78   0x00000028   Code   RO         1894    i.rt_object_get_information  object.o
    0x08002ea0   0x08002ea0   0x00000056   Code   RO         1896    i.rt_object_init    object.o
    0x08002ef6   0x08002ef6   0x00000012   Code   RO         1897    i.rt_object_is_systemobject  object.o
    0x08002f08   0x08002f08   0x00000084   Code   RO         1967    i.rt_schedule       scheduler.o
    0x08002f8c   0x08002f8c   0x00000050   Code   RO         1968    i.rt_schedule_insert_thread  scheduler.o
    0x08002fdc   0x08002fdc   0x00000054   Code   RO         1969    i.rt_schedule_remove_thread  scheduler.o
    0x08003030   0x08003030   0x00000026   Code   RO         1504    i.rt_sem_init       ipc.o
    0x08003056   0x08003056   0x0000003a   Code   RO         1505    i.rt_sem_release    ipc.o
    0x08003090   0x08003090   0x00000074   Code   RO         1506    i.rt_sem_take       ipc.o
    0x08003104   0x08003104   0x000000b0   Code   RO         1666    i.rt_show_version   kservice.o
    0x080031b4   0x080031b4   0x0000001c   Code   RO         1670    i.rt_strcmp         kservice.o
    0x080031d0   0x080031d0   0x00000012   Code   RO         1672    i.rt_strlen         kservice.o
    0x080031e2   0x080031e2   0x00000034   Code   RO         1674    i.rt_strncpy        kservice.o
    0x08003216   0x08003216   0x00000002   PAD
    0x08003218   0x08003218   0x000000f8   Code   RO         1836    i.rt_system_heap_init  mem.o
    0x08003310   0x08003310   0x0000004c   Code   RO         1970    i.rt_system_scheduler_init  scheduler.o
    0x0800335c   0x0800335c   0x00000030   Code   RO         1971    i.rt_system_scheduler_start  scheduler.o
    0x0800338c   0x0800338c   0x0000001c   Code   RO         2156    i.rt_system_timer_init  timer.o
    0x080033a8   0x080033a8   0x00000002   Code   RO         2157    i.rt_system_timer_thread_init  timer.o
    0x080033aa   0x080033aa   0x00000050   Code   RO         2034    i.rt_thread_create  thread.o
    0x080033fa   0x080033fa   0x0000000c   Code   RO         2035    i.rt_thread_delay   thread.o
    0x08003406   0x08003406   0x00000002   PAD
    0x08003408   0x08003408   0x00000054   Code   RO         2038    i.rt_thread_exit    thread.o
    0x0800345c   0x0800345c   0x00000008   Code   RO         1446    i.rt_thread_idle_entry  idle.o
    0x08003464   0x08003464   0x0000008c   Code   RO         1447    i.rt_thread_idle_excute  idle.o
    0x080034f0   0x080034f0   0x0000003c   Code   RO         1449    i.rt_thread_idle_init  idle.o
    0x0800352c   0x0800352c   0x00000034   Code   RO         2040    i.rt_thread_init    thread.o
    0x08003560   0x08003560   0x0000003c   Code   RO         2042    i.rt_thread_resume  thread.o
    0x0800359c   0x0800359c   0x0000000c   Code   RO         2043    i.rt_thread_self    thread.o
    0x080035a8   0x080035a8   0x00000044   Code   RO         2044    i.rt_thread_sleep   thread.o
    0x080035ec   0x080035ec   0x0000002c   Code   RO         2045    i.rt_thread_startup  thread.o
    0x08003618   0x08003618   0x00000044   Code   RO         2046    i.rt_thread_suspend  thread.o
    0x0800365c   0x0800365c   0x00000020   Code   RO         2047    i.rt_thread_timeout  thread.o
    0x0800367c   0x0800367c   0x00000064   Code   RO         2048    i.rt_thread_yield   thread.o
    0x080036e0   0x080036e0   0x0000000c   Code   RO         1341    i.rt_tick_get       clock.o
    0x080036ec   0x080036ec   0x00000030   Code   RO         1342    i.rt_tick_increase  clock.o
    0x0800371c   0x0800371c   0x0000007c   Code   RO         2158    i.rt_timer_check    timer.o
    0x08003798   0x08003798   0x00000038   Code   RO         2159    i.rt_timer_control  timer.o
    0x080037d0   0x080037d0   0x00000036   Code   RO         2160    i.rt_timer_create   timer.o
    0x08003806   0x08003806   0x00000020   Code   RO         2162    i.rt_timer_detach   timer.o
    0x08003826   0x08003826   0x0000002e   Code   RO         2163    i.rt_timer_init     timer.o
    0x08003854   0x08003854   0x000000f8   Code   RO         2166    i.rt_timer_start    timer.o
    0x0800394c   0x0800394c   0x00000030   Code   RO         2167    i.rt_timer_stop     timer.o
    0x0800397c   0x0800397c   0x00000330   Code   RO         1677    i.rt_vsnprintf      kservice.o
    0x08003cac   0x08003cac   0x00000004   Code   RO         1382    i.rti_board_end     components.o
    0x08003cb0   0x08003cb0   0x00000004   Code   RO         1383    i.rti_board_start   components.o
    0x08003cb4   0x08003cb4   0x00000004   Code   RO         1384    i.rti_end           components.o
    0x08003cb8   0x08003cb8   0x00000004   Code   RO         1385    i.rti_start         components.o
    0x08003cbc   0x08003cbc   0x0000002a   Code   RO         1386    i.rtthread_startup  components.o
    0x08003ce6   0x08003ce6   0x00000002   Code   RO          130    i.save_t            thread_mw.o
    0x08003ce8   0x08003ce8   0x00000002   Code   RO          131    i.sensor            thread_mw.o
    0x08003cea   0x08003cea   0x00000002   PAD
    0x08003cec   0x08003cec   0x00000038   Code   RO         1198    i.shell_auto_complete  shell.o
    0x08003d24   0x08003d24   0x00000030   Code   RO         1027    i.show_wait_queue   cmd.o
    0x08003d54   0x08003d54   0x00000026   Code   RO         1679    i.skip_atoi         kservice.o
    0x08003d7a   0x08003d7a   0x00000020   Code   RO         1124    i.str_common        msh.o
    0x08003d9a   0x08003d9a   0x00000002   PAD
    0x08003d9c   0x08003d9c   0x000000a4   Code   RO          132    i.sys_printf        thread_mw.o
    0x08003e40   0x08003e40   0x000000e4   Code   RO          133    i.time_thread       thread_mw.o
    0x08003f24   0x08003f24   0x0000005c   Code   RO          134    i.timer1_f          thread_mw.o
    0x08003f80   0x08003f80   0x000000e8   Code   RO         1288    i.usage_fault_track  cpuport.o
    0x08004068   0x08004068   0x000000a0   Code   RO          211    i.usart1_init       usart1.o
    0x08004108   0x08004108   0x000001a8   Code   RO          278    i.usart2_init       usart2.o
    0x080042b0   0x080042b0   0x000001ac   Code   RO          337    i.usart3_init       usart3.o
    0x0800445c   0x0800445c   0x00000010   Code   RO          212    i.usart_auto_init   usart1.o
    0x0800446c   0x0800446c   0x0000000a   Code   RO         1028    i.version           cmd.o
    0x08004476   0x08004476   0x00000002   PAD
    0x08004478   0x08004478   0x000000c4   Code   RO         2318    x$fpl$fadd          fz_ws.l(faddsub_clz.o)
    0x0800453c   0x0800453c   0x00000184   Code   RO         2325    x$fpl$fdiv          fz_ws.l(fdiv.o)
    0x080046c0   0x080046c0   0x0000003e   Code   RO         2328    x$fpl$ffixu         fz_ws.l(ffixu.o)
    0x080046fe   0x080046fe   0x00000002   PAD
    0x08004700   0x08004700   0x00000026   Code   RO         2332    x$fpl$ffltu         fz_ws.l(fflt_clz.o)
    0x08004726   0x08004726   0x00000002   PAD
    0x08004728   0x08004728   0x00000102   Code   RO         2338    x$fpl$fmul          fz_ws.l(fmul.o)
    0x0800482a   0x0800482a   0x0000008c   Code   RO         2341    x$fpl$fnaninf       fz_ws.l(fnaninf.o)
    0x080048b6   0x080048b6   0x0000000a   Code   RO         2343    x$fpl$fretinf       fz_ws.l(fretinf.o)
    0x080048c0   0x080048c0   0x00000014   Code   RO         2319    x$fpl$frsb          fz_ws.l(faddsub_clz.o)
    0x080048d4   0x080048d4   0x000000ea   Code   RO         2320    x$fpl$fsub          fz_ws.l(faddsub_clz.o)
    0x080049be   0x080049be   0x00000000   Code   RO         2345    x$fpl$usenofp       fz_ws.l(usenofp.o)
    0x080049be   0x080049be   0x00000011   Data   RO          135    .constdata          thread_mw.o
    0x080049cf   0x080049cf   0x00000093   Data   RO         1029    .constdata          cmd.o
    0x08004a62   0x08004a62   0x0000001f   Data   RO         1125    .constdata          msh.o
    0x08004a81   0x08004a81   0x00000122   Data   RO         1681    .constdata          kservice.o
    0x08004ba3   0x08004ba3   0x00000009   Data   RO         1838    .constdata          mem.o
    0x08004bac   0x08004bac   0x00000044   Data   RO         1030    .conststring        cmd.o
    0x08004bf0   0x08004bf0   0x00000004   Data   RO         1387    .rti_fn.0           components.o
    0x08004bf4   0x08004bf4   0x00000004   Data   RO         1388    .rti_fn.0.end       components.o
    0x08004bf8   0x08004bf8   0x00000004   Data   RO          215    .rti_fn.1           usart1.o
    0x08004bfc   0x08004bfc   0x00000004   Data   RO         1389    .rti_fn.1.end       components.o
    0x08004c00   0x08004c00   0x00000004   Data   RO         1201    .rti_fn.6           shell.o
    0x08004c04   0x08004c04   0x00000004   Data   RO         1390    .rti_fn.6.end       components.o
    0x08004c08   0x08004c08   0x00000008   Data   RO          137    FSymTab             thread_mw.o
    0x08004c10   0x08004c10   0x00000060   Data   RO         1031    FSymTab             cmd.o
    0x08004c70   0x08004c70   0x00000018   Data   RO         1126    FSymTab             msh.o
    0x08004c88   0x08004c88   0x00000008   Data   RO         1840    FSymTab             mem.o
    0x08004c90   0x08004c90   0x00000020   Data   RO         2498    Region$$Table       anon$$obj.o


    Execution Region RW_IRAM1 (Exec base: 0x20000000, Load base: 0x08004cb0, Size: 0x00003b08, Max: 0x00005000, ABSOLUTE)

    Exec Addr    Load Addr    Size         Type   Attr      Idx    E Section Name        Object

    0x20000000   0x08004cb0   0x00000020   Data   RW            5    .data               mian.o
    0x20000020   0x08004cd0   0x00000002   Data   RW          136    .data               thread_mw.o
    0x20000022   0x08004cd2   0x00000008   Data   RW          214    .data               usart1.o
    0x2000002a   0x08004cda   0x00000006   Data   RW          280    .data               usart2.o
    0x20000030   0x08004ce0   0x00000006   Data   RW          339    .data               usart3.o
    0x20000036   0x08004ce6   0x00000014   Data   RW          594    .data               stm32f10x_rcc.o
    0x2000004a   0x08004cfa   0x00000002   PAD
    0x2000004c   0x08004cfc   0x00000014   Data   RW          977    .data               system_stm32f10x.o
    0x20000060   0x08004d10   0x00000018   Data   RW         1200    .data               shell.o
    0x20000078   0x08004d28   0x00000010   Data   RW         1289    .data               cpuport.o
    0x20000088   0x08004d38   0x00000004   Data   RW         1344    .data               clock.o
    0x2000008c   0x08004d3c   0x00000001   Data   RW         1628    .data               irq.o
    0x2000008d   0x08004d3d   0x00000003   PAD
    0x20000090   0x08004d40   0x00000018   Data   RW         1839    .data               mem.o
    0x200000a8   0x08004d58   0x00000040   Data   RW         1899    .data               object.o
    0x200000e8   0x08004d98   0x00000018   Data   RW         1973    .data               scheduler.o
    0x20000100   0x08004db0   0x0000000c   Data   RW         2168    .data               timer.o
    0x2000010c        -       0x00000040   Zero   RW          213    .bss                usart1.o
    0x2000014c        -       0x00000040   Zero   RW          279    .bss                usart2.o
    0x2000018c        -       0x00000040   Zero   RW          338    .bss                usart3.o
    0x200001cc        -       0x00000081   Zero   RW         1199    .bss                shell.o
    0x2000024d   0x08004dbc   0x00000003   PAD
    0x20000250        -       0x00000178   Zero   RW         1450    .bss                idle.o
    0x200003c8        -       0x00000080   Zero   RW         1680    .bss                kservice.o
    0x20000448        -       0x00000020   Zero   RW         1837    .bss                mem.o
    0x20000468        -       0x00000040   Zero   RW         1972    .bss                scheduler.o
    0x200004a8        -       0x00003000   Zero   RW         2263    .bss                board.o
    0x200034a8        -       0x00000060   Zero   RW         2372    .bss                c_w.l(libspace.o)
    0x20003508        -       0x00000200   Zero   RW          964    HEAP                startup_stm32f10x_md.o
    0x20003708        -       0x00000400   Zero   RW          963    STACK               startup_stm32f10x_md.o


==============================================================================

Image component sizes


      Code (inc. data)   RO Data    RW Data    ZI Data      Debug   Object Name

       132         16          0          0      12288       3065   board.o
        60         12          0          4          0       1109   clock.o
      1916        642        311          0          0      14070   cmd.o
       182         28         16          0          0       5676   components.o
       244         26          0          0          0        804   context_rvds.o
      1440        724          0         16          0       5438   cpuport.o
       228         32          0          0        376       5526   idle.o
       392          0          0          0          0       8129   ipc.o
        64         12          0          1          0       1598   irq.o
      1798        164        290          0        128       9921   kservice.o
      1110        310         17         24         32       5130   mem.o
       500        212          0         32          0     239145   mian.o
       112         12          0          0          0       1240   misc.o
       886        154         55          0          0       8965   msh.o
       326          4          0         64          0       8112   object.o
       526         90          0         24         64       8358   scheduler.o
      1352        152          4         24        129       9976   shell.o
        64         26        236          0       1536        788   startup_stm32f10x_md.o
       278          0          0          0          0       2180   stm32f10x_gpio.o
       244         26          0         20          0       4093   stm32f10x_rcc.o
       348          6          0          0          0       5181   stm32f10x_usart.o
       492         50          0         20          0       2849   system_stm32f10x.o
       776         36          0          0          0      11531   thread.o
       496        196         25          2          0       4809   thread_mw.o
       786         20          0         12          0      11722   timer.o
       496         60          4          8         64       3478   usart1.o
       548         60          0          6         64      27309   usart2.o
       552         62          0          6         64       2574   usart3.o

    ----------------------------------------------------------------------
     16374       3132        990        268      14748     412776   Object Totals
         0          0         32          0          0          0   (incl. Generated)
        26          0          0          5          3          0   (incl. Padding)

    ----------------------------------------------------------------------

      Code (inc. data)   RO Data    RW Data    ZI Data      Debug   Library Member Name

         8          0          0          0          0         68   __main.o
         0          0          0          0          0          0   __rtentry.o
        12          0          0          0          0          0   __rtentry2.o
         6          0          0          0          0          0   __rtentry4.o
        52          8          0          0          0          0   __scatter.o
        26          0          0          0          0          0   __scatter_copy.o
        28          0          0          0          0          0   __scatter_zi.o
        18          0          0          0          0         80   exit.o
         6          0          0          0          0        152   heapauxi.o
         0          0          0          0          0          0   indicate_semi.o
         2          0          0          0          0          0   libinit.o
         2          0          0          0          0          0   libinit2.o
         2          0          0          0          0          0   libshutdown.o
         2          0          0          0          0          0   libshutdown2.o
         8          4          0          0         96         68   libspace.o
        68          0          0          0          0         68   rt_memclr.o
        78          0          0          0          0         80   rt_memclr_w.o
       100          0          0          0          0         80   rt_memcpy_w.o
         2          0          0          0          0          0   rtexit.o
        10          0          0          0          0          0   rtexit2.o
        24          0          0          0          0         68   strcat.o
        72          0          0          0          0         80   strcpy.o
        62          0          0          0          0         76   strlen.o
       150          0          0          0          0         80   strncmp.o
        86          0          0          0          0         76   strncpy.o
        12          4          0          0          0         68   sys_exit.o
        74          0          0          0          0         80   sys_stackheap_outer.o
         2          0          0          0          0         68   use_no_semi.o
       450          8          0          0          0        236   faddsub_clz.o
       388         76          0          0          0         96   fdiv.o
        62          4          0          0          0         84   ffixu.o
        38          0          0          0          0         68   fflt_clz.o
       258          4          0          0          0         84   fmul.o
       140          4          0          0          0         84   fnaninf.o
        10          0          0          0          0         68   fretinf.o
         0          0          0          0          0          0   usenofp.o

    ----------------------------------------------------------------------
      2268        112          0          0         96       1912   Library Totals
        10          0          0          0          0          0   (incl. Padding)

    ----------------------------------------------------------------------

      Code (inc. data)   RO Data    RW Data    ZI Data      Debug   Library Name

       912         16          0          0         96       1192   c_w.l
      1346         96          0          0          0        720   fz_ws.l

    ----------------------------------------------------------------------
      2268        112          0          0         96       1912   Library Totals

    ----------------------------------------------------------------------

==============================================================================


      Code (inc. data)   RO Data    RW Data    ZI Data      Debug   

     18642       3244        990        268      14844     405376   Grand Totals
     18642       3244        990        268      14844     405376   ELF Image Totals
     18642       3244        990        268          0          0   ROM Totals

==============================================================================

    Total RO  Size (Code + RO Data)                19632 (  19.17kB)
    Total RW  Size (RW Data + ZI Data)             15112 (  14.76kB)
    Total ROM Size (Code + RO Data + RW Data)      19900 (  19.43kB)

==============================================================================

