Component: ARM Compiler 5.06 update 6 (build 750) Tool: armlink [4d35ed]

==============================================================================

Section Cross References

    main.o(i.main) refers to kservice.o(i.rt_kprintf) for rt_kprintf
    main.o(i.main) refers to thread.o(i.rt_thread_create) for rt_thread_create
    main.o(i.main) refers to thread.o(i.rt_thread_startup) for rt_thread_startup
    main.o(i.main) refers to thread_mw.o(i.get_adc) for get_adc
    main.o(i.main) refers to main.o(.data) for tid1
    main.o(i.main) refers to thread_mw.o(i.send_data) for send_data
    main.o(i.main) refers to thread_mw.o(i.time_thread) for time_thread
    thread_mw.o(i.get_adc) refers to thread.o(i.rt_thread_delay) for rt_thread_delay
    thread_mw.o(i.get_adc) refers to timer.o(i.rt_timer_check) for rt_timer_check
    thread_mw.o(i.get_adc) refers to thread_mw.o(.data) for time_x
    thread_mw.o(i.send_data) refers to thread.o(i.rt_thread_delay) for rt_thread_delay
    thread_mw.o(i.send_data) refers to timer.o(i.rt_timer_check) for rt_timer_check
    thread_mw.o(i.send_data) refers to thread_mw.o(.data) for time_xx
    thread_mw.o(i.time_thread) refers to clock.o(i.rt_tick_get) for rt_tick_get
    thread_mw.o(i.time_thread) refers to kservice.o(i.rt_kprintf) for rt_kprintf
    thread_mw.o(i.time_thread) refers to thread.o(i.rt_thread_delay) for rt_thread_delay
    thread_mw.o(i.time_thread) refers to thread_mw.o(.data) for time_xx
    stm32f10x_gpio.o(i.GPIO_AFIODeInit) refers to stm32f10x_rcc.o(i.RCC_APB2PeriphResetCmd) for RCC_APB2PeriphResetCmd
    stm32f10x_gpio.o(i.GPIO_DeInit) refers to stm32f10x_rcc.o(i.RCC_APB2PeriphResetCmd) for RCC_APB2PeriphResetCmd
    stm32f10x_rcc.o(i.RCC_GetClocksFreq) refers to stm32f10x_rcc.o(.data) for APBAHBPrescTable
    stm32f10x_rcc.o(i.RCC_WaitForHSEStartUp) refers to stm32f10x_rcc.o(i.RCC_GetFlagStatus) for RCC_GetFlagStatus
    stm32f10x_usart.o(i.USART_DeInit) refers to stm32f10x_rcc.o(i.RCC_APB2PeriphResetCmd) for RCC_APB2PeriphResetCmd
    stm32f10x_usart.o(i.USART_DeInit) refers to stm32f10x_rcc.o(i.RCC_APB1PeriphResetCmd) for RCC_APB1PeriphResetCmd
    stm32f10x_usart.o(i.USART_Init) refers to stm32f10x_rcc.o(i.RCC_GetClocksFreq) for RCC_GetClocksFreq
    startup_stm32f10x_md.o(STACK) refers (Special) to heapauxi.o(.text) for __use_two_region_memory
    startup_stm32f10x_md.o(HEAP) refers (Special) to heapauxi.o(.text) for __use_two_region_memory
    startup_stm32f10x_md.o(RESET) refers (Special) to heapauxi.o(.text) for __use_two_region_memory
    startup_stm32f10x_md.o(RESET) refers to startup_stm32f10x_md.o(STACK) for __initial_sp
    startup_stm32f10x_md.o(RESET) refers to startup_stm32f10x_md.o(.text) for Reset_Handler
    startup_stm32f10x_md.o(RESET) refers to context_rvds.o(.text) for HardFault_Handler
    startup_stm32f10x_md.o(RESET) refers to board.o(i.SysTick_Handler) for SysTick_Handler
    startup_stm32f10x_md.o(RESET) refers to board.o(i.USART1_IRQHandler) for USART1_IRQHandler
    startup_stm32f10x_md.o(.text) refers (Special) to heapauxi.o(.text) for __use_two_region_memory
    startup_stm32f10x_md.o(.text) refers to system_stm32f10x.o(i.SystemInit) for SystemInit
    startup_stm32f10x_md.o(.text) refers to __main.o(!!!main) for __main
    startup_stm32f10x_md.o(.text) refers to startup_stm32f10x_md.o(HEAP) for Heap_Mem
    startup_stm32f10x_md.o(.text) refers to startup_stm32f10x_md.o(STACK) for Stack_Mem
    system_stm32f10x.o(i.SetSysClock) refers to system_stm32f10x.o(i.SetSysClockTo72) for SetSysClockTo72
    system_stm32f10x.o(i.SystemCoreClockUpdate) refers to system_stm32f10x.o(.data) for SystemCoreClock
    system_stm32f10x.o(i.SystemInit) refers to system_stm32f10x.o(i.SetSysClock) for SetSysClock
    cmd.o(i.hello) refers to kservice.o(i.rt_kprintf) for rt_kprintf
    cmd.o(i.list) refers to kservice.o(i.rt_kprintf) for rt_kprintf
    cmd.o(i.list) refers to strncmp.o(.text) for strncmp
    cmd.o(i.list) refers to shell.o(.data) for _syscall_table_begin
    cmd.o(i.list_find_init) refers to object.o(i.rt_object_get_information) for rt_object_get_information
    cmd.o(i.list_get_next) refers to context_rvds.o(.text) for rt_hw_interrupt_disable
    cmd.o(i.list_mailbox) refers to cmd.o(i.list_find_init) for list_find_init
    cmd.o(i.list_mailbox) refers to kservice.o(i.rt_kprintf) for rt_kprintf
    cmd.o(i.list_mailbox) refers to cmd.o(i.object_split) for object_split
    cmd.o(i.list_mailbox) refers to cmd.o(i.list_get_next) for list_get_next
    cmd.o(i.list_mailbox) refers to context_rvds.o(.text) for rt_hw_interrupt_disable
    cmd.o(i.list_mailbox) refers to cmd.o(i.rt_list_isempty) for rt_list_isempty
    cmd.o(i.list_mailbox) refers to cmd.o(i.rt_list_len) for rt_list_len
    cmd.o(i.list_mailbox) refers to cmd.o(i.show_wait_queue) for show_wait_queue
    cmd.o(i.list_sem) refers to cmd.o(i.list_find_init) for list_find_init
    cmd.o(i.list_sem) refers to kservice.o(i.rt_kprintf) for rt_kprintf
[...]
    SetSysClock                              0x0800083d   Thumb Code     8  system_stm32f10x.o(i.SetSysClock)
    i.SetSysClockTo72                        0x08000844   Section        0  system_stm32f10x.o(i.SetSysClockTo72)
    SetSysClockTo72                          0x08000845   Thumb Code   214  system_stm32f10x.o(i.SetSysClockTo72)
    i.SysTick_Handler                        0x08000924   Section        0  board.o(i.SysTick_Handler)
    i.SystemCoreClockUpdate                  0x08000934   Section        0  system_stm32f10x.o(i.SystemCoreClockUpdate)
    i.SystemInit                             0x080009d8   Section        0  system_stm32f10x.o(i.SystemInit)
    i.USART1_IRQHandler                      0x08000a38   Section        0  board.o(i.USART1_IRQHandler)
    i.USART_Cmd                              0x08000a6c   Section        0  stm32f10x_usart.o(i.USART_Cmd)
    i.USART_GetFlagStatus                    0x08000a84   Section        0  stm32f10x_usart.o(i.USART_GetFlagStatus)
    i.USART_ITConfig                         0x08000a9e   Section        0  stm32f10x_usart.o(i.USART_ITConfig)
    i.USART_Init                             0x08000ae8   Section        0  stm32f10x_usart.o(i.USART_Init)
    i.USART_SendData                         0x08000bc0   Section        0  stm32f10x_usart.o(i.USART_SendData)
    i._SysTick_Config                        0x08000bc8   Section        0  board.o(i._SysTick_Config)
    _SysTick_Config                          0x08000bc9   Thumb Code    44  board.o(i._SysTick_Config)
    i.__rt_ffs                               0x08000bf8   Section        0  kservice.o(i.__rt_ffs)
    i._has_defunct_thread                    0x08000c44   Section        0  idle.o(i._has_defunct_thread)
    _has_defunct_thread                      0x08000c45   Thumb Code    16  idle.o(i._has_defunct_thread)
    i._msh_exec_cmd                          0x08000c58   Section        0  msh.o(i._msh_exec_cmd)
    _msh_exec_cmd                            0x08000c59   Thumb Code   106  msh.o(i._msh_exec_cmd)
    i._rt_thread_init                        0x08000cc4   Section        0  thread.o(i._rt_thread_init)
    _rt_thread_init                          0x08000cc5   Thumb Code   124  thread.o(i._rt_thread_init)
    i._rt_timer_init                         0x08000d48   Section        0  timer.o(i._rt_timer_init)
    _rt_timer_init                           0x08000d49   Thumb Code    66  timer.o(i._rt_timer_init)
    i._rt_timer_remove                       0x08000d8a   Section        0  timer.o(i._rt_timer_remove)
    _rt_timer_remove                         0x08000d8b   Thumb Code    46  timer.o(i._rt_timer_remove)
    i.bus_fault_track                        0x08000db8   Section        0  cpuport.o(i.bus_fault_track)
    bus_fault_track                          0x08000db9   Thumb Code   130  cpuport.o(i.bus_fault_track)
    i.cmd_free                               0x08000eb4   Section        0  msh.o(i.cmd_free)
    i.cmd_ps                                 0x08000ec2   Section        0  msh.o(i.cmd_ps)
    i.finsh_get_prompt                       0x08000ed0   Section        0  shell.o(i.finsh_get_prompt)
    i.finsh_getchar                          0x08000f44   Section        0  shell.o(i.finsh_getchar)
    finsh_getchar                            0x08000f45   Thumb Code     8  shell.o(i.finsh_getchar)
    i.finsh_set_prompt_mode                  0x08000f4c   Section        0  shell.o(i.finsh_set_prompt_mode)
    i.finsh_system_function_init             0x08000f68   Section        0  shell.o(i.finsh_system_function_init)
    i.finsh_system_init                      0x08000f7c   Section        0  shell.o(i.finsh_system_init)
    i.finsh_thread_entry                     0x08001018   Section        0  shell.o(i.finsh_thread_entry)
    i.get_adc                                0x080013e0   Section        0  thread_mw.o(i.get_adc)
    i.hard_fault_track                       0x080013fc   Section        0  cpuport.o(i.hard_fault_track)
    hard_fault_track                         0x080013fd   Thumb Code    82  cpuport.o(i.hard_fault_track)
    i.hello                                  0x0800147c   Section        0  cmd.o(i.hello)
    i.list                                   0x0800149c   Section        0  cmd.o(i.list)
    i.list_find_init                         0x080014f4   Section        0  cmd.o(i.list_find_init)
    list_find_init                           0x080014f5   Thumb Code    42  cmd.o(i.list_find_init)
    i.list_get_next                          0x0800151e   Section        0  cmd.o(i.list_get_next)
    list_get_next                            0x0800151f   Thumb Code   136  cmd.o(i.list_get_next)
    i.list_mailbox                           0x080015a8   Section        0  cmd.o(i.list_mailbox)
    i.list_mem                               0x08001704   Section        0  mem.o(i.list_mem)
    i.list_sem                               0x0800177c   Section        0  cmd.o(i.list_sem)
    i.list_thread                            0x080018b4   Section        0  cmd.o(i.list_thread)
    i.list_timer                             0x08001a98   Section        0  cmd.o(i.list_timer)
    i.main                                   0x08001bf8   Section        0  main.o(i.main)
    i.main_thread_entry                      0x08001cf4   Section        0  components.o(i.main_thread_entry)
    i.mem_manage_fault_track                 0x08001d04   Section        0  cpuport.o(i.mem_manage_fault_track)
    mem_manage_fault_track                   0x08001d05   Thumb Code   114  cpuport.o(i.mem_manage_fault_track)
    i.msh_auto_complete                      0x08001dec   Section        0  msh.o(i.msh_auto_complete)
    i.msh_exec                               0x08001e8c   Section        0  msh.o(i.msh_exec)
    i.msh_get_cmd                            0x08001ef8   Section        0  msh.o(i.msh_get_cmd)
    msh_get_cmd                              0x08001ef9   Thumb Code    76  msh.o(i.msh_get_cmd)
    i.msh_help                               0x08001f54   Section        0  msh.o(i.msh_help)
    i.msh_is_used                            0x08001fc8   Section        0  msh.o(i.msh_is_used)
    i.msh_split                              0x08001fcc   Section        0  msh.o(i.msh_split)
    msh_split                                0x08001fcd   Thumb Code   202  msh.o(i.msh_split)
    i.object_split                           0x080020bc   Section        0  cmd.o(i.object_split)
    object_split                             0x080020bd   Thumb Code    22  cmd.o(i.object_split)
    i.plug_holes                             0x080020d8   Section        0  mem.o(i.plug_holes)
    plug_holes                               0x080020d9   Thumb Code   108  mem.o(i.plug_holes)
    i.print_number                           0x08002150   Section        0  kservice.o(i.print_number)
    print_number                             0x08002151   Thumb Code   400  kservice.o(i.print_number)
    i.rt_application_init                    0x080022e8   Section        0  components.o(i.rt_application_init)
    i.rt_calloc                              0x08002314   Section        0  mem.o(i.rt_calloc)
    i.rt_components_board_init               0x08002338   Section        0  components.o(i.rt_components_board_init)
    i.rt_components_init                     0x08002354   Section        0  components.o(i.rt_components_init)
    i.rt_enter_critical                      0x08002370   Section        0  scheduler.o(i.rt_enter_critical)
    i.rt_exit_critical                       0x08002390   Section        0  scheduler.o(i.rt_exit_critical)
    i.rt_free                                0x080023d4   Section        0  mem.o(i.rt_free)
    i.rt_heap_begin_get                      0x080024b4   Section        0  board.o(i.rt_heap_begin_get)
    i.rt_heap_end_get                        0x080024bc   Section        0  board.o(i.rt_heap_end_get)
    i.rt_hw_board_init                       0x080024c4   Section        0  board.o(i.rt_hw_board_init)
    i.rt_hw_console_getchar                  0x08002500   Section        0  board.o(i.rt_hw_console_getchar)
    i.rt_hw_console_output                   0x0800252c   Section        0  board.o(i.rt_hw_console_output)
    i.rt_hw_hard_fault_exception             0x08002584   Section        0  cpuport.o(i.rt_hw_hard_fault_exception)
    i.rt_hw_stack_init                       0x0800278c   Section        0  cpuport.o(i.rt_hw_stack_init)
    i.rt_interrupt_enter                     0x080027d8   Section        0  irq.o(i.rt_interrupt_enter)
    i.rt_interrupt_leave                     0x080027f8   Section        0  irq.o(i.rt_interrupt_leave)
    i.rt_ipc_list_resume                     0x08002818   Section        0  ipc.o(i.rt_ipc_list_resume)
    rt_ipc_list_resume                       0x08002819   Thumb Code    20  ipc.o(i.rt_ipc_list_resume)
    i.rt_ipc_list_suspend                    0x0800282c   Section        0  ipc.o(i.rt_ipc_list_suspend)
    rt_ipc_list_suspend                      0x0800282d   Thumb Code   108  ipc.o(i.rt_ipc_list_suspend)
    i.rt_ipc_object_init                     0x08002898   Section        0  ipc.o(i.rt_ipc_object_init)
    rt_ipc_object_init                       0x08002899   Thumb Code    16  ipc.o(i.rt_ipc_object_init)
    i.rt_kprintf                             0x080028a8   Section        0  kservice.o(i.rt_kprintf)
    i.rt_list_init                           0x080028d8   Section        0  ipc.o(i.rt_list_init)
    rt_list_init                             0x080028d9   Thumb Code     6  ipc.o(i.rt_list_init)
    i.rt_list_init                           0x080028de   Section        0  scheduler.o(i.rt_list_init)
    rt_list_init                             0x080028df   Thumb Code     6  scheduler.o(i.rt_list_init)
    i.rt_list_init                           0x080028e4   Section        0  timer.o(i.rt_list_init)
    rt_list_init                             0x080028e5   Thumb Code     6  timer.o(i.rt_list_init)
    i.rt_list_insert_after                   0x080028ea   Section        0  object.o(i.rt_list_insert_after)
    rt_list_insert_after                     0x080028eb   Thumb Code    14  object.o(i.rt_list_insert_after)
    i.rt_list_insert_after                   0x080028f8   Section        0  thread.o(i.rt_list_insert_after)
    rt_list_insert_after                     0x080028f9   Thumb Code    14  thread.o(i.rt_list_insert_after)
    i.rt_list_insert_after                   0x08002906   Section        0  timer.o(i.rt_list_insert_after)
    rt_list_insert_after                     0x08002907   Thumb Code    14  timer.o(i.rt_list_insert_after)
    i.rt_list_insert_before                  0x08002914   Section        0  ipc.o(i.rt_list_insert_before)
    rt_list_insert_before                    0x08002915   Thumb Code    14  ipc.o(i.rt_list_insert_before)
    i.rt_list_isempty                        0x08002922   Section        0  cmd.o(i.rt_list_isempty)
    rt_list_isempty                          0x08002923   Thumb Code    16  cmd.o(i.rt_list_isempty)
    i.rt_list_isempty                        0x08002932   Section        0  ipc.o(i.rt_list_isempty)
    rt_list_isempty                          0x08002933   Thumb Code    16  ipc.o(i.rt_list_isempty)
    i.rt_list_isempty                        0x08002942   Section        0  timer.o(i.rt_list_isempty)
    rt_list_isempty                          0x08002943   Thumb Code    16  timer.o(i.rt_list_isempty)
    i.rt_list_len                            0x08002952   Section        0  cmd.o(i.rt_list_len)
    rt_list_len                              0x08002953   Thumb Code    20  cmd.o(i.rt_list_len)
    i.rt_list_remove                         0x08002966   Section        0  object.o(i.rt_list_remove)
    rt_list_remove                           0x08002967   Thumb Code    18  object.o(i.rt_list_remove)
    i.rt_list_remove                         0x08002978   Section        0  thread.o(i.rt_list_remove)
    rt_list_remove                           0x08002979   Thumb Code    18  thread.o(i.rt_list_remove)
    i.rt_malloc                              0x0800298c   Section        0  mem.o(i.rt_malloc)
    i.rt_memmove                             0x08002af8   Section        0  kservice.o(i.rt_memmove)
    i.rt_memset                              0x08002b3a   Section        0  kservice.o(i.rt_memset)
    i.rt_object_allocate                     0x08002b82   Section        0  object.o(i.rt_object_allocate)
    i.rt_object_delete                       0x08002bd6   Section        0  object.o(i.rt_object_delete)
    i.rt_object_detach                       0x08002bfa   Section        0  object.o(i.rt_object_detach)
    i.rt_object_get_information              0x08002c18   Section        0  object.o(i.rt_object_get_information)
    i.rt_object_init                         0x08002c40   Section        0  object.o(i.rt_object_init)
    i.rt_object_is_systemobject              0x08002c96   Section        0  object.o(i.rt_object_is_systemobject)
    i.rt_schedule                            0x08002ca8   Section        0  scheduler.o(i.rt_schedule)
    i.rt_schedule_insert_thread              0x08002d2c   Section        0  scheduler.o(i.rt_schedule_insert_thread)
    i.rt_schedule_remove_thread              0x08002d7c   Section        0  scheduler.o(i.rt_schedule_remove_thread)
    i.rt_sem_init                            0x08002dd0   Section        0  ipc.o(i.rt_sem_init)
    i.rt_sem_release                         0x08002df6   Section        0  ipc.o(i.rt_sem_release)
    i.rt_sem_take                            0x08002e30   Section        0  ipc.o(i.rt_sem_take)
    i.rt_show_version                        0x08002ea4   Section        0  kservice.o(i.rt_show_version)
    i.rt_strlen                              0x08002f54   Section        0  kservice.o(i.rt_strlen)
    i.rt_strncpy                             0x08002f66   Section        0  kservice.o(i.rt_strncpy)
    i.rt_system_heap_init                    0x08002f9c   Section        0  mem.o(i.rt_system_heap_init)
    i.rt_system_scheduler_init               0x08003094   Section        0  scheduler.o(i.rt_system_scheduler_init)
    i.rt_system_scheduler_start              0x080030e0   Section        0  scheduler.o(i.rt_system_scheduler_start)
    i.rt_system_timer_init                   0x08003110   Section        0  timer.o(i.rt_system_timer_init)
    i.rt_system_timer_thread_init            0x0800312c   Section        0  timer.o(i.rt_system_timer_thread_init)
    i.rt_thread_create                       0x0800312e   Section        0  thread.o(i.rt_thread_create)
    i.rt_thread_delay                        0x0800317e   Section        0  thread.o(i.rt_thread_delay)
    i.rt_thread_exit                         0x0800318c   Section        0  thread.o(i.rt_thread_exit)
    i.rt_thread_idle_entry                   0x080031e0   Section        0  idle.o(i.rt_thread_idle_entry)
    rt_thread_idle_entry                     0x080031e1   Thumb Code     8  idle.o(i.rt_thread_idle_entry)
    i.rt_thread_idle_excute                  0x080031e8   Section        0  idle.o(i.rt_thread_idle_excute)
    i.rt_thread_idle_init                    0x08003274   Section        0  idle.o(i.rt_thread_idle_init)
    i.rt_thread_init                         0x080032b0   Section        0  thread.o(i.rt_thread_init)
    i.rt_thread_resume                       0x080032e4   Section        0  thread.o(i.rt_thread_resume)
    i.rt_thread_self                         0x08003320   Section        0  thread.o(i.rt_thread_self)
    i.rt_thread_sleep                        0x0800332c   Section        0  thread.o(i.rt_thread_sleep)
    i.rt_thread_startup                      0x08003370   Section        0  thread.o(i.rt_thread_startup)
    i.rt_thread_suspend                      0x0800339c   Section        0  thread.o(i.rt_thread_suspend)
    i.rt_thread_timeout                      0x080033e0   Section        0  thread.o(i.rt_thread_timeout)
    i.rt_thread_yield                        0x08003400   Section        0  thread.o(i.rt_thread_yield)
    i.rt_tick_get                            0x08003464   Section        0  clock.o(i.rt_tick_get)
    i.rt_tick_increase                       0x08003470   Section        0  clock.o(i.rt_tick_increase)
    i.rt_timer_check                         0x080034a0   Section        0  timer.o(i.rt_timer_check)
    i.rt_timer_control                       0x0800351c   Section        0  timer.o(i.rt_timer_control)
    i.rt_timer_detach                        0x08003554   Section        0  timer.o(i.rt_timer_detach)
    i.rt_timer_init                          0x08003574   Section        0  timer.o(i.rt_timer_init)
    i.rt_timer_start                         0x080035a4   Section        0  timer.o(i.rt_timer_start)
    i.rt_timer_stop                          0x0800369c   Section        0  timer.o(i.rt_timer_stop)
    i.rt_vsnprintf                           0x080036cc   Section        0  kservice.o(i.rt_vsnprintf)
    i.rti_board_end                          0x080039fc   Section        0  components.o(i.rti_board_end)
    rti_board_end                            0x080039fd   Thumb Code     4  components.o(i.rti_board_end)
    i.rti_board_start                        0x08003a00   Section        0  components.o(i.rti_board_start)
    rti_board_start                          0x08003a01   Thumb Code     4  components.o(i.rti_board_start)
    i.rti_end                                0x08003a04   Section        0  components.o(i.rti_end)
    rti_end                                  0x08003a05   Thumb Code     4  components.o(i.rti_end)
    i.rti_start                              0x08003a08   Section        0  components.o(i.rti_start)
    rti_start                                0x08003a09   Thumb Code     4  components.o(i.rti_start)
    i.rtthread_startup                       0x08003a0c   Section        0  components.o(i.rtthread_startup)
    i.send_data                              0x08003a38   Section        0  thread_mw.o(i.send_data)
    i.shell_auto_complete                    0x08003a54   Section        0  shell.o(i.shell_auto_complete)
    shell_auto_complete                      0x08003a55   Thumb Code    42  shell.o(i.shell_auto_complete)
    i.show_wait_queue                        0x08003a8c   Section        0  cmd.o(i.show_wait_queue)
    show_wait_queue                          0x08003a8d   Thumb Code    40  cmd.o(i.show_wait_queue)
    i.skip_atoi                              0x08003abc   Section        0  kservice.o(i.skip_atoi)
    skip_atoi                                0x08003abd   Thumb Code    38  kservice.o(i.skip_atoi)
    i.str_common                             0x08003ae2   Section        0  msh.o(i.str_common)
    str_common                               0x08003ae3   Thumb Code    32  msh.o(i.str_common)
    i.time_thread                            0x08003b04   Section        0  thread_mw.o(i.time_thread)
    i.uart_init                              0x08003bd8   Section        0  board.o(i.uart_init)
    i.usage_fault_track                      0x08003c78   Section        0  cpuport.o(i.usage_fault_track)
    usage_fault_track                        0x08003c79   Thumb Code   122  cpuport.o(i.usage_fault_track)
    i.version                                0x08003d60   Section        0  cmd.o(i.version)
    .constdata                               0x08003d6a   Section      147  cmd.o(.constdata)
    .constdata                               0x08003dfd   Section       31  msh.o(.constdata)
    .constdata                               0x08003e1c   Section      290  kservice.o(.constdata)
    small_digits                             0x08003f1c   Data          17  kservice.o(.constdata)
    large_digits                             0x08003f2d   Data          17  kservice.o(.constdata)
    .constdata                               0x08003f3e   Section        9  mem.o(.constdata)
    .conststring                             0x08003f48   Section       68  cmd.o(.conststring)
    .rti_fn.0                                0x08003f8c   Section        4  components.o(.rti_fn.0)
    __tagsym$$used                           0x08003f8c   Number         0  components.o(.rti_fn.0)
    .rti_fn.0.end                            0x08003f90   Section        4  components.o(.rti_fn.0.end)
    __tagsym$$used                           0x08003f90   Number         0  components.o(.rti_fn.0.end)
    .rti_fn.1.end                            0x08003f94   Section        4  components.o(.rti_fn.1.end)
    __tagsym$$used                           0x08003f94   Number         0  components.o(.rti_fn.1.end)
    .rti_fn.6                                0x08003f98   Section        4  shell.o(.rti_fn.6)
    __tagsym$$used                           0x08003f98   Number         0  shell.o(.rti_fn.6)
    .rti_fn.6.end                            0x08003f9c   Section        4  components.o(.rti_fn.6.end)
    __tagsym$$used                           0x08003f9c   Number         0  components.o(.rti_fn.6.end)
    FSymTab                                  0x08003fa0   Section       96  cmd.o(FSymTab)
    __tagsym$$used                           0x08003fa0   Number         0  cmd.o(FSymTab)
    __tagsym$$used                           0x08003fa8   Number         0  cmd.o(FSymTab)
    __tagsym$$used                           0x08003fb0   Number         0  cmd.o(FSymTab)
    __tagsym$$used                           0x08003fb8   Number         0  cmd.o(FSymTab)
    __tagsym$$used                           0x08003fc0   Number         0  cmd.o(FSymTab)
    __tagsym$$used                           0x08003fc8   Number         0  cmd.o(FSymTab)
    __tagsym$$used                           0x08003fd0   Number         0  cmd.o(FSymTab)
    __tagsym$$used                           0x08003fd8   Number         0  cmd.o(FSymTab)
    __tagsym$$used                           0x08003fe0   Number         0  cmd.o(FSymTab)
    __tagsym$$used                           0x08003fe8   Number         0  cmd.o(FSymTab)
    __tagsym$$used                           0x08003ff0   Number         0  cmd.o(FSymTab)
    __tagsym$$used                           0x08003ff8   Number         0  cmd.o(FSymTab)
    FSymTab                                  0x08004000   Section       24  msh.o(FSymTab)
    __tagsym$$used                           0x08004000   Number         0  msh.o(FSymTab)
    __tagsym$$used                           0x08004008   Number         0  msh.o(FSymTab)
    __tagsym$$used                           0x08004010   Number         0  msh.o(FSymTab)
    FSymTab                                  0x08004018   Section        8  mem.o(FSymTab)
    __tagsym$$used                           0x08004018   Number         0  mem.o(FSymTab)
    .data                                    0x20000000   Section       12  main.o(.data)
    .data                                    0x2000000c   Section        4  thread_mw.o(.data)
    .data                                    0x20000010   Section       20  stm32f10x_rcc.o(.data)
    APBAHBPrescTable                         0x20000010   Data          16  stm32f10x_rcc.o(.data)
    ADCPrescTable                            0x20000020   Data           4  stm32f10x_rcc.o(.data)
    .data                                    0x20000024   Section       20  system_stm32f10x.o(.data)
    .data                                    0x20000038   Section       24  shell.o(.data)
    finsh_prompt_custom                      0x2000004c   Data           4  shell.o(.data)
    .data                                    0x20000050   Section       16  cpuport.o(.data)
    rt_exception_hook                        0x2000005c   Data           4  cpuport.o(.data)
    .data                                    0x20000060   Section        4  clock.o(.data)
    rt_tick                                  0x20000060   Data           4  clock.o(.data)
    .data                                    0x20000064   Section        1  irq.o(.data)
    .data                                    0x20000068   Section       24  mem.o(.data)
    heap_ptr                                 0x20000068   Data           4  mem.o(.data)
    heap_end                                 0x2000006c   Data           4  mem.o(.data)
    lfree                                    0x20000070   Data           4  mem.o(.data)
    mem_size_aligned                         0x20000074   Data           4  mem.o(.data)
    used_mem                                 0x20000078   Data           4  mem.o(.data)
    max_mem                                  0x2000007c   Data           4  mem.o(.data)
    .data                                    0x20000080   Section       64  object.o(.data)
    rt_object_container                      0x20000080   Data          64  object.o(.data)
    .data                                    0x200000c0   Section       24  scheduler.o(.data)
    rt_scheduler_lock_nest                   0x200000c0   Data           2  scheduler.o(.data)
    .data                                    0x200000d8   Section       12  timer.o(.data)
    rt_timer_list                            0x200000d8   Data           8  timer.o(.data)
    random_nr                                0x200000e0   Data           4  timer.o(.data)
    .data                                    0x200000e4   Section        2  board.o(.data)
    .bss                                     0x200000e8   Section      129  shell.o(.bss)
    finsh_prompt                             0x200000e8   Data         129  shell.o(.bss)
    .bss                                     0x2000016c   Section      376  idle.o(.bss)
    idle                                     0x2000016c   Data         120  idle.o(.bss)
    rt_thread_stack                          0x200001e4   Data         256  idle.o(.bss)
    .bss                                     0x200002e4   Section      128  kservice.o(.bss)
    rt_log_buf                               0x200002e4   Data         128  kservice.o(.bss)
    .bss                                     0x20000364   Section       32  mem.o(.bss)
    heap_sem                                 0x20000364   Data          32  mem.o(.bss)
    .bss                                     0x20000384   Section       64  scheduler.o(.bss)
    .bss                                     0x200003c4   Section     4096  board.o(.bss)
    rt_heap                                  0x200003c4   Data        4096  board.o(.bss)
    .bss                                     0x200013c4   Section       96  libspace.o(.bss)
    HEAP                                     0x20001428   Section      512  startup_stm32f10x_md.o(HEAP)
    Heap_Mem                                 0x20001428   Data         512  startup_stm32f10x_md.o(HEAP)
    STACK                                    0x20001628   Section     1024  startup_stm32f10x_md.o(STACK)
    Stack_Mem                                0x20001628   Data        1024  startup_stm32f10x_md.o(STACK)
    __initial_sp                             0x20001a28   Data           0  startup_stm32f10x_md.o(STACK)

    Global Symbols

    Symbol Name                              Value     Ov Type        Size  Object(Section)

    BuildAttributes$$THM_ISAv4$P$D$K$B$S$PE$A:L22UL41UL21$X:L11$S22US41US21$IEEE1$IW$USESV6$~STKCKD$USESV7$~SHL$OSPACE$ROPI$EBA8$UX$STANDARDLIB$REQ8$PRES8$EABIv2 0x00000000   Number         0  anon$$obj.o ABSOLUTE
    __ARM_use_no_argv                        0x00000000   Number         0  main.o ABSOLUTE
    __ARM_exceptions_init                     - Undefined Weak Reference
    __alloca_initialize                       - Undefined Weak Reference
    __arm_preinit_                            - Undefined Weak Reference
    __cpp_initialize__aeabi_                  - Undefined Weak Reference
    __cxa_finalize                            - Undefined Weak Reference
    __rt_locale                               - Undefined Weak Reference
    __sigvec_lookup                           - Undefined Weak Reference
    _atexit_init                              - Undefined Weak Reference
    _call_atexit_fns                          - Undefined Weak Reference
    _clock_init                               - Undefined Weak Reference
    _fp_trap_init                             - Undefined Weak Reference
    _fp_trap_shutdown                         - Undefined Weak Reference
    _get_lc_collate                           - Undefined Weak Reference
    _get_lc_ctype                             - Undefined Weak Reference
    _get_lc_monetary                          - Undefined Weak Reference
    _get_lc_numeric                           - Undefined Weak Reference
    _get_lc_time                              - Undefined Weak Reference
    _getenv_init                              - Undefined Weak Reference
    _handle_redirection                       - Undefined Weak Reference
    _init_alloc                               - Undefined Weak Reference
    _init_user_alloc                          - Undefined Weak Reference
    _initio                                   - Undefined Weak Reference
    _rand_init                                - Undefined Weak Reference
    _signal_finish                            - Undefined Weak Reference
    _signal_init                              - Undefined Weak Reference
    _terminate_alloc                          - Undefined Weak Reference
    _terminate_user_alloc                     - Undefined Weak Reference
    _terminateio                              - Undefined Weak Reference
    __Vectors_Size                           0x000000ec   Number         0  startup_stm32f10x_md.o ABSOLUTE
    __Vectors                                0x08000000   Data           4  startup_stm32f10x_md.o(RESET)
    __Vectors_End                            0x080000ec   Data           0  startup_stm32f10x_md.o(RESET)
    __main                                   0x080000ed   Thumb Code     8  __main.o(!!!main)
    __scatterload                            0x080000f5   Thumb Code     0  __scatter.o(!!!scatter)
    __scatterload_rt2                        0x080000f5   Thumb Code    44  __scatter.o(!!!scatter)
    __scatterload_rt2_thumb_only             0x080000f5   Thumb Code     0  __scatter.o(!!!scatter)
    __scatterload_null                       0x08000103   Thumb Code     0  __scatter.o(!!!scatter)
    __scatterload_copy                       0x08000129   Thumb Code    26  __scatter_copy.o(!!handler_copy)
    __scatterload_zeroinit                   0x08000145   Thumb Code    28  __scatter_zi.o(!!handler_zi)
    __rt_lib_init                            0x08000161   Thumb Code     0  libinit.o(.ARM.Collect$$libinit$$00000000)
    __rt_lib_init_alloca_1                   0x08000163   Thumb Code     0  libinit2.o(.ARM.Collect$$libinit$$0000002E)
    __rt_lib_init_argv_1                     0x08000163   Thumb Code     0  libinit2.o(.ARM.Collect$$libinit$$0000002C)
    __rt_lib_init_atexit_1                   0x08000163   Thumb Code     0  libinit2.o(.ARM.Collect$$libinit$$0000001B)
    __rt_lib_init_clock_1                    0x08000163   Thumb Code     0  libinit2.o(.ARM.Collect$$libinit$$00000021)
    __rt_lib_init_cpp_1                      0x08000163   Thumb Code     0  libinit2.o(.ARM.Collect$$libinit$$00000032)
    __rt_lib_init_exceptions_1               0x08000163   Thumb Code     0  libinit2.o(.ARM.Collect$$libinit$$00000030)
    __rt_lib_init_fp_1                       0x08000163   Thumb Code     0  libinit2.o(.ARM.Collect$$libinit$$00000002)
    __rt_lib_init_fp_trap_1                  0x08000163   Thumb Code     0  libinit2.o(.ARM.Collect$$libinit$$0000001F)
    __rt_lib_init_getenv_1                   0x08000163   Thumb Code     0  libinit2.o(.ARM.Collect$$libinit$$00000023)
    __rt_lib_init_heap_1                     0x08000163   Thumb Code     0  libinit2.o(.ARM.Collect$$libinit$$0000000A)
    __rt_lib_init_lc_collate_1               0x08000163   Thumb Code     0  libinit2.o(.ARM.Collect$$libinit$$00000011)
    __rt_lib_init_lc_ctype_1                 0x08000163   Thumb Code     0  libinit2.o(.ARM.Collect$$libinit$$00000013)
    __rt_lib_init_lc_monetary_1              0x08000163   Thumb Code     0  libinit2.o(.ARM.Collect$$libinit$$00000015)
    __rt_lib_init_lc_numeric_1               0x08000163   Thumb Code     0  libinit2.o(.ARM.Collect$$libinit$$00000017)
    __rt_lib_init_lc_time_1                  0x08000163   Thumb Code     0  libinit2.o(.ARM.Collect$$libinit$$00000019)
    __rt_lib_init_preinit_1                  0x08000163   Thumb Code     0  libinit2.o(.ARM.Collect$$libinit$$00000004)
    __rt_lib_init_rand_1                     0x08000163   Thumb Code     0  libinit2.o(.ARM.Collect$$libinit$$0000000E)
    __rt_lib_init_return                     0x08000163   Thumb Code     0  libinit2.o(.ARM.Collect$$libinit$$00000033)
    __rt_lib_init_signal_1                   0x08000163   Thumb Code     0  libinit2.o(.ARM.Collect$$libinit$$0000001D)
    __rt_lib_init_stdio_1                    0x08000163   Thumb Code     0  libinit2.o(.ARM.Collect$$libinit$$00000025)
    __rt_lib_init_user_alloc_1               0x08000163   Thumb Code     0  libinit2.o(.ARM.Collect$$libinit$$0000000C)
    __rt_lib_shutdown                        0x08000165   Thumb Code     0  libshutdown.o(.ARM.Collect$$libshutdown$$00000000)
    __rt_lib_shutdown_cpp_1                  0x08000167   Thumb Code     0  libshutdown2.o(.ARM.Collect$$libshutdown$$00000002)
    __rt_lib_shutdown_fp_trap_1              0x08000167   Thumb Code     0  libshutdown2.o(.ARM.Collect$$libshutdown$$00000007)
    __rt_lib_shutdown_heap_1                 0x08000167   Thumb Code     0  libshutdown2.o(.ARM.Collect$$libshutdown$$0000000F)
    __rt_lib_shutdown_return                 0x08000167   Thumb Code     0  libshutdown2.o(.ARM.Collect$$libshutdown$$00000010)
    __rt_lib_shutdown_signal_1               0x08000167   Thumb Code     0  libshutdown2.o(.ARM.Collect$$libshutdown$$0000000A)
    __rt_lib_shutdown_stdio_1                0x08000167   Thumb Code     0  libshutdown2.o(.ARM.Collect$$libshutdown$$00000004)
    __rt_lib_shutdown_user_alloc_1           0x08000167   Thumb Code     0  libshutdown2.o(.ARM.Collect$$libshutdown$$0000000C)
    __rt_entry                               0x08000169   Thumb Code     0  __rtentry.o(.ARM.Collect$$rtentry$$00000000)
    __rt_entry_presh_1                       0x08000169   Thumb Code     0  __rtentry2.o(.ARM.Collect$$rtentry$$00000002)
    __rt_entry_sh                            0x08000169   Thumb Code     0  __rtentry4.o(.ARM.Collect$$rtentry$$00000004)
    __rt_entry_li                            0x0800016f   Thumb Code     0  __rtentry2.o(.ARM.Collect$$rtentry$$0000000A)
    __rt_entry_postsh_1                      0x0800016f   Thumb Code     0  __rtentry2.o(.ARM.Collect$$rtentry$$00000009)
    __rt_entry_main                          0x08000173   Thumb Code     0  __rtentry2.o(.ARM.Collect$$rtentry$$0000000D)
    __rt_entry_postli_1                      0x08000173   Thumb Code     0  __rtentry2.o(.ARM.Collect$$rtentry$$0000000C)
    __rt_exit                                0x0800017b   Thumb Code     0  rtexit.o(.ARM.Collect$$rtexit$$00000000)
    __rt_exit_ls                             0x0800017d   Thumb Code     0  rtexit2.o(.ARM.Collect$$rtexit$$00000003)
    __rt_exit_prels_1                        0x0800017d   Thumb Code     0  rtexit2.o(.ARM.Collect$$rtexit$$00000002)
    __rt_exit_exit                           0x08000181   Thumb Code     0  rtexit2.o(.ARM.Collect$$rtexit$$00000004)
    Reset_Handler                            0x08000189   Thumb Code     8  startup_stm32f10x_md.o(.text)
    NMI_Handler                              0x08000191   Thumb Code     2  startup_stm32f10x_md.o(.text)
    MemManage_Handler                        0x08000195   Thumb Code     2  startup_stm32f10x_md.o(.text)
    BusFault_Handler                         0x08000197   Thumb Code     2  startup_stm32f10x_md.o(.text)
    UsageFault_Handler                       0x08000199   Thumb Code     2  startup_stm32f10x_md.o(.text)
    SVC_Handler                              0x0800019b   Thumb Code     2  startup_stm32f10x_md.o(.text)
    DebugMon_Handler                         0x0800019d   Thumb Code     2  startup_stm32f10x_md.o(.text)
    ADC1_2_IRQHandler                        0x080001a3   Thumb Code     0  startup_stm32f10x_md.o(.text)
    CAN1_RX1_IRQHandler                      0x080001a3   Thumb Code     0  startup_stm32f10x_md.o(.text)
    CAN1_SCE_IRQHandler                      0x080001a3   Thumb Code     0  startup_stm32f10x_md.o(.text)
    DMA1_Channel1_IRQHandler                 0x080001a3   Thumb Code     0  startup_stm32f10x_md.o(.text)
    DMA1_Channel2_IRQHandler                 0x080001a3   Thumb Code     0  startup_stm32f10x_md.o(.text)
    DMA1_Channel3_IRQHandler                 0x080001a3   Thumb Code     0  startup_stm32f10x_md.o(.text)
    DMA1_Channel4_IRQHandler                 0x080001a3   Thumb Code     0  startup_stm32f10x_md.o(.text)
    DMA1_Channel5_IRQHandler                 0x080001a3   Thumb Code     0  startup_stm32f10x_md.o(.text)
    DMA1_Channel6_IRQHandler                 0x080001a3   Thumb Code     0  startup_stm32f10x_md.o(.text)
    DMA1_Channel7_IRQHandler                 0x080001a3   Thumb Code     0  startup_stm32f10x_md.o(.text)
    EXTI0_IRQHandler                         0x080001a3   Thumb Code     0  startup_stm32f10x_md.o(.text)
    EXTI15_10_IRQHandler                     0x080001a3   Thumb Code     0  startup_stm32f10x_md.o(.text)
    EXTI1_IRQHandler                         0x080001a3   Thumb Code     0  startup_stm32f10x_md.o(.text)
    EXTI2_IRQHandler                         0x080001a3   Thumb Code     0  startup_stm32f10x_md.o(.text)
    EXTI3_IRQHandler                         0x080001a3   Thumb Code     0  startup_stm32f10x_md.o(.text)
    EXTI4_IRQHandler                         0x080001a3   Thumb Code     0  startup_stm32f10x_md.o(.text)
    EXTI9_5_IRQHandler                       0x080001a3   Thumb Code     0  startup_stm32f10x_md.o(.text)
    FLASH_IRQHandler                         0x080001a3   Thumb Code     0  startup_stm32f10x_md.o(.text)
    I2C1_ER_IRQHandler                       0x080001a3   Thumb Code     0  startup_stm32f10x_md.o(.text)
    I2C1_EV_IRQHandler                       0x080001a3   Thumb Code     0  startup_stm32f10x_md.o(.text)
    I2C2_ER_IRQHandler                       0x080001a3   Thumb Code     0  startup_stm32f10x_md.o(.text)
    I2C2_EV_IRQHandler                       0x080001a3   Thumb Code     0  startup_stm32f10x_md.o(.text)
    PVD_IRQHandler                           0x080001a3   Thumb Code     0  startup_stm32f10x_md.o(.text)
    RCC_IRQHandler                           0x080001a3   Thumb Code     0  startup_stm32f10x_md.o(.text)
    RTCAlarm_IRQHandler                      0x080001a3   Thumb Code     0  startup_stm32f10x_md.o(.text)
    RTC_IRQHandler                           0x080001a3   Thumb Code     0  startup_stm32f10x_md.o(.text)
    SPI1_IRQHandler                          0x080001a3   Thumb Code     0  startup_stm32f10x_md.o(.text)
    SPI2_IRQHandler                          0x080001a3   Thumb Code     0  startup_stm32f10x_md.o(.text)
    TAMPER_IRQHandler                        0x080001a3   Thumb Code     0  startup_stm32f10x_md.o(.text)
    TIM1_BRK_IRQHandler                      0x080001a3   Thumb Code     0  startup_stm32f10x_md.o(.text)
    TIM1_CC_IRQHandler                       0x080001a3   Thumb Code     0  startup_stm32f10x_md.o(.text)
    TIM1_TRG_COM_IRQHandler                  0x080001a3   Thumb Code     0  startup_stm32f10x_md.o(.text)
    TIM1_UP_IRQHandler                       0x080001a3   Thumb Code     0  startup_stm32f10x_md.o(.text)
    TIM2_IRQHandler                          0x080001a3   Thumb Code     0  startup_stm32f10x_md.o(.text)
    TIM3_IRQHandler                          0x080001a3   Thumb Code     0  startup_stm32f10x_md.o(.text)
    TIM4_IRQHandler                          0x080001a3   Thumb Code     0  startup_stm32f10x_md.o(.text)
    USART2_IRQHandler                        0x080001a3   Thumb Code     0  startup_stm32f10x_md.o(.text)
    USART3_IRQHandler                        0x080001a3   Thumb Code     0  startup_stm32f10x_md.o(.text)
    USBWakeUp_IRQHandler                     0x080001a3   Thumb Code     0  startup_stm32f10x_md.o(.text)
    USB_HP_CAN1_TX_IRQHandler                0x080001a3   Thumb Code     0  startup_stm32f10x_md.o(.text)
    USB_LP_CAN1_RX0_IRQHandler               0x080001a3   Thumb Code     0  startup_stm32f10x_md.o(.text)
    WWDG_IRQHandler                          0x080001a3   Thumb Code     0  startup_stm32f10x_md.o(.text)
    __user_initial_stackheap                 0x080001a5   Thumb Code     0  startup_stm32f10x_md.o(.text)
    rt_hw_interrupt_disable                  0x080001c9   Thumb Code     8  context_rvds.o(.text)
    rt_hw_interrupt_enable                   0x080001d1   Thumb Code     6  context_rvds.o(.text)
    rt_hw_context_switch                     0x080001d7   Thumb Code    32  context_rvds.o(.text)
    rt_hw_context_switch_interrupt           0x080001d7   Thumb Code     0  context_rvds.o(.text)
    PendSV_Handler                           0x080001f7   Thumb Code    60  context_rvds.o(.text)
    rt_hw_context_switch_to                  0x08000233   Thumb Code    58  context_rvds.o(.text)
    rt_hw_interrupt_thread_switch            0x0800026d   Thumb Code     2  context_rvds.o(.text)
    HardFault_Handler                        0x0800026f   Thumb Code    52  context_rvds.o(.text)
    strcpy                                   0x080002bd   Thumb Code    72  strcpy.o(.text)
    strlen                                   0x08000305   Thumb Code    62  strlen.o(.text)
    strncmp                                  0x08000343   Thumb Code   150  strncmp.o(.text)
    strcat                                   0x080003d9   Thumb Code    24  strcat.o(.text)
    __aeabi_memcpy4                          0x080003f1   Thumb Code     0  rt_memcpy_w.o(.text)
    __aeabi_memcpy8                          0x080003f1   Thumb Code     0  rt_memcpy_w.o(.text)
    __rt_memcpy_w                            0x080003f1   Thumb Code   100  rt_memcpy_w.o(.text)
    _memcpy_lastbytes_aligned                0x08000439   Thumb Code     0  rt_memcpy_w.o(.text)
    __aeabi_memclr                           0x08000455   Thumb Code     0  rt_memclr.o(.text)
    __rt_memclr                              0x08000455   Thumb Code    68  rt_memclr.o(.text)
    _memset                                  0x08000459   Thumb Code     0  rt_memclr.o(.text)
    __aeabi_memclr4                          0x08000499   Thumb Code     0  rt_memclr_w.o(.text)
    __aeabi_memclr8                          0x08000499   Thumb Code     0  rt_memclr_w.o(.text)
    __rt_memclr_w                            0x08000499   Thumb Code    78  rt_memclr_w.o(.text)
    _memset_w                                0x0800049d   Thumb Code     0  rt_memclr_w.o(.text)
    strncpy                                  0x080004e7   Thumb Code    86  strncpy.o(.text)
    __use_two_region_memory                  0x0800053d   Thumb Code     2  heapauxi.o(.text)
    __rt_heap_escrow$2region                 0x0800053f   Thumb Code     2  heapauxi.o(.text)
    __rt_heap_expand$2region                 0x08000541   Thumb Code     2  heapauxi.o(.text)
    __user_setup_stackheap                   0x08000543   Thumb Code    74  sys_stackheap_outer.o(.text)
    exit                                     0x0800058d   Thumb Code    18  exit.o(.text)
    __user_libspace                          0x080005a1   Thumb Code     8  libspace.o(.text)
    __user_perproc_libspace                  0x080005a1   Thumb Code     0  libspace.o(.text)
    __user_perthread_libspace                0x080005a1   Thumb Code     0  libspace.o(.text)
    _sys_exit                                0x080005a9   Thumb Code     8  sys_exit.o(.text)
    __I$use$semihosting                      0x080005b5   Thumb Code     0  use_no_semi.o(.text)
    __use_no_semihosting_swi                 0x080005b5   Thumb Code     2  use_no_semi.o(.text)
    __semihosting_library_function           0x080005b7   Thumb Code     0  indicate_semi.o(.text)
    main                                     0x080005b7   Thumb Code    10  components.o(i.$Sub$$main)
    GPIO_Init                                0x080005c1   Thumb Code   278  stm32f10x_gpio.o(i.GPIO_Init)
    NVIC_Init                                0x080006d9   Thumb Code   100  misc.o(i.NVIC_Init)
    RCC_APB2PeriphClockCmd                   0x08000749   Thumb Code    26  stm32f10x_rcc.o(i.RCC_APB2PeriphClockCmd)
    RCC_GetClocksFreq                        0x08000769   Thumb Code   192  stm32f10x_rcc.o(i.RCC_GetClocksFreq)
    SysTick_Handler                          0x08000925   Thumb Code    16  board.o(i.SysTick_Handler)
    SystemCoreClockUpdate                    0x08000935   Thumb Code   142  system_stm32f10x.o(i.SystemCoreClockUpdate)
    SystemInit                               0x080009d9   Thumb Code    78  system_stm32f10x.o(i.SystemInit)
    USART1_IRQHandler                        0x08000a39   Thumb Code    38  board.o(i.USART1_IRQHandler)
    USART_Cmd                                0x08000a6d   Thumb Code    24  stm32f10x_usart.o(i.USART_Cmd)
    USART_GetFlagStatus                      0x08000a85   Thumb Code    26  stm32f10x_usart.o(i.USART_GetFlagStatus)
    USART_ITConfig                           0x08000a9f   Thumb Code    74  stm32f10x_usart.o(i.USART_ITConfig)
    USART_Init                               0x08000ae9   Thumb Code   210  stm32f10x_usart.o(i.USART_Init)
    USART_SendData                           0x08000bc1   Thumb Code     8  stm32f10x_usart.o(i.USART_SendData)
    __rt_ffs                                 0x08000bf9   Thumb Code    70  kservice.o(i.__rt_ffs)
    cmd_free                                 0x08000eb5   Thumb Code    14  msh.o(i.cmd_free)
    cmd_ps                                   0x08000ec3   Thumb Code    14  msh.o(i.cmd_ps)
    finsh_get_prompt                         0x08000ed1   Thumb Code    84  shell.o(i.finsh_get_prompt)
    finsh_set_prompt_mode                    0x08000f4d   Thumb Code    22  shell.o(i.finsh_set_prompt_mode)
    finsh_system_function_init               0x08000f69   Thumb Code    10  shell.o(i.finsh_system_function_init)
    finsh_system_init                        0x08000f7d   Thumb Code    98  shell.o(i.finsh_system_init)
    finsh_thread_entry                       0x08001019   Thumb Code   936  shell.o(i.finsh_thread_entry)
    get_adc                                  0x080013e1   Thumb Code    24  thread_mw.o(i.get_adc)
    hello                                    0x0800147d   Thumb Code    12  cmd.o(i.hello)
    list                                     0x0800149d   Thumb Code    52  cmd.o(i.list)
    list_mailbox                             0x080015a9   Thumb Code   224  cmd.o(i.list_mailbox)
    list_mem                                 0x08001705   Thumb Code    34  mem.o(i.list_mem)
    list_sem                                 0x0800177d   Thumb Code   216  cmd.o(i.list_sem)
    list_thread                              0x080018b5   Thumb Code   294  cmd.o(i.list_thread)
    list_timer                               0x08001a99   Thumb Code   190  cmd.o(i.list_timer)
    $Super$$main                             0x08001bf9   Thumb Code   118  main.o(i.main)
    main_thread_entry                        0x08001cf5   Thumb Code    14  components.o(i.main_thread_entry)
    msh_auto_complete                        0x08001ded   Thumb Code   138  msh.o(i.msh_auto_complete)
    msh_exec                                 0x08001e8d   Thumb Code    82  msh.o(i.msh_exec)
    msh_help                                 0x08001f55   Thumb Code    64  msh.o(i.msh_help)
    msh_is_used                              0x08001fc9   Thumb Code     4  msh.o(i.msh_is_used)
    rt_application_init                      0x080022e9   Thumb Code    32  components.o(i.rt_application_init)
    rt_calloc                                0x08002315   Thumb Code    34  mem.o(i.rt_calloc)
    rt_components_board_init                 0x08002339   Thumb Code    20  components.o(i.rt_components_board_init)
    rt_components_init                       0x08002355   Thumb Code    20  components.o(i.rt_components_init)
    rt_enter_critical                        0x08002371   Thumb Code    28  scheduler.o(i.rt_enter_critical)
    rt_exit_critical                         0x08002391   Thumb Code    60  scheduler.o(i.rt_exit_critical)
    rt_free                                  0x080023d5   Thumb Code   128  mem.o(i.rt_free)
    rt_heap_begin_get                        0x080024b5   Thumb Code     4  board.o(i.rt_heap_begin_get)
    rt_heap_end_get                          0x080024bd   Thumb Code     4  board.o(i.rt_heap_end_get)
    rt_hw_board_init                         0x080024c5   Thumb Code    56  board.o(i.rt_hw_board_init)
    rt_hw_console_getchar                    0x08002501   Thumb Code    36  board.o(i.rt_hw_console_getchar)
    rt_hw_console_output                     0x0800252d   Thumb Code    84  board.o(i.rt_hw_console_output)
    rt_hw_hard_fault_exception               0x08002585   Thumb Code   198  cpuport.o(i.rt_hw_hard_fault_exception)
    rt_hw_stack_init                         0x0800278d   Thumb Code    70  cpuport.o(i.rt_hw_stack_init)
    rt_interrupt_enter                       0x080027d9   Thumb Code    26  irq.o(i.rt_interrupt_enter)
    rt_interrupt_leave                       0x080027f9   Thumb Code    26  irq.o(i.rt_interrupt_leave)
    rt_kprintf                               0x080028a9   Thumb Code    44  kservice.o(i.rt_kprintf)
    rt_malloc                                0x0800298d   Thumb Code   336  mem.o(i.rt_malloc)
    rt_memmove                               0x08002af9   Thumb Code    66  kservice.o(i.rt_memmove)
    rt_memset                                0x08002b3b   Thumb Code    72  kservice.o(i.rt_memset)
    rt_object_allocate                       0x08002b83   Thumb Code    84  object.o(i.rt_object_allocate)
    rt_object_delete                         0x08002bd7   Thumb Code    36  object.o(i.rt_object_delete)
    rt_object_detach                         0x08002bfb   Thumb Code    30  object.o(i.rt_object_detach)
    rt_object_get_information                0x08002c19   Thumb Code    36  object.o(i.rt_object_get_information)
    rt_object_init                           0x08002c41   Thumb Code    86  object.o(i.rt_object_init)
    rt_object_is_systemobject                0x08002c97   Thumb Code    18  object.o(i.rt_object_is_systemobject)
    rt_schedule                              0x08002ca9   Thumb Code   106  scheduler.o(i.rt_schedule)
    rt_schedule_insert_thread                0x08002d2d   Thumb Code    72  scheduler.o(i.rt_schedule_insert_thread)
    rt_schedule_remove_thread                0x08002d7d   Thumb Code    76  scheduler.o(i.rt_schedule_remove_thread)
    rt_sem_init                              0x08002dd1   Thumb Code    38  ipc.o(i.rt_sem_init)
    rt_sem_release                           0x08002df7   Thumb Code    58  ipc.o(i.rt_sem_release)
    rt_sem_take                              0x08002e31   Thumb Code   116  ipc.o(i.rt_sem_take)
    rt_show_version                          0x08002ea5   Thumb Code    38  kservice.o(i.rt_show_version)
    rt_strlen                                0x08002f55   Thumb Code    18  kservice.o(i.rt_strlen)
    rt_strncpy                               0x08002f67   Thumb Code    52  kservice.o(i.rt_strncpy)
    rt_system_heap_init                      0x08002f9d   Thumb Code   160  mem.o(i.rt_system_heap_init)
    rt_system_scheduler_init                 0x08003095   Thumb Code    52  scheduler.o(i.rt_system_scheduler_init)
    rt_system_scheduler_start                0x080030e1   Thumb Code    36  scheduler.o(i.rt_system_scheduler_start)
    rt_system_timer_init                     0x08003111   Thumb Code    24  timer.o(i.rt_system_timer_init)
    rt_system_timer_thread_init              0x0800312d   Thumb Code     2  timer.o(i.rt_system_timer_thread_init)
    rt_thread_create                         0x0800312f   Thumb Code    80  thread.o(i.rt_thread_create)
    rt_thread_delay                          0x0800317f   Thumb Code    12  thread.o(i.rt_thread_delay)
    rt_thread_exit                           0x0800318d   Thumb Code    76  thread.o(i.rt_thread_exit)
    rt_thread_idle_excute                    0x080031e9   Thumb Code   134  idle.o(i.rt_thread_idle_excute)
    rt_thread_idle_init                      0x08003275   Thumb Code    38  idle.o(i.rt_thread_idle_init)
    rt_thread_init                           0x080032b1   Thumb Code    52  thread.o(i.rt_thread_init)
    rt_thread_resume                         0x080032e5   Thumb Code    60  thread.o(i.rt_thread_resume)
    rt_thread_self                           0x08003321   Thumb Code     6  thread.o(i.rt_thread_self)
    rt_thread_sleep                          0x0800332d   Thumb Code    62  thread.o(i.rt_thread_sleep)
    rt_thread_startup                        0x08003371   Thumb Code    44  thread.o(i.rt_thread_startup)
    rt_thread_suspend                        0x0800339d   Thumb Code    68  thread.o(i.rt_thread_suspend)
    rt_thread_timeout                        0x080033e1   Thumb Code    32  thread.o(i.rt_thread_timeout)
    rt_thread_yield                          0x08003401   Thumb Code    92  thread.o(i.rt_thread_yield)
    rt_tick_get                              0x08003465   Thumb Code     6  clock.o(i.rt_tick_get)
    rt_tick_increase                         0x08003471   Thumb Code    42  clock.o(i.rt_tick_increase)
    rt_timer_check                           0x080034a1   Thumb Code   118  timer.o(i.rt_timer_check)
    rt_timer_control                         0x0800351d   Thumb Code    56  timer.o(i.rt_timer_control)
    rt_timer_detach                          0x08003555   Thumb Code    32  timer.o(i.rt_timer_detach)
    rt_timer_init                            0x08003575   Thumb Code    46  timer.o(i.rt_timer_init)
    rt_timer_start                           0x080035a5   Thumb Code   238  timer.o(i.rt_timer_start)
    rt_timer_stop                            0x0800369d   Thumb Code    48  timer.o(i.rt_timer_stop)
    rt_vsnprintf                             0x080036cd   Thumb Code   808  kservice.o(i.rt_vsnprintf)
    rtthread_startup                         0x08003a0d   Thumb Code    42  components.o(i.rtthread_startup)
    send_data                                0x08003a39   Thumb Code    24  thread_mw.o(i.send_data)
    time_thread                              0x08003b05   Thumb Code   138  thread_mw.o(i.time_thread)
    uart_init                                0x08003bd9   Thumb Code   152  board.o(i.uart_init)
    version                                  0x08003d61   Thumb Code    10  cmd.o(i.version)
    __fsym_hello_name                        0x08003d6a   Data           6  cmd.o(.constdata)
    __fsym_version_name                      0x08003d70   Data           8  cmd.o(.constdata)
    __fsym___cmd_version_name                0x08003d78   Data          14  cmd.o(.constdata)
    __fsym_list_thread_name                  0x08003d86   Data          12  cmd.o(.constdata)
    __fsym___cmd_list_thread_name            0x08003d92   Data          18  cmd.o(.constdata)
    __fsym_list_sem_name                     0x08003da4   Data           9  cmd.o(.constdata)
    __fsym___cmd_list_sem_name               0x08003dad   Data          15  cmd.o(.constdata)
    __fsym_list_mailbox_name                 0x08003dbc   Data          13  cmd.o(.constdata)
    __fsym___cmd_list_mailbox_name           0x08003dc9   Data          19  cmd.o(.constdata)
    __fsym_list_timer_name                   0x08003ddc   Data          11  cmd.o(.constdata)
    __fsym___cmd_list_timer_name             0x08003de7   Data          17  cmd.o(.constdata)
    __fsym_list_name                         0x08003df8   Data           5  cmd.o(.constdata)
    __fsym___cmd_help_name                   0x08003dfd   Data          11  msh.o(.constdata)
    __fsym___cmd_ps_name                     0x08003e08   Data           9  msh.o(.constdata)
    __fsym___cmd_free_name                   0x08003e11   Data          11  msh.o(.constdata)
    __lowest_bit_bitmap                      0x08003e1c   Data         256  kservice.o(.constdata)
    __fsym_list_mem_name                     0x08003f3e   Data           9  mem.o(.constdata)
    __rt_init_rti_start                      0x08003f8c   Data           4  components.o(.rti_fn.0)
    __rt_init_rti_board_start                0x08003f90   Data           4  components.o(.rti_fn.0.end)
    __rt_init_rti_board_end                  0x08003f94   Data           4  components.o(.rti_fn.1.end)
    __rt_init_finsh_system_init              0x08003f98   Data           4  shell.o(.rti_fn.6)
    __rt_init_rti_end                        0x08003f9c   Data           4  components.o(.rti_fn.6.end)
    FSymTab$$Base                            0x08003fa0   Number         0  cmd.o(FSymTab)
    __fsym_hello                             0x08003fa0   Data           8  cmd.o(FSymTab)
    __fsym_version                           0x08003fa8   Data           8  cmd.o(FSymTab)
    __fsym___cmd_version                     0x08003fb0   Data           8  cmd.o(FSymTab)
    __fsym_list_thread                       0x08003fb8   Data           8  cmd.o(FSymTab)
    __fsym___cmd_list_thread                 0x08003fc0   Data           8  cmd.o(FSymTab)
    __fsym_list_sem                          0x08003fc8   Data           8  cmd.o(FSymTab)
    __fsym___cmd_list_sem                    0x08003fd0   Data           8  cmd.o(FSymTab)
    __fsym_list_mailbox                      0x08003fd8   Data           8  cmd.o(FSymTab)
    __fsym___cmd_list_mailbox                0x08003fe0   Data           8  cmd.o(FSymTab)
    __fsym_list_timer                        0x08003fe8   Data           8  cmd.o(FSymTab)
    __fsym___cmd_list_timer                  0x08003ff0   Data           8  cmd.o(FSymTab)
    __fsym_list                              0x08003ff8   Data           8  cmd.o(FSymTab)
    __fsym___cmd_help                        0x08004000   Data           8  msh.o(FSymTab)
    __fsym___cmd_ps                          0x08004008   Data           8  msh.o(FSymTab)
    __fsym___cmd_free                        0x08004010   Data           8  msh.o(FSymTab)
    __fsym_list_mem                          0x08004018   Data           8  mem.o(FSymTab)
    FSymTab$$Limit                           0x08004020   Number         0  mem.o(FSymTab)
    Region$$Table$$Base                      0x08004020   Number         0  anon$$obj.o(Region$$Table)
    Region$$Table$$Limit                     0x08004040   Number         0  anon$$obj.o(Region$$Table)
    tid1                                     0x20000000   Data           4  main.o(.data)
    tid2                                     0x20000004   Data           4  main.o(.data)
    tid_time                                 0x20000008   Data           4  main.o(.data)
    time_x                                   0x2000000c   Data           2  thread_mw.o(.data)
    time_xx                                  0x2000000e   Data           2  thread_mw.o(.data)
    SystemCoreClock                          0x20000024   Data           4  system_stm32f10x.o(.data)
    AHBPrescTable                            0x20000028   Data          16  system_stm32f10x.o(.data)
    _syscall_table_begin                     0x20000038   Data           4  shell.o(.data)
    _syscall_table_end                       0x2000003c   Data           4  shell.o(.data)
    _sysvar_table_begin                      0x20000040   Data           4  shell.o(.data)
    _sysvar_table_end                        0x20000044   Data           4  shell.o(.data)
    shell                                    0x20000048   Data           4  shell.o(.data)
    rt_interrupt_from_thread                 0x20000050   Data           4  cpuport.o(.data)
    rt_interrupt_to_thread                   0x20000054   Data           4  cpuport.o(.data)
    rt_thread_switch_interrupt_flag          0x20000058   Data           4  cpuport.o(.data)
    rt_interrupt_nest                        0x20000064   Data           1  irq.o(.data)
    rt_current_thread                        0x200000c4   Data           4  scheduler.o(.data)
    rt_current_priority                      0x200000c8   Data           1  scheduler.o(.data)
    rt_thread_ready_priority_group           0x200000cc   Data           4  scheduler.o(.data)
    rt_thread_defunct                        0x200000d0   Data           8  scheduler.o(.data)
    res_t1                                   0x200000e4   Data           1  board.o(.data)
    flag                                     0x200000e5   Data           1  board.o(.data)
    rt_thread_priority_table                 0x20000384   Data          64  scheduler.o(.bss)
    __libspace_start                         0x200013c4   Data          96  libspace.o(.bss)
    __temporary_stack_top$libspace           0x20001424   Data           0  libspace.o(.bss)



==============================================================================

Memory Map of the image

  Image Entry point : 0x080000ed

  Load Region LR_IROM1 (Base: 0x08000000, Size: 0x00004128, Max: 0x00010000, ABSOLUTE)

    Execution Region ER_IROM1 (Exec base: 0x08000000, Load base: 0x08000000, Size: 0x00004040, Max: 0x00010000, ABSOLUTE)

    Exec Addr    Load Addr    Size         Type   Attr      Idx    E Section Name        Object

    0x08000000   0x08000000   0x000000ec   Data   RO          731    RESET               startup_stm32f10x_md.o
    0x080000ec   0x080000ec   0x00000008   Code   RO         2119  * !!!main             c_w.l(__main.o)
    0x080000f4   0x080000f4   0x00000034   Code   RO         2276    !!!scatter          c_w.l(__scatter.o)
    0x08000128   0x08000128   0x0000001a   Code   RO         2278    !!handler_copy      c_w.l(__scatter_copy.o)
    0x08000142   0x08000142   0x00000002   PAD
    0x08000144   0x08000144   0x0000001c   Code   RO         2280    !!handler_zi        c_w.l(__scatter_zi.o)
    0x08000160   0x08000160   0x00000002   Code   RO         2146    .ARM.Collect$$libinit$$00000000  c_w.l(libinit.o)
    0x08000162   0x08000162   0x00000000   Code   RO         2153    .ARM.Collect$$libinit$$00000002  c_w.l(libinit2.o)
    0x08000162   0x08000162   0x00000000   Code   RO         2155    .ARM.Collect$$libinit$$00000004  c_w.l(libinit2.o)
    0x08000162   0x08000162   0x00000000   Code   RO         2158    .ARM.Collect$$libinit$$0000000A  c_w.l(libinit2.o)
    0x08000162   0x08000162   0x00000000   Code   RO         2160    .ARM.Collect$$libinit$$0000000C  c_w.l(libinit2.o)
    0x08000162   0x08000162   0x00000000   Code   RO         2162    .ARM.Collect$$libinit$$0000000E  c_w.l(libinit2.o)
    0x08000162   0x08000162   0x00000000   Code   RO         2165    .ARM.Collect$$libinit$$00000011  c_w.l(libinit2.o)
    0x08000162   0x08000162   0x00000000   Code   RO         2167    .ARM.Collect$$libinit$$00000013  c_w.l(libinit2.o)
    0x08000162   0x08000162   0x00000000   Code   RO         2169    .ARM.Collect$$libinit$$00000015  c_w.l(libinit2.o)
    0x08000162   0x08000162   0x00000000   Code   RO         2171    .ARM.Collect$$libinit$$00000017  c_w.l(libinit2.o)
    0x08000162   0x08000162   0x00000000   Code   RO         2173    .ARM.Collect$$libinit$$00000019  c_w.l(libinit2.o)
    0x08000162   0x08000162   0x00000000   Code   RO         2175    .ARM.Collect$$libinit$$0000001B  c_w.l(libinit2.o)
    0x08000162   0x08000162   0x00000000   Code   RO         2177    .ARM.Collect$$libinit$$0000001D  c_w.l(libinit2.o)
    0x08000162   0x08000162   0x00000000   Code   RO         2179    .ARM.Collect$$libinit$$0000001F  c_w.l(libinit2.o)
    0x08000162   0x08000162   0x00000000   Code   RO         2181    .ARM.Collect$$libinit$$00000021  c_w.l(libinit2.o)
    0x08000162   0x08000162   0x00000000   Code   RO         2183    .ARM.Collect$$libinit$$00000023  c_w.l(libinit2.o)
    0x08000162   0x08000162   0x00000000   Code   RO         2185    .ARM.Collect$$libinit$$00000025  c_w.l(libinit2.o)
    0x08000162   0x08000162   0x00000000   Code   RO         2189    .ARM.Collect$$libinit$$0000002C  c_w.l(libinit2.o)
    0x08000162   0x08000162   0x00000000   Code   RO         2191    .ARM.Collect$$libinit$$0000002E  c_w.l(libinit2.o)
    0x08000162   0x08000162   0x00000000   Code   RO         2193    .ARM.Collect$$libinit$$00000030  c_w.l(libinit2.o)
    0x08000162   0x08000162   0x00000000   Code   RO         2195    .ARM.Collect$$libinit$$00000032  c_w.l(libinit2.o)
    0x08000162   0x08000162   0x00000002   Code   RO         2196    .ARM.Collect$$libinit$$00000033  c_w.l(libinit2.o)
    0x08000164   0x08000164   0x00000002   Code   RO         2216    .ARM.Collect$$libshutdown$$00000000  c_w.l(libshutdown.o)
    0x08000166   0x08000166   0x00000000   Code   RO         2229    .ARM.Collect$$libshutdown$$00000002  c_w.l(libshutdown2.o)
    0x08000166   0x08000166   0x00000000   Code   RO         2231    .ARM.Collect$$libshutdown$$00000004  c_w.l(libshutdown2.o)
    0x08000166   0x08000166   0x00000000   Code   RO         2234    .ARM.Collect$$libshutdown$$00000007  c_w.l(libshutdown2.o)
    0x08000166   0x08000166   0x00000000   Code   RO         2237    .ARM.Collect$$libshutdown$$0000000A  c_w.l(libshutdown2.o)
    0x08000166   0x08000166   0x00000000   Code   RO         2239    .ARM.Collect$$libshutdown$$0000000C  c_w.l(libshutdown2.o)
    0x08000166   0x08000166   0x00000000   Code   RO         2242    .ARM.Collect$$libshutdown$$0000000F  c_w.l(libshutdown2.o)
    0x08000166   0x08000166   0x00000002   Code   RO         2243    .ARM.Collect$$libshutdown$$00000010  c_w.l(libshutdown2.o)
    0x08000168   0x08000168   0x00000000   Code   RO         2121    .ARM.Collect$$rtentry$$00000000  c_w.l(__rtentry.o)
    0x08000168   0x08000168   0x00000000   Code   RO         2123    .ARM.Collect$$rtentry$$00000002  c_w.l(__rtentry2.o)
    0x08000168   0x08000168   0x00000006   Code   RO         2135    .ARM.Collect$$rtentry$$00000004  c_w.l(__rtentry4.o)
    0x0800016e   0x0800016e   0x00000000   Code   RO         2125    .ARM.Collect$$rtentry$$00000009  c_w.l(__rtentry2.o)
    0x0800016e   0x0800016e   0x00000004   Code   RO         2126    .ARM.Collect$$rtentry$$0000000A  c_w.l(__rtentry2.o)
    0x08000172   0x08000172   0x00000000   Code   RO         2128    .ARM.Collect$$rtentry$$0000000C  c_w.l(__rtentry2.o)
    0x08000172   0x08000172   0x00000008   Code   RO         2129    .ARM.Collect$$rtentry$$0000000D  c_w.l(__rtentry2.o)
    0x0800017a   0x0800017a   0x00000002   Code   RO         2150    .ARM.Collect$$rtexit$$00000000  c_w.l(rtexit.o)
    0x0800017c   0x0800017c   0x00000000   Code   RO         2198    .ARM.Collect$$rtexit$$00000002  c_w.l(rtexit2.o)
    0x0800017c   0x0800017c   0x00000004   Code   RO         2199    .ARM.Collect$$rtexit$$00000003  c_w.l(rtexit2.o)
    0x08000180   0x08000180   0x00000006   Code   RO         2200    .ARM.Collect$$rtexit$$00000004  c_w.l(rtexit2.o)
    0x08000186   0x08000186   0x00000002   PAD
    0x08000188   0x08000188   0x00000040   Code   RO          732    .text               startup_stm32f10x_md.o
    0x080001c8   0x080001c8   0x000000f4   Code   RO         1042    .text               context_rvds.o
    0x080002bc   0x080002bc   0x00000048   Code   RO         2101    .text               c_w.l(strcpy.o)
    0x08000304   0x08000304   0x0000003e   Code   RO         2103    .text               c_w.l(strlen.o)
    0x08000342   0x08000342   0x00000096   Code   RO         2105    .text               c_w.l(strncmp.o)
    0x080003d8   0x080003d8   0x00000018   Code   RO         2107    .text               c_w.l(strcat.o)
    0x080003f0   0x080003f0   0x00000064   Code   RO         2109    .text               c_w.l(rt_memcpy_w.o)
    0x08000454   0x08000454   0x00000044   Code   RO         2111    .text               c_w.l(rt_memclr.o)
    0x08000498   0x08000498   0x0000004e   Code   RO         2113    .text               c_w.l(rt_memclr_w.o)
    0x080004e6   0x080004e6   0x00000056   Code   RO         2115    .text               c_w.l(strncpy.o)
    0x0800053c   0x0800053c   0x00000006   Code   RO         2117    .text               c_w.l(heapauxi.o)
    0x08000542   0x08000542   0x0000004a   Code   RO         2137    .text               c_w.l(sys_stackheap_outer.o)
    0x0800058c   0x0800058c   0x00000012   Code   RO         2139    .text               c_w.l(exit.o)
    0x0800059e   0x0800059e   0x00000002   PAD
    0x080005a0   0x080005a0   0x00000008   Code   RO         2147    .text               c_w.l(libspace.o)
    0x080005a8   0x080005a8   0x0000000c   Code   RO         2208    .text               c_w.l(sys_exit.o)
    0x080005b4   0x080005b4   0x00000002   Code   RO         2219    .text               c_w.l(use_no_semi.o)
    0x080005b6   0x080005b6   0x00000000   Code   RO         2221    .text               c_w.l(indicate_semi.o)
    0x080005b6   0x080005b6   0x0000000a   Code   RO         1143    i.$Sub$$main        components.o
    0x080005c0   0x080005c0   0x00000116   Code   RO          208    i.GPIO_Init         stm32f10x_gpio.o
    0x080006d6   0x080006d6   0x00000002   PAD
    0x080006d8   0x080006d8   0x00000070   Code   RO          154    i.NVIC_Init         misc.o
    0x08000748   0x08000748   0x00000020   Code   RO          332    i.RCC_APB2PeriphClockCmd  stm32f10x_rcc.o
    0x08000768   0x08000768   0x000000d4   Code   RO          340    i.RCC_GetClocksFreq  stm32f10x_rcc.o
    0x0800083c   0x0800083c   0x00000008   Code   RO          739    i.SetSysClock       system_stm32f10x.o
    0x08000844   0x08000844   0x000000e0   Code   RO          740    i.SetSysClockTo72   system_stm32f10x.o
    0x08000924   0x08000924   0x00000010   Code   RO         2027    i.SysTick_Handler   board.o
    0x08000934   0x08000934   0x000000a4   Code   RO          741    i.SystemCoreClockUpdate  system_stm32f10x.o
    0x080009d8   0x080009d8   0x00000060   Code   RO          742    i.SystemInit        system_stm32f10x.o
    0x08000a38   0x08000a38   0x00000034   Code   RO         2028    i.USART1_IRQHandler  board.o
    0x08000a6c   0x08000a6c   0x00000018   Code   RO          544    i.USART_Cmd         stm32f10x_usart.o
    0x08000a84   0x08000a84   0x0000001a   Code   RO          547    i.USART_GetFlagStatus  stm32f10x_usart.o
    0x08000a9e   0x08000a9e   0x0000004a   Code   RO          550    i.USART_ITConfig    stm32f10x_usart.o
    0x08000ae8   0x08000ae8   0x000000d8   Code   RO          551    i.USART_Init        stm32f10x_usart.o
    0x08000bc0   0x08000bc0   0x00000008   Code   RO          561    i.USART_SendData    stm32f10x_usart.o
    0x08000bc8   0x08000bc8   0x00000030   Code   RO         2029    i._SysTick_Config   board.o
    0x08000bf8   0x08000bf8   0x0000004c   Code   RO         1418    i.__rt_ffs          kservice.o
    0x08000c44   0x08000c44   0x00000014   Code   RO         1211    i._has_defunct_thread  idle.o
    0x08000c58   0x08000c58   0x0000006a   Code   RO          881    i._msh_exec_cmd     msh.o
    0x08000cc2   0x08000cc2   0x00000002   PAD
    0x08000cc4   0x08000cc4   0x00000084   Code   RO         1796    i._rt_thread_init   thread.o
    0x08000d48   0x08000d48   0x00000042   Code   RO         1917    i._rt_timer_init    timer.o
    0x08000d8a   0x08000d8a   0x0000002e   Code   RO         1918    i._rt_timer_remove  timer.o
    0x08000db8   0x08000db8   0x000000fc   Code   RO         1046    i.bus_fault_track   cpuport.o
    0x08000eb4   0x08000eb4   0x0000000e   Code   RO          882    i.cmd_free          msh.o
    0x08000ec2   0x08000ec2   0x0000000e   Code   RO          883    i.cmd_ps            msh.o
    0x08000ed0   0x08000ed0   0x00000074   Code   RO          954    i.finsh_get_prompt  shell.o
    0x08000f44   0x08000f44   0x00000008   Code   RO          956    i.finsh_getchar     shell.o
    0x08000f4c   0x08000f4c   0x0000001c   Code   RO          959    i.finsh_set_prompt_mode  shell.o
    0x08000f68   0x08000f68   0x00000014   Code   RO          960    i.finsh_system_function_init  shell.o
    0x08000f7c   0x08000f7c   0x0000009c   Code   RO          961    i.finsh_system_init  shell.o
    0x08001018   0x08001018   0x000003c8   Code   RO          963    i.finsh_thread_entry  shell.o
    0x080013e0   0x080013e0   0x0000001c   Code   RO          111    i.get_adc           thread_mw.o
    0x080013fc   0x080013fc   0x00000080   Code   RO         1047    i.hard_fault_track  cpuport.o
    0x0800147c   0x0800147c   0x00000020   Code   RO          782    i.hello             cmd.o
    0x0800149c   0x0800149c   0x00000058   Code   RO          783    i.list              cmd.o
    0x080014f4   0x080014f4   0x0000002a   Code   RO          784    i.list_find_init    cmd.o
    0x0800151e   0x0800151e   0x00000088   Code   RO          785    i.list_get_next     cmd.o
    0x080015a6   0x080015a6   0x00000002   PAD
    0x080015a8   0x080015a8   0x0000015c   Code   RO          786    i.list_mailbox      cmd.o
    0x08001704   0x08001704   0x00000078   Code   RO         1595    i.list_mem          mem.o
    0x0800177c   0x0800177c   0x00000138   Code   RO          787    i.list_sem          cmd.o
    0x080018b4   0x080018b4   0x000001e4   Code   RO          788    i.list_thread       cmd.o
    0x08001a98   0x08001a98   0x00000160   Code   RO          789    i.list_timer        cmd.o
    0x08001bf8   0x08001bf8   0x000000fc   Code   RO            4    i.main              main.o
    0x08001cf4   0x08001cf4   0x0000000e   Code   RO         1144    i.main_thread_entry  components.o
    0x08001d02   0x08001d02   0x00000002   PAD
    0x08001d04   0x08001d04   0x000000e8   Code   RO         1048    i.mem_manage_fault_track  cpuport.o
    0x08001dec   0x08001dec   0x000000a0   Code   RO          884    i.msh_auto_complete  msh.o
    0x08001e8c   0x08001e8c   0x0000006c   Code   RO          885    i.msh_exec          msh.o
    0x08001ef8   0x08001ef8   0x0000005c   Code   RO          886    i.msh_get_cmd       msh.o
    0x08001f54   0x08001f54   0x00000074   Code   RO          887    i.msh_help          msh.o
    0x08001fc8   0x08001fc8   0x00000004   Code   RO          888    i.msh_is_used       msh.o
    0x08001fcc   0x08001fcc   0x000000f0   Code   RO          889    i.msh_split         msh.o
    0x080020bc   0x080020bc   0x0000001c   Code   RO          790    i.object_split      cmd.o
    0x080020d8   0x080020d8   0x00000078   Code   RO         1596    i.plug_holes        mem.o
    0x08002150   0x08002150   0x00000198   Code   RO         1420    i.print_number      kservice.o
    0x080022e8   0x080022e8   0x0000002c   Code   RO         1145    i.rt_application_init  components.o
    0x08002314   0x08002314   0x00000022   Code   RO         1597    i.rt_calloc         mem.o
    0x08002336   0x08002336   0x00000002   PAD
    0x08002338   0x08002338   0x0000001c   Code   RO         1146    i.rt_components_board_init  components.o
    0x08002354   0x08002354   0x0000001c   Code   RO         1147    i.rt_components_init  components.o
    0x08002370   0x08002370   0x00000020   Code   RO         1730    i.rt_enter_critical  scheduler.o
    0x08002390   0x08002390   0x00000044   Code   RO         1731    i.rt_exit_critical  scheduler.o
    0x080023d4   0x080023d4   0x000000e0   Code   RO         1598    i.rt_free           mem.o
    0x080024b4   0x080024b4   0x00000008   Code   RO         2030    i.rt_heap_begin_get  board.o
    0x080024bc   0x080024bc   0x00000008   Code   RO         2031    i.rt_heap_end_get   board.o
    0x080024c4   0x080024c4   0x0000003c   Code   RO         2032    i.rt_hw_board_init  board.o
    0x08002500   0x08002500   0x0000002c   Code   RO         2033    i.rt_hw_console_getchar  board.o
    0x0800252c   0x0800252c   0x00000058   Code   RO         2034    i.rt_hw_console_output  board.o
    0x08002584   0x08002584   0x00000208   Code   RO         1052    i.rt_hw_hard_fault_exception  cpuport.o
    0x0800278c   0x0800278c   0x0000004c   Code   RO         1053    i.rt_hw_stack_init  cpuport.o
    0x080027d8   0x080027d8   0x00000020   Code   RO         1391    i.rt_interrupt_enter  irq.o
    0x080027f8   0x080027f8   0x00000020   Code   RO         1393    i.rt_interrupt_leave  irq.o
    0x08002818   0x08002818   0x00000014   Code   RO         1251    i.rt_ipc_list_resume  ipc.o
    0x0800282c   0x0800282c   0x0000006c   Code   RO         1253    i.rt_ipc_list_suspend  ipc.o
    0x08002898   0x08002898   0x00000010   Code   RO         1254    i.rt_ipc_object_init  ipc.o
    0x080028a8   0x080028a8   0x00000030   Code   RO         1424    i.rt_kprintf        kservice.o
    0x080028d8   0x080028d8   0x00000006   Code   RO         1255    i.rt_list_init      ipc.o
    0x080028de   0x080028de   0x00000006   Code   RO         1732    i.rt_list_init      scheduler.o
    0x080028e4   0x080028e4   0x00000006   Code   RO         1919    i.rt_list_init      timer.o
    0x080028ea   0x080028ea   0x0000000e   Code   RO         1654    i.rt_list_insert_after  object.o
    0x080028f8   0x080028f8   0x0000000e   Code   RO         1797    i.rt_list_insert_after  thread.o
    0x08002906   0x08002906   0x0000000e   Code   RO         1920    i.rt_list_insert_after  timer.o
    0x08002914   0x08002914   0x0000000e   Code   RO         1256    i.rt_list_insert_before  ipc.o
    0x08002922   0x08002922   0x00000010   Code   RO          791    i.rt_list_isempty   cmd.o
    0x08002932   0x08002932   0x00000010   Code   RO         1257    i.rt_list_isempty   ipc.o
    0x08002942   0x08002942   0x00000010   Code   RO         1921    i.rt_list_isempty   timer.o
    0x08002952   0x08002952   0x00000014   Code   RO          792    i.rt_list_len       cmd.o
    0x08002966   0x08002966   0x00000012   Code   RO         1655    i.rt_list_remove    object.o
    0x08002978   0x08002978   0x00000012   Code   RO         1798    i.rt_list_remove    thread.o
    0x0800298a   0x0800298a   0x00000002   PAD
    0x0800298c   0x0800298c   0x0000016c   Code   RO         1599    i.rt_malloc         mem.o
    0x08002af8   0x08002af8   0x00000042   Code   RO         1429    i.rt_memmove        kservice.o
    0x08002b3a   0x08002b3a   0x00000048   Code   RO         1430    i.rt_memset         kservice.o
    0x08002b82   0x08002b82   0x00000054   Code   RO         1656    i.rt_object_allocate  object.o
    0x08002bd6   0x08002bd6   0x00000024   Code   RO         1657    i.rt_object_delete  object.o
    0x08002bfa   0x08002bfa   0x0000001e   Code   RO         1658    i.rt_object_detach  object.o
    0x08002c18   0x08002c18   0x00000028   Code   RO         1660    i.rt_object_get_information  object.o
    0x08002c40   0x08002c40   0x00000056   Code   RO         1662    i.rt_object_init    object.o
    0x08002c96   0x08002c96   0x00000012   Code   RO         1663    i.rt_object_is_systemobject  object.o
    0x08002ca8   0x08002ca8   0x00000084   Code   RO         1733    i.rt_schedule       scheduler.o
    0x08002d2c   0x08002d2c   0x00000050   Code   RO         1734    i.rt_schedule_insert_thread  scheduler.o
    0x08002d7c   0x08002d7c   0x00000054   Code   RO         1735    i.rt_schedule_remove_thread  scheduler.o
    0x08002dd0   0x08002dd0   0x00000026   Code   RO         1270    i.rt_sem_init       ipc.o
    0x08002df6   0x08002df6   0x0000003a   Code   RO         1271    i.rt_sem_release    ipc.o
    0x08002e30   0x08002e30   0x00000074   Code   RO         1272    i.rt_sem_take       ipc.o
    0x08002ea4   0x08002ea4   0x000000b0   Code   RO         1432    i.rt_show_version   kservice.o
    0x08002f54   0x08002f54   0x00000012   Code   RO         1438    i.rt_strlen         kservice.o
    0x08002f66   0x08002f66   0x00000034   Code   RO         1440    i.rt_strncpy        kservice.o
    0x08002f9a   0x08002f9a   0x00000002   PAD
    0x08002f9c   0x08002f9c   0x000000f8   Code   RO         1602    i.rt_system_heap_init  mem.o
    0x08003094   0x08003094   0x0000004c   Code   RO         1736    i.rt_system_scheduler_init  scheduler.o
    0x080030e0   0x080030e0   0x00000030   Code   RO         1737    i.rt_system_scheduler_start  scheduler.o
    0x08003110   0x08003110   0x0000001c   Code   RO         1922    i.rt_system_timer_init  timer.o
    0x0800312c   0x0800312c   0x00000002   Code   RO         1923    i.rt_system_timer_thread_init  timer.o
    0x0800312e   0x0800312e   0x00000050   Code   RO         1800    i.rt_thread_create  thread.o
    0x0800317e   0x0800317e   0x0000000c   Code   RO         1801    i.rt_thread_delay   thread.o
    0x0800318a   0x0800318a   0x00000002   PAD
    0x0800318c   0x0800318c   0x00000054   Code   RO         1804    i.rt_thread_exit    thread.o
    0x080031e0   0x080031e0   0x00000008   Code   RO         1212    i.rt_thread_idle_entry  idle.o
    0x080031e8   0x080031e8   0x0000008c   Code   RO         1213    i.rt_thread_idle_excute  idle.o
    0x08003274   0x08003274   0x0000003c   Code   RO         1215    i.rt_thread_idle_init  idle.o
    0x080032b0   0x080032b0   0x00000034   Code   RO         1806    i.rt_thread_init    thread.o
    0x080032e4   0x080032e4   0x0000003c   Code   RO         1808    i.rt_thread_resume  thread.o
    0x08003320   0x08003320   0x0000000c   Code   RO         1809    i.rt_thread_self    thread.o
    0x0800332c   0x0800332c   0x00000044   Code   RO         1810    i.rt_thread_sleep   thread.o
    0x08003370   0x08003370   0x0000002c   Code   RO         1811    i.rt_thread_startup  thread.o
    0x0800339c   0x0800339c   0x00000044   Code   RO         1812    i.rt_thread_suspend  thread.o
    0x080033e0   0x080033e0   0x00000020   Code   RO         1813    i.rt_thread_timeout  thread.o
    0x08003400   0x08003400   0x00000064   Code   RO         1814    i.rt_thread_yield   thread.o
    0x08003464   0x08003464   0x0000000c   Code   RO         1107    i.rt_tick_get       clock.o
    0x08003470   0x08003470   0x00000030   Code   RO         1108    i.rt_tick_increase  clock.o
    0x080034a0   0x080034a0   0x0000007c   Code   RO         1924    i.rt_timer_check    timer.o
    0x0800351c   0x0800351c   0x00000038   Code   RO         1925    i.rt_timer_control  timer.o
    0x08003554   0x08003554   0x00000020   Code   RO         1928    i.rt_timer_detach   timer.o
    0x08003574   0x08003574   0x0000002e   Code   RO         1929    i.rt_timer_init     timer.o
    0x080035a2   0x080035a2   0x00000002   PAD
    0x080035a4   0x080035a4   0x000000f8   Code   RO         1932    i.rt_timer_start    timer.o
    0x0800369c   0x0800369c   0x00000030   Code   RO         1933    i.rt_timer_stop     timer.o
    0x080036cc   0x080036cc   0x00000330   Code   RO         1443    i.rt_vsnprintf      kservice.o
    0x080039fc   0x080039fc   0x00000004   Code   RO         1148    i.rti_board_end     components.o
    0x08003a00   0x08003a00   0x00000004   Code   RO         1149    i.rti_board_start   components.o
    0x08003a04   0x08003a04   0x00000004   Code   RO         1150    i.rti_end           components.o
    0x08003a08   0x08003a08   0x00000004   Code   RO         1151    i.rti_start         components.o
    0x08003a0c   0x08003a0c   0x0000002a   Code   RO         1152    i.rtthread_startup  components.o
    0x08003a36   0x08003a36   0x00000002   PAD
    0x08003a38   0x08003a38   0x0000001c   Code   RO          112    i.send_data         thread_mw.o
    0x08003a54   0x08003a54   0x00000038   Code   RO          964    i.shell_auto_complete  shell.o
    0x08003a8c   0x08003a8c   0x00000030   Code   RO          793    i.show_wait_queue   cmd.o
    0x08003abc   0x08003abc   0x00000026   Code   RO         1445    i.skip_atoi         kservice.o
    0x08003ae2   0x08003ae2   0x00000020   Code   RO          890    i.str_common        msh.o
    0x08003b02   0x08003b02   0x00000002   PAD
    0x08003b04   0x08003b04   0x000000d4   Code   RO          113    i.time_thread       thread_mw.o
    0x08003bd8   0x08003bd8   0x000000a0   Code   RO         2035    i.uart_init         board.o
    0x08003c78   0x08003c78   0x000000e8   Code   RO         1054    i.usage_fault_track  cpuport.o
    0x08003d60   0x08003d60   0x0000000a   Code   RO          794    i.version           cmd.o
    0x08003d6a   0x08003d6a   0x00000093   Data   RO          795    .constdata          cmd.o
    0x08003dfd   0x08003dfd   0x0000001f   Data   RO          891    .constdata          msh.o
    0x08003e1c   0x08003e1c   0x00000122   Data   RO         1447    .constdata          kservice.o
    0x08003f3e   0x08003f3e   0x00000009   Data   RO         1604    .constdata          mem.o
    0x08003f47   0x08003f47   0x00000001   PAD
    0x08003f48   0x08003f48   0x00000044   Data   RO          796    .conststring        cmd.o
    0x08003f8c   0x08003f8c   0x00000004   Data   RO         1153    .rti_fn.0           components.o
    0x08003f90   0x08003f90   0x00000004   Data   RO         1154    .rti_fn.0.end       components.o
    0x08003f94   0x08003f94   0x00000004   Data   RO         1155    .rti_fn.1.end       components.o
    0x08003f98   0x08003f98   0x00000004   Data   RO          967    .rti_fn.6           shell.o
    0x08003f9c   0x08003f9c   0x00000004   Data   RO         1156    .rti_fn.6.end       components.o
    0x08003fa0   0x08003fa0   0x00000060   Data   RO          797    FSymTab             cmd.o
    0x08004000   0x08004000   0x00000018   Data   RO          892    FSymTab             msh.o
    0x08004018   0x08004018   0x00000008   Data   RO         1606    FSymTab             mem.o
    0x08004020   0x08004020   0x00000020   Data   RO         2274    Region$$Table       anon$$obj.o


    Execution Region RW_IRAM1 (Exec base: 0x20000000, Load base: 0x08004040, Size: 0x00001a28, Max: 0x00005000, ABSOLUTE)

    Exec Addr    Load Addr    Size         Type   Attr      Idx    E Section Name        Object

    0x20000000   0x08004040   0x0000000c   Data   RW            5    .data               main.o
    0x2000000c   0x0800404c   0x00000004   Data   RW          114    .data               thread_mw.o
    0x20000010   0x08004050   0x00000014   Data   RW          360    .data               stm32f10x_rcc.o
    0x20000024   0x08004064   0x00000014   Data   RW          743    .data               system_stm32f10x.o
    0x20000038   0x08004078   0x00000018   Data   RW          966    .data               shell.o
    0x20000050   0x08004090   0x00000010   Data   RW         1055    .data               cpuport.o
    0x20000060   0x080040a0   0x00000004   Data   RW         1110    .data               clock.o
    0x20000064   0x080040a4   0x00000001   Data   RW         1394    .data               irq.o
    0x20000065   0x080040a5   0x00000003   PAD
    0x20000068   0x080040a8   0x00000018   Data   RW         1605    .data               mem.o
    0x20000080   0x080040c0   0x00000040   Data   RW         1665    .data               object.o
    0x200000c0   0x08004100   0x00000018   Data   RW         1739    .data               scheduler.o
    0x200000d8   0x08004118   0x0000000c   Data   RW         1934    .data               timer.o
    0x200000e4   0x08004124   0x00000002   Data   RW         2037    .data               board.o
    0x200000e6   0x08004126   0x00000002   PAD
    0x200000e8        -       0x00000081   Zero   RW          965    .bss                shell.o
    0x20000169   0x08004126   0x00000003   PAD
    0x2000016c        -       0x00000178   Zero   RW         1216    .bss                idle.o
    0x200002e4        -       0x00000080   Zero   RW         1446    .bss                kservice.o
    0x20000364        -       0x00000020   Zero   RW         1603    .bss                mem.o
    0x20000384        -       0x00000040   Zero   RW         1738    .bss                scheduler.o
    0x200003c4        -       0x00001000   Zero   RW         2036    .bss                board.o
    0x200013c4        -       0x00000060   Zero   RW         2148    .bss                c_w.l(libspace.o)
    0x20001424   0x08004126   0x00000004   PAD
    0x20001428        -       0x00000200   Zero   RW          730    HEAP                startup_stm32f10x_md.o
    0x20001628        -       0x00000400   Zero   RW          729    STACK               startup_stm32f10x_md.o


==============================================================================

Image component sizes


      Code (inc. data)   RO Data    RW Data    ZI Data      Debug   Object Name

       484         50          0          2       4096       5468   board.o
        60         12          0          4          0       1269   clock.o
      1916        642        311          0          0      15082   cmd.o
       182         28         16          0          0       6428   components.o
       244         26          0          0          0        860   context_rvds.o
      1440        724          0         16          0       5942   cpuport.o
       228         32          0          0        376       5994   idle.o
       392          0          0          0          0       8837   ipc.o
        64         12          0          1          0       1854   irq.o
      1770        164        290          0        128      10085   kservice.o
       252        134          0         12          0     239546   main.o
      1110        310         17         24         32       5662   mem.o
       112         12          0          0          0       1396   misc.o
       886        154         55          0          0       9833   msh.o
       326          4          0         64          0       8792   object.o
       526         90          0         24         64       9106   scheduler.o
      1352        152          4         24        129      10724   shell.o
        64         26        236          0       1536        788   startup_stm32f10x_md.o
       278          0          0          0          0       2336   stm32f10x_gpio.o
       244         26          0         20          0       4337   stm32f10x_rcc.o
       348          6          0          0          0       5593   stm32f10x_usart.o
       492         50          0         20          0       2873   system_stm32f10x.o
       776         36          0          0          0      12527   thread.o
       268         82          0          4          0       1645   thread_mw.o
       732         20          0         12          0      11940   timer.o

    ----------------------------------------------------------------------
     14568       2792        962        232       6364     388917   Object Totals
         0          0         32          0          0          0   (incl. Generated)
        22          0          1          5          3          0   (incl. Padding)

    ----------------------------------------------------------------------

      Code (inc. data)   RO Data    RW Data    ZI Data      Debug   Library Member Name

         8          0          0          0          0         68   __main.o
         0          0          0          0          0          0   __rtentry.o
        12          0          0          0          0          0   __rtentry2.o
         6          0          0          0          0          0   __rtentry4.o
        52          8          0          0          0          0   __scatter.o
        26          0          0          0          0          0   __scatter_copy.o
        28          0          0          0          0          0   __scatter_zi.o
        18          0          0          0          0         80   exit.o
         6          0          0          0          0        152   heapauxi.o
         0          0          0          0          0          0   indicate_semi.o
         2          0          0          0          0          0   libinit.o
         2          0          0          0          0          0   libinit2.o
         2          0          0          0          0          0   libshutdown.o
         2          0          0          0          0          0   libshutdown2.o
         8          4          0          0         96         68   libspace.o
        68          0          0          0          0         68   rt_memclr.o
        78          0          0          0          0         80   rt_memclr_w.o
       100          0          0          0          0         80   rt_memcpy_w.o
         2          0          0          0          0          0   rtexit.o
        10          0          0          0          0          0   rtexit2.o
        24          0          0          0          0         68   strcat.o
        72          0          0          0          0         80   strcpy.o
        62          0          0          0          0         76   strlen.o
       150          0          0          0          0         80   strncmp.o
        86          0          0          0          0         76   strncpy.o
        12          4          0          0          0         68   sys_exit.o
        74          0          0          0          0         80   sys_stackheap_outer.o
         2          0          0          0          0         68   use_no_semi.o

    ----------------------------------------------------------------------
       918         16          0          0        100       1192   Library Totals
         6          0          0          0          4          0   (incl. Padding)

    ----------------------------------------------------------------------

      Code (inc. data)   RO Data    RW Data    ZI Data      Debug   Library Name

       912         16          0          0         96       1192   c_w.l

    ----------------------------------------------------------------------
       918         16          0          0        100       1192   Library Totals

    ----------------------------------------------------------------------

==============================================================================


      Code (inc. data)   RO Data    RW Data    ZI Data      Debug   

     15486       2808        962        232       6464     382045   Grand Totals
     15486       2808        962        232       6464     382045   ELF Image Totals
     15486       2808        962        232          0          0   ROM Totals

==============================================================================

    Total RO  Size (Code + RO Data)                16448 (  16.06kB)
    Total RW  Size (RW Data + ZI Data)              6696 (   6.54kB)
    Total ROM Size (Code + RO Data + RW Data)      16680 (  16.29kB)

==============================================================================

